Archive member included because of file (symbol)

C:\Users\Yu Zhe\AppData\Local\arduino15\packages\arduino\hardware\sam\1.6.11\variants\arduino_due_x/libsam_sam3x8e_gcc_rel.a(pio.o)
                              C:\Users\Yu Zhe\AppData\Local\Temp\VMBuilds\arduino\arduino_due_x_dbg\Debug\variant\variant.cpp.o (PIO_Configure)
C:\Users\Yu Zhe\AppData\Local\arduino15\packages\arduino\hardware\sam\1.6.11\variants\arduino_due_x/libsam_sam3x8e_gcc_rel.a(pmc.o)
                              C:\Users\Yu Zhe\AppData\Local\Temp\VMBuilds\arduino\arduino_due_x_dbg\Debug\variant\variant.cpp.o (pmc_enable_periph_clk)
C:\Users\Yu Zhe\AppData\Local\arduino15\packages\arduino\hardware\sam\1.6.11\variants\arduino_due_x/libsam_sam3x8e_gcc_rel.a(system_sam3xa.o)
                              C:\Users\Yu Zhe\AppData\Local\Temp\VMBuilds\arduino\arduino_due_x_dbg\Debug\variant\variant.cpp.o (SystemInit)
C:\Users\Yu Zhe\AppData\Local\arduino15\packages\arduino\hardware\sam\1.6.11\variants\arduino_due_x/libsam_sam3x8e_gcc_rel.a(startup_sam3xa.o)
                              (Reset_Handler)
C:\Users\Yu Zhe\AppData\Local\arduino15\packages\arduino\hardware\sam\1.6.11\variants\arduino_due_x/libsam_sam3x8e_gcc_rel.a(adc.o)
                              C:\Users\Yu Zhe\AppData\Local\Temp\VMBuilds\arduino\arduino_due_x_dbg\Debug\variant\variant.cpp.o (adc_init)
C:\Users\Yu Zhe\AppData\Local\arduino15\packages\arduino\hardware\sam\1.6.11\variants\arduino_due_x/libsam_sam3x8e_gcc_rel.a(uotghs.o)
                              C:\Users\Yu Zhe\AppData\Local\arduino15\packages\arduino\hardware\sam\1.6.11\variants\arduino_due_x/libsam_sam3x8e_gcc_rel.a(startup_sam3xa.o) (UOTGHS_Handler)
C:\Users\Yu Zhe\AppData\Local\Temp\VMBuilds\arduino\arduino_due_x_dbg\Debug/core.a(cortex_handlers.c.o)
                              C:\Users\Yu Zhe\AppData\Local\arduino15\packages\arduino\hardware\sam\1.6.11\variants\arduino_due_x/libsam_sam3x8e_gcc_rel.a(startup_sam3xa.o) (NMI_Handler)
C:\Users\Yu Zhe\AppData\Local\Temp\VMBuilds\arduino\arduino_due_x_dbg\Debug/core.a(hooks.c.o)
                              C:\Users\Yu Zhe\AppData\Local\Temp\VMBuilds\arduino\arduino_due_x_dbg\Debug/core.a(cortex_handlers.c.o) (sysTickHook)
C:\Users\Yu Zhe\AppData\Local\Temp\VMBuilds\arduino\arduino_due_x_dbg\Debug/core.a(syscalls_sam3.c.o)
                              (_sbrk)
C:\Users\Yu Zhe\AppData\Local\Temp\VMBuilds\arduino\arduino_due_x_dbg\Debug/core.a(WInterrupts.c.o)
                              C:\Users\Yu Zhe\AppData\Local\Temp\VMBuilds\arduino\arduino_due_x_dbg\Debug\arduino.cpp.o (attachInterrupt)
C:\Users\Yu Zhe\AppData\Local\Temp\VMBuilds\arduino\arduino_due_x_dbg\Debug/core.a(wiring.c.o)
                              C:\Users\Yu Zhe\AppData\Local\Temp\VMBuilds\arduino\arduino_due_x_dbg\Debug\Arduino-PID-Library-master\PID_v1.cpp.o (millis)
C:\Users\Yu Zhe\AppData\Local\Temp\VMBuilds\arduino\arduino_due_x_dbg\Debug/core.a(wiring_analog.c.o)
                              C:\Users\Yu Zhe\AppData\Local\Temp\VMBuilds\arduino\arduino_due_x_dbg\Debug\variant\variant.cpp.o (analogOutputInit)
C:\Users\Yu Zhe\AppData\Local\Temp\VMBuilds\arduino\arduino_due_x_dbg\Debug/core.a(wiring_digital.c.o)
                              C:\Users\Yu Zhe\AppData\Local\Temp\VMBuilds\arduino\arduino_due_x_dbg\Debug\arduino.cpp.o (pinMode)
C:\Users\Yu Zhe\AppData\Local\Temp\VMBuilds\arduino\arduino_due_x_dbg\Debug/core.a(main.cpp.o)
                              c:/users/yu zhe/appdata/local/arduino15/packages/arduino/tools/arm-none-eabi-gcc/4.8.3-2014q1/bin/../lib/gcc/arm-none-eabi/4.8.3/../../../../arm-none-eabi/lib/armv7-m/crt0.o (main)
C:\Users\Yu Zhe\AppData\Local\Temp\VMBuilds\arduino\arduino_due_x_dbg\Debug/core.a(Print.cpp.o)
                              C:\Users\Yu Zhe\AppData\Local\Temp\VMBuilds\arduino\arduino_due_x_dbg\Debug\arduino.cpp.o (Print::print(char const*))
C:\Users\Yu Zhe\AppData\Local\Temp\VMBuilds\arduino\arduino_due_x_dbg\Debug/core.a(Reset.cpp.o)
                              C:\Users\Yu Zhe\AppData\Local\Temp\VMBuilds\arduino\arduino_due_x_dbg\Debug/core.a(cortex_handlers.c.o) (tickReset)
C:\Users\Yu Zhe\AppData\Local\Temp\VMBuilds\arduino\arduino_due_x_dbg\Debug/core.a(RingBuffer.cpp.o)
                              C:\Users\Yu Zhe\AppData\Local\Temp\VMBuilds\arduino\arduino_due_x_dbg\Debug\variant\variant.cpp.o (RingBuffer::RingBuffer())
C:\Users\Yu Zhe\AppData\Local\Temp\VMBuilds\arduino\arduino_due_x_dbg\Debug/core.a(UARTClass.cpp.o)
                              C:\Users\Yu Zhe\AppData\Local\Temp\VMBuilds\arduino\arduino_due_x_dbg\Debug\variant\variant.cpp.o (UARTClass::available())
C:\Users\Yu Zhe\AppData\Local\Temp\VMBuilds\arduino\arduino_due_x_dbg\Debug/core.a(USARTClass.cpp.o)
                              C:\Users\Yu Zhe\AppData\Local\Temp\VMBuilds\arduino\arduino_due_x_dbg\Debug\arduino.cpp.o (USARTClass::begin(unsigned long))
[...]
Memory Configuration

Name             Origin             Length             Attributes
rom              0x00080000         0x00080000         xr
sram0            0x20000000         0x00010000         xrw
sram1            0x20080000         0x00008000         xrw
ram              0x20070000         0x00018000         xrw
*default*        0x00000000         0xffffffff

Linker script and memory map

LOAD c:/users/yu zhe/appdata/local/arduino15/packages/arduino/tools/arm-none-eabi-gcc/4.8.3-2014q1/bin/../lib/gcc/arm-none-eabi/4.8.3/armv7-m/crti.o
LOAD c:/users/yu zhe/appdata/local/arduino15/packages/arduino/tools/arm-none-eabi-gcc/4.8.3-2014q1/bin/../lib/gcc/arm-none-eabi/4.8.3/armv7-m/crtbegin.o
LOAD c:/users/yu zhe/appdata/local/arduino15/packages/arduino/tools/arm-none-eabi-gcc/4.8.3-2014q1/bin/../lib/gcc/arm-none-eabi/4.8.3/../../../../arm-none-eabi/lib/armv7-m/crt0.o
START GROUP
LOAD C:\Users\Yu Zhe\AppData\Local\Temp\VMBuilds\arduino\arduino_due_x_dbg\Debug\arduino.cpp.o
LOAD C:\Users\Yu Zhe\AppData\Local\Temp\VMBuilds\arduino\arduino_due_x_dbg\Debug\Arduino-PID-Library-master\PID_v1.cpp.o
LOAD C:\Users\Yu Zhe\AppData\Local\Temp\VMBuilds\arduino\arduino_due_x_dbg\Debug\Sabertooth\Sabertooth.cpp.o
LOAD C:\Users\Yu Zhe\AppData\Local\Temp\VMBuilds\arduino\arduino_due_x_dbg\Debug\VM_DBG\VM_DBG.cpp.o
LOAD C:\Users\Yu Zhe\AppData\Local\Temp\VMBuilds\arduino\arduino_due_x_dbg\Debug\VM_DBG\VM_mem_check_sam.cpp.o
LOAD C:\Users\Yu Zhe\AppData\Local\Temp\VMBuilds\arduino\arduino_due_x_dbg\Debug\variant\variant.cpp.o
LOAD C:\Users\Yu Zhe\AppData\Local\arduino15\packages\arduino\hardware\sam\1.6.11\variants\arduino_due_x/libsam_sam3x8e_gcc_rel.a
LOAD C:\Users\Yu Zhe\AppData\Local\Temp\VMBuilds\arduino\arduino_due_x_dbg\Debug/core.a
END GROUP
LOAD c:/users/yu zhe/appdata/local/arduino15/packages/arduino/tools/arm-none-eabi-gcc/4.8.3-2014q1/bin/../lib/gcc/arm-none-eabi/4.8.3/../../../../arm-none-eabi/lib/armv7-m\libm.a
START GROUP
LOAD c:/users/yu zhe/appdata/local/arduino15/packages/arduino/tools/arm-none-eabi-gcc/4.8.3-2014q1/bin/../lib/gcc/arm-none-eabi/4.8.3/armv7-m\libgcc.a
LOAD c:/users/yu zhe/appdata/local/arduino15/packages/arduino/tools/arm-none-eabi-gcc/4.8.3-2014q1/bin/../lib/gcc/arm-none-eabi/4.8.3/../../../../arm-none-eabi/lib/armv7-m\libg.a
LOAD c:/users/yu zhe/appdata/local/arduino15/packages/arduino/tools/arm-none-eabi-gcc/4.8.3-2014q1/bin/../lib/gcc/arm-none-eabi/4.8.3/../../../../arm-none-eabi/lib/armv7-m\libc.a
END GROUP
LOAD c:/users/yu zhe/appdata/local/arduino15/packages/arduino/tools/arm-none-eabi-gcc/4.8.3-2014q1/bin/../lib/gcc/arm-none-eabi/4.8.3/armv7-m/crtend.o
LOAD c:/users/yu zhe/appdata/local/arduino15/packages/arduino/tools/arm-none-eabi-gcc/4.8.3-2014q1/bin/../lib/gcc/arm-none-eabi/4.8.3/armv7-m/crtn.o

.text           0x00080000     0x6414
                0x00080000                . = ALIGN (0x4)
                0x00080000                _sfixed = .
 *(.vectors .vectors.*)
 .vectors       0x00080000       0xf4 C:\Users\Yu Zhe\AppData\Local\arduino15\packages\arduino\hardware\sam\1.6.11\variants\arduino_due_x/libsam_sam3x8e_gcc_rel.a(startup_sam3xa.o)
                0x00080000                exception_table
 *(.text .text.* .gnu.linkonce.t.*)
 .text          0x000800f4       0x54 c:/users/yu zhe/appdata/local/arduino15/packages/arduino/tools/arm-none-eabi-gcc/4.8.3-2014q1/bin/../lib/gcc/arm-none-eabi/4.8.3/armv7-m/crtbegin.o
 .text.loop     0x00080148        0x2 C:\Users\Yu Zhe\AppData\Local\Temp\VMBuilds\arduino\arduino_due_x_dbg\Debug\arduino.cpp.o
                0x00080148                loop
 *fill*         0x0008014a        0x2 
 .text.startup._GLOBAL__sub_I_setup
                0x0008014c       0x60 C:\Users\Yu Zhe\AppData\Local\Temp\VMBuilds\arduino\arduino_due_x_dbg\Debug\arduino.cpp.o
 .text._Z11Serialsetupv
                0x000801ac       0x40 C:\Users\Yu Zhe\AppData\Local\Temp\VMBuilds\arduino\arduino_due_x_dbg\Debug\arduino.cpp.o
                0x000801ac                Serialsetup()
 .text.setup    0x000801ec       0x58 C:\Users\Yu Zhe\AppData\Local\Temp\VMBuilds\arduino\arduino_due_x_dbg\Debug\arduino.cpp.o
                0x000801ec                setup
 .text._ZN3PID10SetTuningsEdddi
                0x00080244       0xe8 C:\Users\Yu Zhe\AppData\Local\Temp\VMBuilds\arduino\arduino_due_x_dbg\Debug\Arduino-PID-Library-master\PID_v1.cpp.o
                0x00080244                PID::SetTunings(double, double, double, int)
 .text._ZN3PID22SetControllerDirectionEi
                0x0008032c       0x46 C:\Users\Yu Zhe\AppData\Local\Temp\VMBuilds\arduino\arduino_due_x_dbg\Debug\Arduino-PID-Library-master\PID_v1.cpp.o
                0x0008032c                PID::SetControllerDirection(int)
 *fill*         0x00080372        0x6 
 .text._ZN3PIDC2EPdS0_S0_dddii
                0x00080378       0x68 C:\Users\Yu Zhe\AppData\Local\Temp\VMBuilds\arduino\arduino_due_x_dbg\Debug\Arduino-PID-Library-master\PID_v1.cpp.o
                0x00080378                PID::PID(double*, double*, double*, double, double, double, int, int)
                0x00080378                PID::PID(double*, double*, double*, double, double, double, int, int)
 .text._ZN3PIDC2EPdS0_S0_dddi
                0x000803e0       0x30 C:\Users\Yu Zhe\AppData\Local\Temp\VMBuilds\arduino\arduino_due_x_dbg\Debug\Arduino-PID-Library-master\PID_v1.cpp.o
                0x000803e0                PID::PID(double*, double*, double*, double, double, double, int)
                0x000803e0                PID::PID(double*, double*, double*, double, double, double, int)
 .text._ZN10SabertoothC2Eh
                0x00080410        0xc C:\Users\Yu Zhe\AppData\Local\Temp\VMBuilds\arduino\arduino_due_x_dbg\Debug\Sabertooth\Sabertooth.cpp.o
                0x00080410                Sabertooth::Sabertooth(unsigned char)
                0x00080410                Sabertooth::Sabertooth(unsigned char)
 .text._ZN16VisualMicroDebug16DBG_YieldAndWaitEmb
                0x0008041c       0x1a C:\Users\Yu Zhe\AppData\Local\Temp\VMBuilds\arduino\arduino_due_x_dbg\Debug\VM_DBG\VM_DBG.cpp.o
                0x0008041c                VisualMicroDebug::DBG_YieldAndWait(unsigned long, bool)
 .text._ZN16VisualMicroDebug16DBG_YieldAndWaitEm
                0x00080436        0x6 C:\Users\Yu Zhe\AppData\Local\Temp\VMBuilds\arduino\arduino_due_x_dbg\Debug\VM_DBG\VM_DBG.cpp.o
                0x00080436                VisualMicroDebug::DBG_YieldAndWait(unsigned long)
 .text._ZN16VisualMicroDebug14outPacketStartEb
                0x0008043c       0x28 C:\Users\Yu Zhe\AppData\Local\Temp\VMBuilds\arduino\arduino_due_x_dbg\Debug\VM_DBG\VM_DBG.cpp.o
                0x0008043c                VisualMicroDebug::outPacketStart(bool)
 .text._ZN16VisualMicroDebug12outPacketEndEv
                0x00080464        0x2 C:\Users\Yu Zhe\AppData\Local\Temp\VMBuilds\arduino\arduino_due_x_dbg\Debug\VM_DBG\VM_DBG.cpp.o
                0x00080464                VisualMicroDebug::outPacketEnd()
 .text._ZN16VisualMicroDebug4initEm
                0x00080466        0xe C:\Users\Yu Zhe\AppData\Local\Temp\VMBuilds\arduino\arduino_due_x_dbg\Debug\VM_DBG\VM_DBG.cpp.o
                0x00080466                VisualMicroDebug::init(unsigned long)
 .text._ZN16VisualMicroDebug5beginEP9UARTClassm
                0x00080474       0x10 C:\Users\Yu Zhe\AppData\Local\Temp\VMBuilds\arduino\arduino_due_x_dbg\Debug\VM_DBG\VM_DBG.cpp.o
                0x00080474                VisualMicroDebug::begin(UARTClass*, unsigned long)
 .text._ZN16VisualMicroDebug4readEv
                0x00080484        0xe C:\Users\Yu Zhe\AppData\Local\Temp\VMBuilds\arduino\arduino_due_x_dbg\Debug\VM_DBG\VM_DBG.cpp.o
                0x00080484                VisualMicroDebug::read()
 .text._ZN16VisualMicroDebug9availableEv
                0x00080492        0xe C:\Users\Yu Zhe\AppData\Local\Temp\VMBuilds\arduino\arduino_due_x_dbg\Debug\VM_DBG\VM_DBG.cpp.o
                0x00080492                VisualMicroDebug::available()
 .text._ZN16VisualMicroDebug16sendContinuedACKEh
                0x000804a0       0x3c C:\Users\Yu Zhe\AppData\Local\Temp\VMBuilds\arduino\arduino_due_x_dbg\Debug\VM_DBG\VM_DBG.cpp.o
                0x000804a0                VisualMicroDebug::sendContinuedACK(unsigned char)
 .text._ZN16VisualMicroDebug9breakWaitEh
                0x000804dc       0x54 C:\Users\Yu Zhe\AppData\Local\Temp\VMBuilds\arduino\arduino_due_x_dbg\Debug\VM_DBG\VM_DBG.cpp.o
                0x000804dc                VisualMicroDebug::breakWait(unsigned char)
 .text._ZN16VisualMicroDebug5startEbb
                0x00080530       0x26 C:\Users\Yu Zhe\AppData\Local\Temp\VMBuilds\arduino\arduino_due_x_dbg\Debug\VM_DBG\VM_DBG.cpp.o
                0x00080530                VisualMicroDebug::start(bool, bool)
 *fill*         0x00080556        0x2 
 .text.startup._GLOBAL__sub_I__ZN16VisualMicroDebug16DBG_YieldAndWaitEm
                0x00080558       0x14 C:\Users\Yu Zhe\AppData\Local\Temp\VMBuilds\arduino\arduino_due_x_dbg\Debug\VM_DBG\VM_DBG.cpp.o
 .text._Z11serialEventv
                0x0008056c        0x2 C:\Users\Yu Zhe\AppData\Local\Temp\VMBuilds\arduino\arduino_due_x_dbg\Debug\variant\variant.cpp.o
                0x0008056c                serialEvent()
 *fill*         0x0008056e        0x2 
 .text.UART_Handler
                0x00080570        0xc C:\Users\Yu Zhe\AppData\Local\Temp\VMBuilds\arduino\arduino_due_x_dbg\Debug\variant\variant.cpp.o
                0x00080570                UART_Handler
 .text._Z12serialEvent1v
                0x0008057c        0x2 C:\Users\Yu Zhe\AppData\Local\Temp\VMBuilds\arduino\arduino_due_x_dbg\Debug\variant\variant.cpp.o
                0x0008057c                serialEvent1()
 .text._Z12serialEvent2v
                0x0008057e        0x2 C:\Users\Yu Zhe\AppData\Local\Temp\VMBuilds\arduino\arduino_due_x_dbg\Debug\variant\variant.cpp.o
                0x0008057e                serialEvent2()
 .text._Z12serialEvent3v
                0x00080580        0x2 C:\Users\Yu Zhe\AppData\Local\Temp\VMBuilds\arduino\arduino_due_x_dbg\Debug\variant\variant.cpp.o
                0x00080580                serialEvent3()
 *fill*         0x00080582        0x2 
 .text.USART0_Handler
                0x00080584        0xc C:\Users\Yu Zhe\AppData\Local\Temp\VMBuilds\arduino\arduino_due_x_dbg\Debug\variant\variant.cpp.o
                0x00080584                USART0_Handler
 .text.USART1_Handler
                0x00080590        0xc C:\Users\Yu Zhe\AppData\Local\Temp\VMBuilds\arduino\arduino_due_x_dbg\Debug\variant\variant.cpp.o
                0x00080590                USART1_Handler
 .text.USART3_Handler
                0x0008059c        0xc C:\Users\Yu Zhe\AppData\Local\Temp\VMBuilds\arduino\arduino_due_x_dbg\Debug\variant\variant.cpp.o
                0x0008059c                USART3_Handler
 .text.init     0x000805a8      0x128 C:\Users\Yu Zhe\AppData\Local\Temp\VMBuilds\arduino\arduino_due_x_dbg\Debug\variant\variant.cpp.o
                0x000805a8                init
 .text.startup._GLOBAL__sub_I_g_APinDescription
                0x000806d0       0xd4 C:\Users\Yu Zhe\AppData\Local\Temp\VMBuilds\arduino\arduino_due_x_dbg\Debug\variant\variant.cpp.o
 .text._Z14serialEventRunv
                0x000807a4       0x44 C:\Users\Yu Zhe\AppData\Local\Temp\VMBuilds\arduino\arduino_due_x_dbg\Debug\variant\variant.cpp.o
                0x000807a4                serialEventRun()
 .text.PIO_PullUp
                0x000807e8        0xa C:\Users\Yu Zhe\AppData\Local\arduino15\packages\arduino\hardware\sam\1.6.11\variants\arduino_due_x/libsam_sam3x8e_gcc_rel.a(pio.o)
                0x000807e8                PIO_PullUp
 .text.PIO_SetPeripheral
                0x000807f2       0x26 C:\Users\Yu Zhe\AppData\Local\arduino15\packages\arduino\hardware\sam\1.6.11\variants\arduino_due_x/libsam_sam3x8e_gcc_rel.a(pio.o)
                0x000807f2                PIO_SetPeripheral
 .text.PIO_SetInput
                0x00080818       0x26 C:\Users\Yu Zhe\AppData\Local\arduino15\packages\arduino\hardware\sam\1.6.11\variants\arduino_due_x/libsam_sam3x8e_gcc_rel.a(pio.o)
                0x00080818                PIO_SetInput
 .text.PIO_SetOutput
                0x0008083e       0x24 C:\Users\Yu Zhe\AppData\Local\arduino15\packages\arduino\hardware\sam\1.6.11\variants\arduino_due_x/libsam_sam3x8e_gcc_rel.a(pio.o)
                0x0008083e                PIO_SetOutput
 *fill*         0x00080862        0x2 
 .text.PIO_Configure
                0x00080864       0x64 C:\Users\Yu Zhe\AppData\Local\arduino15\packages\arduino\hardware\sam\1.6.11\variants\arduino_due_x/libsam_sam3x8e_gcc_rel.a(pio.o)
                0x00080864                PIO_Configure
 .text.PIO_GetOutputDataStatus
                0x000808c8       0x14 C:\Users\Yu Zhe\AppData\Local\arduino15\packages\arduino\hardware\sam\1.6.11\variants\arduino_due_x/libsam_sam3x8e_gcc_rel.a(pio.o)
                0x000808c8                PIO_GetOutputDataStatus
 .text.pmc_enable_upll_clock
                0x000808dc       0x14 C:\Users\Yu Zhe\AppData\Local\arduino15\packages\arduino\hardware\sam\1.6.11\variants\arduino_due_x/libsam_sam3x8e_gcc_rel.a(pmc.o)
                0x000808dc                pmc_enable_upll_clock
 .text.pmc_enable_periph_clk
                0x000808f0       0x44 C:\Users\Yu Zhe\AppData\Local\arduino15\packages\arduino\hardware\sam\1.6.11\variants\arduino_due_x/libsam_sam3x8e_gcc_rel.a(pmc.o)
                0x000808f0                pmc_enable_periph_clk
 .text.pmc_disable_periph_clk
                0x00080934       0x40 C:\Users\Yu Zhe\AppData\Local\arduino15\packages\arduino\hardware\sam\1.6.11\variants\arduino_due_x/libsam_sam3x8e_gcc_rel.a(pmc.o)
                0x00080934                pmc_disable_periph_clk
 .text.pmc_switch_udpck_to_upllck
                0x00080974       0x14 C:\Users\Yu Zhe\AppData\Local\arduino15\packages\arduino\hardware\sam\1.6.11\variants\arduino_due_x/libsam_sam3x8e_gcc_rel.a(pmc.o)
                0x00080974                pmc_switch_udpck_to_upllck
 .text.pmc_enable_udpck
                0x00080988        0xc C:\Users\Yu Zhe\AppData\Local\arduino15\packages\arduino\hardware\sam\1.6.11\variants\arduino_due_x/libsam_sam3x8e_gcc_rel.a(pmc.o)
                0x00080988                pmc_enable_udpck
 .text.SystemInit
                0x00080994       0x88 C:\Users\Yu Zhe\AppData\Local\arduino15\packages\arduino\hardware\sam\1.6.11\variants\arduino_due_x/libsam_sam3x8e_gcc_rel.a(system_sam3xa.o)
                0x00080994                SystemInit
 .text.Reset_Handler
                0x00080a1c       0x78 C:\Users\Yu Zhe\AppData\Local\arduino15\packages\arduino\hardware\sam\1.6.11\variants\arduino_due_x/libsam_sam3x8e_gcc_rel.a(startup_sam3xa.o)
                0x00080a1c                Reset_Handler
 .text.adc_init
                0x00080a94       0x98 C:\Users\Yu Zhe\AppData\Local\arduino15\packages\arduino\hardware\sam\1.6.11\variants\arduino_due_x/libsam_sam3x8e_gcc_rel.a(adc.o)
                0x00080a94                adc_init
 .text.adc_configure_trigger
                0x00080b2c        0xe C:\Users\Yu Zhe\AppData\Local\arduino15\packages\arduino\hardware\sam\1.6.11\variants\arduino_due_x/libsam_sam3x8e_gcc_rel.a(adc.o)
                0x00080b2c                adc_configure_trigger
 .text.adc_configure_timing
                0x00080b3a       0x1a C:\Users\Yu Zhe\AppData\Local\arduino15\packages\arduino\hardware\sam\1.6.11\variants\arduino_due_x/libsam_sam3x8e_gcc_rel.a(adc.o)
                0x00080b3a                adc_configure_timing
 .text.adc_disable_channel
                0x00080b54        0xa C:\Users\Yu Zhe\AppData\Local\arduino15\packages\arduino\hardware\sam\1.6.11\variants\arduino_due_x/libsam_sam3x8e_gcc_rel.a(adc.o)
                0x00080b54                adc_disable_channel
 .text.adc_disable_all_channel
                0x00080b5e        0x8 C:\Users\Yu Zhe\AppData\Local\arduino15\packages\arduino\hardware\sam\1.6.11\variants\arduino_due_x/libsam_sam3x8e_gcc_rel.a(adc.o)
                0x00080b5e                adc_disable_all_channel
 .text.adc_disable_interrupt
                0x00080b66        0x4 C:\Users\Yu Zhe\AppData\Local\arduino15\packages\arduino\hardware\sam\1.6.11\variants\arduino_due_x/libsam_sam3x8e_gcc_rel.a(adc.o)
                0x00080b66                adc_disable_interrupt
 *fill*         0x00080b6a        0x2 
 .text.UOTGHS_Handler
                0x00080b6c       0x10 C:\Users\Yu Zhe\AppData\Local\arduino15\packages\arduino\hardware\sam\1.6.11\variants\arduino_due_x/libsam_sam3x8e_gcc_rel.a(uotghs.o)
                0x00080b6c                UOTGHS_Handler
 .text.__halt   0x00080b7c        0x2 C:\Users\Yu Zhe\AppData\Local\Temp\VMBuilds\arduino\arduino_due_x_dbg\Debug/core.a(cortex_handlers.c.o)
                0x00080b7c                DACC_Handler
                0x00080b7c                DebugMon_Handler
                0x00080b7c                DMAC_Handler
                0x00080b7c                TRNG_Handler
                0x00080b7c                HardFault_Handler
                0x00080b7c                TC2_Handler
                0x00080b7c                TWI1_Handler
                0x00080b7c                NMI_Handler
                0x00080b7c                TC7_Handler
                0x00080b7c                ADC_Handler
                0x00080b7c                SMC_Handler
                0x00080b7c                RTT_Handler
                0x00080b7c                EFC1_Handler
                0x00080b7c                RTC_Handler
                0x00080b7c                UsageFault_Handler
                0x00080b7c                TC6_Handler
                0x00080b7c                WDT_Handler
                0x00080b7c                CAN0_Handler
                0x00080b7c                TC4_Handler
                0x00080b7c                TC1_Handler
                0x00080b7c                HSMCI_Handler
                0x00080b7c                TC3_Handler
                0x00080b7c                TWI0_Handler
                0x00080b7c                SSC_Handler
                0x00080b7c                EFC0_Handler
                0x00080b7c                PMC_Handler
                0x00080b7c                PWM_Handler
                0x00080b7c                CAN1_Handler
                0x00080b7c                MemManage_Handler
                0x00080b7c                SUPC_Handler
                0x00080b7c                TC8_Handler
                0x00080b7c                USART2_Handler
                0x00080b7c                EMAC_Handler
                0x00080b7c                BusFault_Handler
                0x00080b7c                RSTC_Handler
                0x00080b7c                TC0_Handler
                0x00080b7c                TC5_Handler
                0x00080b7c                SPI0_Handler
 .text.SVC_Handler
                0x00080b7e        0x4 C:\Users\Yu Zhe\AppData\Local\Temp\VMBuilds\arduino\arduino_due_x_dbg\Debug/core.a(cortex_handlers.c.o)
                0x00080b7e                SVC_Handler
 .text.PendSV_Handler
                0x00080b82        0x4 C:\Users\Yu Zhe\AppData\Local\Temp\VMBuilds\arduino\arduino_due_x_dbg\Debug/core.a(cortex_handlers.c.o)
                0x00080b82                PendSV_Handler
 .text.SysTick_Handler
                0x00080b86       0x16 C:\Users\Yu Zhe\AppData\Local\Temp\VMBuilds\arduino\arduino_due_x_dbg\Debug/core.a(cortex_handlers.c.o)
                0x00080b86                SysTick_Handler
 .text.__empty  0x00080b9c        0x2 C:\Users\Yu Zhe\AppData\Local\Temp\VMBuilds\arduino\arduino_due_x_dbg\Debug/core.a(hooks.c.o)
                0x00080b9c                yield
 .text.__false  0x00080b9e        0x4 C:\Users\Yu Zhe\AppData\Local\Temp\VMBuilds\arduino\arduino_due_x_dbg\Debug/core.a(hooks.c.o)
                0x00080b9e                sysTickHook
 .text.__halt   0x00080ba2        0x2 C:\Users\Yu Zhe\AppData\Local\Temp\VMBuilds\arduino\arduino_due_x_dbg\Debug/core.a(hooks.c.o)
                0x00080ba2                svcHook
                0x00080ba2                pendSVHook
 .text._sbrk    0x00080ba4       0x1c C:\Users\Yu Zhe\AppData\Local\Temp\VMBuilds\arduino\arduino_due_x_dbg\Debug/core.a(syscalls_sam3.c.o)
                0x00080ba4                _sbrk
 .text.link     0x00080bc0        0x6 C:\Users\Yu Zhe\AppData\Local\Temp\VMBuilds\arduino\arduino_due_x_dbg\Debug/core.a(syscalls_sam3.c.o)
                0x00080bc0                link
 .text._close   0x00080bc6        0x6 C:\Users\Yu Zhe\AppData\Local\Temp\VMBuilds\arduino\arduino_due_x_dbg\Debug/core.a(syscalls_sam3.c.o)
                0x00080bc6                _close
 .text._fstat   0x00080bcc        0xa C:\Users\Yu Zhe\AppData\Local\Temp\VMBuilds\arduino\arduino_due_x_dbg\Debug/core.a(syscalls_sam3.c.o)
                0x00080bcc                _fstat
 .text._isatty  0x00080bd6        0x4 C:\Users\Yu Zhe\AppData\Local\Temp\VMBuilds\arduino\arduino_due_x_dbg\Debug/core.a(syscalls_sam3.c.o)
                0x00080bd6                _isatty
 .text._lseek   0x00080bda        0x4 C:\Users\Yu Zhe\AppData\Local\Temp\VMBuilds\arduino\arduino_due_x_dbg\Debug/core.a(syscalls_sam3.c.o)
                0x00080bda                _lseek
 .text._read    0x00080bde        0x4 C:\Users\Yu Zhe\AppData\Local\Temp\VMBuilds\arduino\arduino_due_x_dbg\Debug/core.a(syscalls_sam3.c.o)
                0x00080bde                _read
 *fill*         0x00080be2        0x2 
 .text._write   0x00080be4       0x24 C:\Users\Yu Zhe\AppData\Local\Temp\VMBuilds\arduino\arduino_due_x_dbg\Debug/core.a(syscalls_sam3.c.o)
                0x00080be4                _write
 .text._exit    0x00080c08       0x10 C:\Users\Yu Zhe\AppData\Local\Temp\VMBuilds\arduino\arduino_due_x_dbg\Debug/core.a(syscalls_sam3.c.o)
                0x00080c08                _exit
 .text._kill    0x00080c18        0x2 C:\Users\Yu Zhe\AppData\Local\Temp\VMBuilds\arduino\arduino_due_x_dbg\Debug/core.a(syscalls_sam3.c.o)
                0x00080c18                _kill
 .text._getpid  0x00080c1a        0x6 C:\Users\Yu Zhe\AppData\Local\Temp\VMBuilds\arduino\arduino_due_x_dbg\Debug/core.a(syscalls_sam3.c.o)
                0x00080c1a                _getpid
 .text.PIOA_Handler
                0x00080c20       0x38 C:\Users\Yu Zhe\AppData\Local\Temp\VMBuilds\arduino\arduino_due_x_dbg\Debug/core.a(WInterrupts.c.o)
                0x00080c20                PIOA_Handler
 .text.PIOB_Handler
                0x00080c58       0x38 C:\Users\Yu Zhe\AppData\Local\Temp\VMBuilds\arduino\arduino_due_x_dbg\Debug/core.a(WInterrupts.c.o)
                0x00080c58                PIOB_Handler
 .text.PIOC_Handler
                0x00080c90       0x38 C:\Users\Yu Zhe\AppData\Local\Temp\VMBuilds\arduino\arduino_due_x_dbg\Debug/core.a(WInterrupts.c.o)
                0x00080c90                PIOC_Handler
 .text.PIOD_Handler
                0x00080cc8       0x38 C:\Users\Yu Zhe\AppData\Local\Temp\VMBuilds\arduino\arduino_due_x_dbg\Debug/core.a(WInterrupts.c.o)
                0x00080cc8                PIOD_Handler
 .text.millis   0x00080d00        0x4 C:\Users\Yu Zhe\AppData\Local\Temp\VMBuilds\arduino\arduino_due_x_dbg\Debug/core.a(wiring.c.o)
                0x00080d00                millis
 .text.delay    0x00080d04       0x1c C:\Users\Yu Zhe\AppData\Local\Temp\VMBuilds\arduino\arduino_due_x_dbg\Debug/core.a(wiring.c.o)
                0x00080d04                delay
 .text.analogOutputInit
                0x00080d20        0x2 C:\Users\Yu Zhe\AppData\Local\Temp\VMBuilds\arduino\arduino_due_x_dbg\Debug/core.a(wiring_analog.c.o)
                0x00080d20                analogOutputInit
 *fill*         0x00080d22        0x2 
 .text.pinMode  0x00080d24      0x108 C:\Users\Yu Zhe\AppData\Local\Temp\VMBuilds\arduino\arduino_due_x_dbg\Debug/core.a(wiring_digital.c.o)
                0x00080d24                pinMode
 .text.digitalWrite
                0x00080e2c       0x70 C:\Users\Yu Zhe\AppData\Local\Temp\VMBuilds\arduino\arduino_due_x_dbg\Debug/core.a(wiring_digital.c.o)
                0x00080e2c                digitalWrite
 .text.initVariant
                0x00080e9c        0x2 C:\Users\Yu Zhe\AppData\Local\Temp\VMBuilds\arduino\arduino_due_x_dbg\Debug/core.a(main.cpp.o)
                0x00080e9c                initVariant
 *fill*         0x00080e9e        0x2 
 .text.startup.main
                0x00080ea0       0x38 C:\Users\Yu Zhe\AppData\Local\Temp\VMBuilds\arduino\arduino_due_x_dbg\Debug/core.a(main.cpp.o)
                0x00080ea0                main
 .text._ZN5Print5writeEPKhj
                0x00080ed8       0x22 C:\Users\Yu Zhe\AppData\Local\Temp\VMBuilds\arduino\arduino_due_x_dbg\Debug/core.a(Print.cpp.o)
                0x00080ed8                Print::write(unsigned char const*, unsigned int)
 .text._ZN5Print5printEmi.part.3
                0x00080efa        0xc C:\Users\Yu Zhe\AppData\Local\Temp\VMBuilds\arduino\arduino_due_x_dbg\Debug/core.a(Print.cpp.o)
 .text._ZN5Print5writeEPKc
                0x00080f06       0x1e C:\Users\Yu Zhe\AppData\Local\Temp\VMBuilds\arduino\arduino_due_x_dbg\Debug/core.a(Print.cpp.o)
                0x00080f06                Print::write(char const*)
 .text._ZN5Print5printEPKc
                0x00080f24        0x8 C:\Users\Yu Zhe\AppData\Local\Temp\VMBuilds\arduino\arduino_due_x_dbg\Debug/core.a(Print.cpp.o)
                0x00080f24                Print::print(char const*)
 .text._ZN5Print11printNumberEmh
                0x00080f2c       0x3e C:\Users\Yu Zhe\AppData\Local\Temp\VMBuilds\arduino\arduino_due_x_dbg\Debug/core.a(Print.cpp.o)
                0x00080f2c                Print::printNumber(unsigned long, unsigned char)
 .text._ZN5Print5printEmi
                0x00080f6a        0xc C:\Users\Yu Zhe\AppData\Local\Temp\VMBuilds\arduino\arduino_due_x_dbg\Debug/core.a(Print.cpp.o)
                0x00080f6a                Print::print(unsigned long, int)
 .text._ZN5Print5printEhi
                0x00080f76        0x4 C:\Users\Yu Zhe\AppData\Local\Temp\VMBuilds\arduino\arduino_due_x_dbg\Debug/core.a(Print.cpp.o)
                0x00080f76                Print::print(unsigned char, int)
 *fill*         0x00080f7a        0x2 
 .text.initiateReset
                0x00080f7c        0xc C:\Users\Yu Zhe\AppData\Local\Temp\VMBuilds\arduino\arduino_due_x_dbg\Debug/core.a(Reset.cpp.o)
                0x00080f7c                initiateReset
 .text.cancelReset
                0x00080f88       0x10 C:\Users\Yu Zhe\AppData\Local\Temp\VMBuilds\arduino\arduino_due_x_dbg\Debug/core.a(Reset.cpp.o)
                0x00080f88                cancelReset
 .text.tickReset
                0x00080f98       0x20 C:\Users\Yu Zhe\AppData\Local\Temp\VMBuilds\arduino\arduino_due_x_dbg\Debug/core.a(Reset.cpp.o)
                0x00080f98                tickReset
 .text._ZN10RingBufferC2Ev
                0x00080fb8       0x1a C:\Users\Yu Zhe\AppData\Local\Temp\VMBuilds\arduino\arduino_due_x_dbg\Debug/core.a(RingBuffer.cpp.o)
                0x00080fb8                RingBuffer::RingBuffer()
                0x00080fb8                RingBuffer::RingBuffer()
 .text._ZN10RingBuffer10store_charEh
                0x00080fd2       0x1e C:\Users\Yu Zhe\AppData\Local\Temp\VMBuilds\arduino\arduino_due_x_dbg\Debug/core.a(RingBuffer.cpp.o)
                0x00080fd2                RingBuffer::store_char(unsigned char)
 .text._ZN9UARTClasscvbEv
                0x00080ff0        0x4 C:\Users\Yu Zhe\AppData\Local\Temp\VMBuilds\arduino\arduino_due_x_dbg\Debug/core.a(UARTClass.cpp.o)
                0x00080ff0                UARTClass::operator bool()
 .text._ZN9UARTClass9availableEv
                0x00080ff4       0x12 C:\Users\Yu Zhe\AppData\Local\Temp\VMBuilds\arduino\arduino_due_x_dbg\Debug/core.a(UARTClass.cpp.o)
                0x00080ff4                UARTClass::available()
 .text._ZN9UARTClass4peekEv
                0x00081006       0x1c C:\Users\Yu Zhe\AppData\Local\Temp\VMBuilds\arduino\arduino_due_x_dbg\Debug/core.a(UARTClass.cpp.o)
                0x00081006                UARTClass::peek()
 .text._ZN9UARTClass4readEv
                0x00081022       0x2a C:\Users\Yu Zhe\AppData\Local\Temp\VMBuilds\arduino\arduino_due_x_dbg\Debug/core.a(UARTClass.cpp.o)
                0x00081022                UARTClass::read()
 .text._ZN9UARTClass5flushEv
                0x0008104c       0x18 C:\Users\Yu Zhe\AppData\Local\Temp\VMBuilds\arduino\arduino_due_x_dbg\Debug/core.a(UARTClass.cpp.o)
                0x0008104c                UARTClass::flush()
 .text._ZN9UARTClass5writeEh
                0x00081064       0x54 C:\Users\Yu Zhe\AppData\Local\Temp\VMBuilds\arduino\arduino_due_x_dbg\Debug/core.a(UARTClass.cpp.o)
                0x00081064                UARTClass::write(unsigned char)
 .text._ZN9UARTClass3endEv
                0x000810b8       0x3c C:\Users\Yu Zhe\AppData\Local\Temp\VMBuilds\arduino\arduino_due_x_dbg\Debug/core.a(UARTClass.cpp.o)
                0x000810b8                UARTClass::end()
 .text._ZN9UARTClassC2EP4Uart4IRQnmP10RingBufferS4_
                0x000810f4       0x24 C:\Users\Yu Zhe\AppData\Local\Temp\VMBuilds\arduino\arduino_due_x_dbg\Debug/core.a(UARTClass.cpp.o)
                0x000810f4                UARTClass::UARTClass(Uart*, IRQn, unsigned long, RingBuffer*, RingBuffer*)
                0x000810f4                UARTClass::UARTClass(Uart*, IRQn, unsigned long, RingBuffer*, RingBuffer*)
 .text._ZN9UARTClass4initEmm
                0x00081118       0x70 C:\Users\Yu Zhe\AppData\Local\Temp\VMBuilds\arduino\arduino_due_x_dbg\Debug/core.a(UARTClass.cpp.o)
                0x00081118                UARTClass::init(unsigned long, unsigned long)
 .text._ZN9UARTClass5beginEm
                0x00081188        0x8 C:\Users\Yu Zhe\AppData\Local\Temp\VMBuilds\arduino\arduino_due_x_dbg\Debug/core.a(UARTClass.cpp.o)
                0x00081188                UARTClass::begin(unsigned long)
 .text._ZN9UARTClass10IrqHandlerEv
                0x00081190       0x5a C:\Users\Yu Zhe\AppData\Local\Temp\VMBuilds\arduino\arduino_due_x_dbg\Debug/core.a(UARTClass.cpp.o)
                0x00081190                UARTClass::IrqHandler()
 .text._ZN10USARTClass5beginEm
                0x000811ea        0x8 C:\Users\Yu Zhe\AppData\Local\Temp\VMBuilds\arduino\arduino_due_x_dbg\Debug/core.a(USARTClass.cpp.o)
                0x000811ea                USARTClass::begin(unsigned long)
 *fill*         0x000811f2        0x2 
 .text._ZN10USARTClassC2EP5Usart4IRQnmP10RingBufferS4_
                0x000811f4       0x24 C:\Users\Yu Zhe\AppData\Local\Temp\VMBuilds\arduino\arduino_due_x_dbg\Debug/core.a(USARTClass.cpp.o)
                0x000811f4                USARTClass::USARTClass(Usart*, IRQn, unsigned long, RingBuffer*, RingBuffer*)
                0x000811f4                USARTClass::USARTClass(Usart*, IRQn, unsigned long, RingBuffer*, RingBuffer*)
 .text._watchdogDefaultSetup
                0x00081218        0xc C:\Users\Yu Zhe\AppData\Local\Temp\VMBuilds\arduino\arduino_due_x_dbg\Debug/core.a(watchdog.cpp.o)
                0x00081218                _watchdogDefaultSetup
                0x00081218                watchdogSetup()
 .text.unlikely._ZL11USB_SendZlpv
                0x00081224       0x20 C:\Users\Yu Zhe\AppData\Local\Temp\VMBuilds\arduino\arduino_due_x_dbg\Debug/core.a(USBCore.cpp.o)
 .text._Z14USBD_Availablem
                0x00081244       0x2c C:\Users\Yu Zhe\AppData\Local\Temp\VMBuilds\arduino\arduino_due_x_dbg\Debug/core.a(USBCore.cpp.o)
                0x00081244                USBD_Available(unsigned long)
 .text._Z9USBD_RecvmPvm
                0x00081270       0x7c C:\Users\Yu Zhe\AppData\Local\Temp\VMBuilds\arduino\arduino_due_x_dbg\Debug/core.a(USBCore.cpp.o)
                0x00081270                USBD_Recv(unsigned long, void*, unsigned long)
 .text._Z9USBD_Recvm
                0x000812ec       0x22 C:\Users\Yu Zhe\AppData\Local\Temp\VMBuilds\arduino\arduino_due_x_dbg\Debug/core.a(USBCore.cpp.o)
                0x000812ec                USBD_Recv(unsigned long)
 *fill*         0x0008130e        0x2 
 .text._Z9USBD_SendmPKvm
                0x00081310       0x4c C:\Users\Yu Zhe\AppData\Local\Temp\VMBuilds\arduino\arduino_due_x_dbg\Debug/core.a(USBCore.cpp.o)
                0x00081310                USBD_Send(unsigned long, void const*, unsigned long)
 .text._Z16USBD_SendControlhPKvm
                0x0008135c       0x40 C:\Users\Yu Zhe\AppData\Local\Temp\VMBuilds\arduino\arduino_due_x_dbg\Debug/core.a(USBCore.cpp.o)
                0x0008135c                USBD_SendControl(unsigned char, void const*, unsigned long)
 .text.unlikely._ZL24USB_SendStringDescriptorPKhi
                0x0008139c       0x64 C:\Users\Yu Zhe\AppData\Local\Temp\VMBuilds\arduino\arduino_due_x_dbg\Debug/core.a(USBCore.cpp.o)
 .text._Z16USBD_RecvControlPvm
                0x00081400       0x1c C:\Users\Yu Zhe\AppData\Local\Temp\VMBuilds\arduino\arduino_due_x_dbg\Debug/core.a(USBCore.cpp.o)
                0x00081400                USBD_RecvControl(void*, unsigned long)
 .text._Z26USBD_ClassInterfaceRequestR8USBSetup
                0x0008141c       0x1e C:\Users\Yu Zhe\AppData\Local\Temp\VMBuilds\arduino\arduino_due_x_dbg\Debug/core.a(USBCore.cpp.o)
                0x0008141c                USBD_ClassInterfaceRequest(USBSetup&)
 .text._Z19USBD_SendInterfacesv
                0x0008143a       0x22 C:\Users\Yu Zhe\AppData\Local\Temp\VMBuilds\arduino\arduino_due_x_dbg\Debug/core.a(USBCore.cpp.o)
                0x0008143a                USBD_SendInterfaces()
 .text._Z24USBD_SendOtherInterfacesv
                0x0008145c       0x22 C:\Users\Yu Zhe\AppData\Local\Temp\VMBuilds\arduino\arduino_due_x_dbg\Debug/core.a(USBCore.cpp.o)
                0x0008145c                USBD_SendOtherInterfaces()
 .text._Z10USBD_Flushm
                0x0008147e       0x16 C:\Users\Yu Zhe\AppData\Local\Temp\VMBuilds\arduino\arduino_due_x_dbg\Debug/core.a(USBCore.cpp.o)
                0x0008147e                USBD_Flush(unsigned long)
 .text._ZN10USBDevice_C2Ev
                0x00081494       0x24 C:\Users\Yu Zhe\AppData\Local\Temp\VMBuilds\arduino\arduino_due_x_dbg\Debug/core.a(USBCore.cpp.o)
                0x00081494                USBDevice_::USBDevice_()
                0x00081494                USBDevice_::USBDevice_()
 .text._ZN10USBDevice_6attachEv
                0x000814b8       0x20 C:\Users\Yu Zhe\AppData\Local\Temp\VMBuilds\arduino\arduino_due_x_dbg\Debug/core.a(USBCore.cpp.o)
                0x000814b8                USBDevice_::attach()
 .text.startup._GLOBAL__sub_I_EndPoints
                0x000814d8        0xc C:\Users\Yu Zhe\AppData\Local\Temp\VMBuilds\arduino\arduino_due_x_dbg\Debug/core.a(USBCore.cpp.o)
 .text._ZL7USB_ISRv
                0x000814e4      0x454 C:\Users\Yu Zhe\AppData\Local\Temp\VMBuilds\arduino\arduino_due_x_dbg\Debug/core.a(USBCore.cpp.o)
 .text._ZN7Serial_9availableEv
                0x00081938       0x18 C:\Users\Yu Zhe\AppData\Local\Temp\VMBuilds\arduino\arduino_due_x_dbg\Debug/core.a(CDC.cpp.o)
                0x00081938                Serial_::available()
 .text._ZN7Serial_17availableForWriteEv
                0x00081950        0x6 C:\Users\Yu Zhe\AppData\Local\Temp\VMBuilds\arduino\arduino_due_x_dbg\Debug/core.a(CDC.cpp.o)
                0x00081950                Serial_::availableForWrite()
 *fill*         0x00081956        0x2 
 .text._ZN7Serial_4peekEv
                0x00081958       0x20 C:\Users\Yu Zhe\AppData\Local\Temp\VMBuilds\arduino\arduino_due_x_dbg\Debug/core.a(CDC.cpp.o)
                0x00081958                Serial_::peek()
 .text._ZN7Serial_5writeEh
                0x00081978       0x16 C:\Users\Yu Zhe\AppData\Local\Temp\VMBuilds\arduino\arduino_due_x_dbg\Debug/core.a(CDC.cpp.o)
                0x00081978                Serial_::write(unsigned char)
 *fill*         0x0008198e        0x2 
 .text._ZN7Serial_4readEv
                0x00081990       0x44 C:\Users\Yu Zhe\AppData\Local\Temp\VMBuilds\arduino\arduino_due_x_dbg\Debug/core.a(CDC.cpp.o)
                0x00081990                Serial_::read()
 .text._ZN7Serial_5flushEv
                0x000819d4        0x6 C:\Users\Yu Zhe\AppData\Local\Temp\VMBuilds\arduino\arduino_due_x_dbg\Debug/core.a(CDC.cpp.o)
                0x000819d4                Serial_::flush()
 *fill*         0x000819da        0x2 
 .text._ZN7Serial_6acceptEv
                0x000819dc       0x70 C:\Users\Yu Zhe\AppData\Local\Temp\VMBuilds\arduino\arduino_due_x_dbg\Debug/core.a(CDC.cpp.o)
                0x000819dc                Serial_::accept()
 .text._ZN7Serial_5writeEPKhj
                0x00081a4c       0x2c C:\Users\Yu Zhe\AppData\Local\Temp\VMBuilds\arduino\arduino_due_x_dbg\Debug/core.a(CDC.cpp.o)
                0x00081a4c                Serial_::write(unsigned char const*, unsigned int)
 .text._Z16CDC_GetInterfacePh
                0x00081a78       0x14 C:\Users\Yu Zhe\AppData\Local\Temp\VMBuilds\arduino\arduino_due_x_dbg\Debug/core.a(CDC.cpp.o)
                0x00081a78                CDC_GetInterface(unsigned char*)
 .text._Z21CDC_GetOtherInterfacePh
                0x00081a8c       0x14 C:\Users\Yu Zhe\AppData\Local\Temp\VMBuilds\arduino\arduino_due_x_dbg\Debug/core.a(CDC.cpp.o)
                0x00081a8c                CDC_GetOtherInterface(unsigned char*)
 .text._Z9CDC_SetupR8USBSetup
                0x00081aa0       0x78 C:\Users\Yu Zhe\AppData\Local\Temp\VMBuilds\arduino\arduino_due_x_dbg\Debug/core.a(CDC.cpp.o)
                0x00081aa0                CDC_Setup(USBSetup&)
 .text.startup._GLOBAL__sub_I_cdc_rx_buffer
                0x00081b18       0x1c C:\Users\Yu Zhe\AppData\Local\Temp\VMBuilds\arduino\arduino_due_x_dbg\Debug/core.a(CDC.cpp.o)
 .text._ZN13PluggableUSB_12getInterfaceEPh
                0x00081b34       0x28 C:\Users\Yu Zhe\AppData\Local\Temp\VMBuilds\arduino\arduino_due_x_dbg\Debug/core.a(PluggableUSB.cpp.o)
                0x00081b34                PluggableUSB_::getInterface(unsigned char*)
 .text._ZN13PluggableUSB_13getDescriptorER8USBSetup
                0x00081b5c       0x1c C:\Users\Yu Zhe\AppData\Local\Temp\VMBuilds\arduino\arduino_due_x_dbg\Debug/core.a(PluggableUSB.cpp.o)
                0x00081b5c                PluggableUSB_::getDescriptor(USBSetup&)
 .text._ZN13PluggableUSB_12getShortNameEPc
                0x00081b78       0x1c C:\Users\Yu Zhe\AppData\Local\Temp\VMBuilds\arduino\arduino_due_x_dbg\Debug/core.a(PluggableUSB.cpp.o)
                0x00081b78                PluggableUSB_::getShortName(char*)
 .text._ZN13PluggableUSB_5setupER8USBSetup
                0x00081b94       0x20 C:\Users\Yu Zhe\AppData\Local\Temp\VMBuilds\arduino\arduino_due_x_dbg\Debug/core.a(PluggableUSB.cpp.o)
                0x00081b94                PluggableUSB_::setup(USBSetup&)
 .text._Z12PluggableUSBv
                0x00081bb4       0x28 C:\Users\Yu Zhe\AppData\Local\Temp\VMBuilds\arduino\arduino_due_x_dbg\Debug/core.a(PluggableUSB.cpp.o)
                0x00081bb4                PluggableUSB()
 .text.TimeTick_Increment
                0x00081bdc       0x10 C:\Users\Yu Zhe\AppData\Local\arduino15\packages\arduino\hardware\sam\1.6.11\variants\arduino_due_x/libsam_sam3x8e_gcc_rel.a(timetick.o)
                0x00081bdc                TimeTick_Increment
 .text.GetTickCount
                0x00081bec        0xc C:\Users\Yu Zhe\AppData\Local\arduino15\packages\arduino\hardware\sam\1.6.11\variants\arduino_due_x/libsam_sam3x8e_gcc_rel.a(timetick.o)
                0x00081bec                GetTickCount
 .text.WDT_Disable
                0x00081bf8        0x8 C:\Users\Yu Zhe\AppData\Local\arduino15\packages\arduino\hardware\sam\1.6.11\variants\arduino_due_x/libsam_sam3x8e_gcc_rel.a(wdt.o)
                0x00081bf8                WDT_Disable
 .text.UDD_SetStack
                0x00081c00        0xc C:\Users\Yu Zhe\AppData\Local\arduino15\packages\arduino\hardware\sam\1.6.11\variants\arduino_due_x/libsam_sam3x8e_gcc_rel.a(uotghs_device.o)
                0x00081c00                UDD_SetStack
 .text.UDD_Init
                0x00081c0c       0xd0 C:\Users\Yu Zhe\AppData\Local\arduino15\packages\arduino\hardware\sam\1.6.11\variants\arduino_due_x/libsam_sam3x8e_gcc_rel.a(uotghs_device.o)
                0x00081c0c                UDD_Init
 .text.UDD_Attach
                0x00081cdc       0x50 C:\Users\Yu Zhe\AppData\Local\arduino15\packages\arduino\hardware\sam\1.6.11\variants\arduino_due_x/libsam_sam3x8e_gcc_rel.a(uotghs_device.o)
                0x00081cdc                UDD_Attach
 .text.UDD_InitEP
                0x00081d2c       0x2c C:\Users\Yu Zhe\AppData\Local\arduino15\packages\arduino\hardware\sam\1.6.11\variants\arduino_due_x/libsam_sam3x8e_gcc_rel.a(uotghs_device.o)
                0x00081d2c                UDD_InitEP
 .text.UDD_InitEndpoints
                0x00081d58       0x3c C:\Users\Yu Zhe\AppData\Local\arduino15\packages\arduino\hardware\sam\1.6.11\variants\arduino_due_x/libsam_sam3x8e_gcc_rel.a(uotghs_device.o)
                0x00081d58                UDD_InitEndpoints
 .text.UDD_WaitIN
                0x00081d94       0x10 C:\Users\Yu Zhe\AppData\Local\arduino15\packages\arduino\hardware\sam\1.6.11\variants\arduino_due_x/libsam_sam3x8e_gcc_rel.a(uotghs_device.o)
                0x00081d94                UDD_WaitIN
 .text.UDD_WaitOUT
                0x00081da4       0x10 C:\Users\Yu Zhe\AppData\Local\arduino15\packages\arduino\hardware\sam\1.6.11\variants\arduino_due_x/libsam_sam3x8e_gcc_rel.a(uotghs_device.o)
                0x00081da4                UDD_WaitOUT
 .text.UDD_ClearIN
                0x00081db4       0x18 C:\Users\Yu Zhe\AppData\Local\arduino15\packages\arduino\hardware\sam\1.6.11\variants\arduino_due_x/libsam_sam3x8e_gcc_rel.a(uotghs_device.o)
                0x00081db4                UDD_ClearIN
 .text.UDD_ClearOUT
                0x00081dcc       0x18 C:\Users\Yu Zhe\AppData\Local\arduino15\packages\arduino\hardware\sam\1.6.11\variants\arduino_due_x/libsam_sam3x8e_gcc_rel.a(uotghs_device.o)
                0x00081dcc                UDD_ClearOUT
 .text.UDD_ReceivedSetupInt
                0x00081de4       0x10 C:\Users\Yu Zhe\AppData\Local\arduino15\packages\arduino\hardware\sam\1.6.11\variants\arduino_due_x/libsam_sam3x8e_gcc_rel.a(uotghs_device.o)
                0x00081de4                UDD_ReceivedSetupInt
 .text.UDD_ClearSetupInt
                0x00081df4       0x10 C:\Users\Yu Zhe\AppData\Local\arduino15\packages\arduino\hardware\sam\1.6.11\variants\arduino_due_x/libsam_sam3x8e_gcc_rel.a(uotghs_device.o)
                0x00081df4                UDD_ClearSetupInt
 .text.UDD_Send
                0x00081e04       0x88 C:\Users\Yu Zhe\AppData\Local\arduino15\packages\arduino\hardware\sam\1.6.11\variants\arduino_due_x/libsam_sam3x8e_gcc_rel.a(uotghs_device.o)
                0x00081e04                UDD_Send
 .text.UDD_Send8
                0x00081e8c       0x24 C:\Users\Yu Zhe\AppData\Local\arduino15\packages\arduino\hardware\sam\1.6.11\variants\arduino_due_x/libsam_sam3x8e_gcc_rel.a(uotghs_device.o)
                0x00081e8c                UDD_Send8
 .text.UDD_Recv8
                0x00081eb0       0x28 C:\Users\Yu Zhe\AppData\Local\arduino15\packages\arduino\hardware\sam\1.6.11\variants\arduino_due_x/libsam_sam3x8e_gcc_rel.a(uotghs_device.o)
                0x00081eb0                UDD_Recv8
 .text.UDD_Recv
                0x00081ed8       0x34 C:\Users\Yu Zhe\AppData\Local\arduino15\packages\arduino\hardware\sam\1.6.11\variants\arduino_due_x/libsam_sam3x8e_gcc_rel.a(uotghs_device.o)
                0x00081ed8                UDD_Recv
 .text.UDD_Stall
                0x00081f0c       0x14 C:\Users\Yu Zhe\AppData\Local\arduino15\packages\arduino\hardware\sam\1.6.11\variants\arduino_due_x/libsam_sam3x8e_gcc_rel.a(uotghs_device.o)
                0x00081f0c                UDD_Stall
 .text.UDD_FifoByteCount
                0x00081f20       0x14 C:\Users\Yu Zhe\AppData\Local\arduino15\packages\arduino\hardware\sam\1.6.11\variants\arduino_due_x/libsam_sam3x8e_gcc_rel.a(uotghs_device.o)
                0x00081f20                UDD_FifoByteCount
 .text.UDD_ReleaseRX
                0x00081f34       0x28 C:\Users\Yu Zhe\AppData\Local\arduino15\packages\arduino\hardware\sam\1.6.11\variants\arduino_due_x/libsam_sam3x8e_gcc_rel.a(uotghs_device.o)
                0x00081f34                UDD_ReleaseRX
 .text.UDD_ReleaseTX
                0x00081f5c       0x28 C:\Users\Yu Zhe\AppData\Local\arduino15\packages\arduino\hardware\sam\1.6.11\variants\arduino_due_x/libsam_sam3x8e_gcc_rel.a(uotghs_device.o)
                0x00081f5c                UDD_ReleaseTX
 .text.UDD_SetAddress
                0x00081f84       0x20 C:\Users\Yu Zhe\AppData\Local\arduino15\packages\arduino\hardware\sam\1.6.11\variants\arduino_due_x/libsam_sam3x8e_gcc_rel.a(uotghs_device.o)
                0x00081f84                UDD_SetAddress
 .text          0x00081fa4      0x370 c:/users/yu zhe/appdata/local/arduino15/packages/arduino/tools/arm-none-eabi-gcc/4.8.3-2014q1/bin/../lib/gcc/arm-none-eabi/4.8.3/armv7-m\libgcc.a(_arm_addsubdf3.o)
                0x00081fa4                __aeabi_drsub
                0x00081fac                __aeabi_dsub
                0x00081fac                __subdf3
                0x00081fb0                __aeabi_dadd
                0x00081fb0                __adddf3
                0x00082228                __floatunsidf
                0x00082228                __aeabi_ui2d
                0x00082248                __floatsidf
                0x00082248                __aeabi_i2d
                0x0008226c                __aeabi_f2d
                0x0008226c                __extendsfdf2
                0x000822a8                __floatundidf
                0x000822a8                __aeabi_ul2d
                0x000822b8                __floatdidf
                0x000822b8                __aeabi_l2d
 .text          0x00082314      0x424 c:/users/yu zhe/appdata/local/arduino15/packages/arduino/tools/arm-none-eabi-gcc/4.8.3-2014q1/bin/../lib/gcc/arm-none-eabi/4.8.3/armv7-m\libgcc.a(_arm_muldivdf3.o)
                0x00082314                __aeabi_dmul
                0x00082314                __muldf3
                0x00082568                __divdf3
                0x00082568                __aeabi_ddiv
 .text          0x00082738      0x110 c:/users/yu zhe/appdata/local/arduino15/packages/arduino/tools/arm-none-eabi-gcc/4.8.3-2014q1/bin/../lib/gcc/arm-none-eabi/4.8.3/armv7-m\libgcc.a(_arm_cmpdf2.o)
                0x00082738                __gtdf2
                0x00082738                __gedf2
                0x00082740                __ltdf2
                0x00082740                __ledf2
                0x00082748                __nedf2
                0x00082748                __eqdf2
                0x00082748                __cmpdf2
                0x000827c4                __aeabi_cdrcmple
                0x000827d4                __aeabi_cdcmpeq
                0x000827d4                __aeabi_cdcmple
                0x000827e4                __aeabi_dcmpeq
                0x000827f8                __aeabi_dcmplt
                0x0008280c                __aeabi_dcmple
                0x00082820                __aeabi_dcmpge
                0x00082834                __aeabi_dcmpgt
 .text.__libc_init_array
                0x00082848       0x50 c:/users/yu zhe/appdata/local/arduino15/packages/arduino/tools/arm-none-eabi-gcc/4.8.3-2014q1/bin/../lib/gcc/arm-none-eabi/4.8.3/../../../../arm-none-eabi/lib/armv7-m\libg.a(lib_a-init.o)
                0x00082848                __libc_init_array
 .text.iprintf  0x00082898       0x28 c:/users/yu zhe/appdata/local/arduino15/packages/arduino/tools/arm-none-eabi-gcc/4.8.3-2014q1/bin/../lib/gcc/arm-none-eabi/4.8.3/../../../../arm-none-eabi/lib/armv7-m\libg.a(lib_a-iprintf.o)
                0x00082898                iprintf
 .text.memset   0x000828c0       0x94 c:/users/yu zhe/appdata/local/arduino15/packages/arduino/tools/arm-none-eabi-gcc/4.8.3-2014q1/bin/../lib/gcc/arm-none-eabi/4.8.3/../../../../arm-none-eabi/lib/armv7-m\libg.a(lib_a-memset.o)
                0x000828c0                memset
 .text.strlen   0x00082954       0x60 c:/users/yu zhe/appdata/local/arduino15/packages/arduino/tools/arm-none-eabi-gcc/4.8.3-2014q1/bin/../lib/gcc/arm-none-eabi/4.8.3/../../../../arm-none-eabi/lib/armv7-m\libg.a(lib_a-strlen.o)
                0x00082954                strlen
 .text.kill     0x000829b4       0x10 c:/users/yu zhe/appdata/local/arduino15/packages/arduino/tools/arm-none-eabi-gcc/4.8.3-2014q1/bin/../lib/gcc/arm-none-eabi/4.8.3/../../../../arm-none-eabi/lib/armv7-m\libg.a(lib_a-syskill.o)
                0x000829b4                kill
 .text.__sprint_r.part.0
                0x000829c4       0x78 c:/users/yu zhe/appdata/local/arduino15/packages/arduino/tools/arm-none-eabi-gcc/4.8.3-2014q1/bin/../lib/gcc/arm-none-eabi/4.8.3/../../../../arm-none-eabi/lib/armv7-m\libg.a(lib_a-vfiprintf.o)
 .text._vfiprintf_r
                0x00082a3c      0xc54 c:/users/yu zhe/appdata/local/arduino15/packages/arduino/tools/arm-none-eabi-gcc/4.8.3-2014q1/bin/../lib/gcc/arm-none-eabi/4.8.3/../../../../arm-none-eabi/lib/armv7-m\libg.a(lib_a-vfiprintf.o)
                0x00082a3c                _vfiprintf_r
 .text.__sbprintf
                0x00083690       0x7c c:/users/yu zhe/appdata/local/arduino15/packages/arduino/tools/arm-none-eabi-gcc/4.8.3-2014q1/bin/../lib/gcc/arm-none-eabi/4.8.3/../../../../arm-none-eabi/lib/armv7-m\libg.a(lib_a-vfiprintf.o)
 .text.__swsetup_r
                0x0008370c       0xc4 c:/users/yu zhe/appdata/local/arduino15/packages/arduino/tools/arm-none-eabi-gcc/4.8.3-2014q1/bin/../lib/gcc/arm-none-eabi/4.8.3/../../../../arm-none-eabi/lib/armv7-m\libg.a(lib_a-wsetup.o)
                0x0008370c                __swsetup_r
 .text.startup.register_fini
                0x000837d0       0x14 c:/users/yu zhe/appdata/local/arduino15/packages/arduino/tools/arm-none-eabi-gcc/4.8.3-2014q1/bin/../lib/gcc/arm-none-eabi/4.8.3/../../../../arm-none-eabi/lib/armv7-m\libg.a(lib_a-__call_atexit.o)
 .text.atexit   0x000837e4        0xc c:/users/yu zhe/appdata/local/arduino15/packages/arduino/tools/arm-none-eabi-gcc/4.8.3-2014q1/bin/../lib/gcc/arm-none-eabi/4.8.3/../../../../arm-none-eabi/lib/armv7-m\libg.a(lib_a-atexit.o)
                0x000837e4                atexit
 .text.__sflush_r
                0x000837f0      0x148 c:/users/yu zhe/appdata/local/arduino15/packages/arduino/tools/arm-none-eabi-gcc/4.8.3-2014q1/bin/../lib/gcc/arm-none-eabi/4.8.3/../../../../arm-none-eabi/lib/armv7-m\libg.a(lib_a-fflush.o)
                0x000837f0                __sflush_r
 .text._fflush_r
                0x00083938       0x2c c:/users/yu zhe/appdata/local/arduino15/packages/arduino/tools/arm-none-eabi-gcc/4.8.3-2014q1/bin/../lib/gcc/arm-none-eabi/4.8.3/../../../../arm-none-eabi/lib/armv7-m\libg.a(lib_a-fflush.o)
                0x00083938                _fflush_r
 .text._cleanup_r
                0x00083964        0xc c:/users/yu zhe/appdata/local/arduino15/packages/arduino/tools/arm-none-eabi-gcc/4.8.3-2014q1/bin/../lib/gcc/arm-none-eabi/4.8.3/../../../../arm-none-eabi/lib/armv7-m\libg.a(lib_a-findfp.o)
                0x00083964                _cleanup_r
 .text.__sinit  0x00083970       0xf4 c:/users/yu zhe/appdata/local/arduino15/packages/arduino/tools/arm-none-eabi-gcc/4.8.3-2014q1/bin/../lib/gcc/arm-none-eabi/4.8.3/../../../../arm-none-eabi/lib/armv7-m\libg.a(lib_a-findfp.o)
                0x00083970                __sinit
 .text.__sfp_lock_acquire
                0x00083a64        0x4 c:/users/yu zhe/appdata/local/arduino15/packages/arduino/tools/arm-none-eabi-gcc/4.8.3-2014q1/bin/../lib/gcc/arm-none-eabi/4.8.3/../../../../arm-none-eabi/lib/armv7-m\libg.a(lib_a-findfp.o)
                0x00083a64                __sfp_lock_acquire
 .text.__sfp_lock_release
                0x00083a68        0x4 c:/users/yu zhe/appdata/local/arduino15/packages/arduino/tools/arm-none-eabi-gcc/4.8.3-2014q1/bin/../lib/gcc/arm-none-eabi/4.8.3/../../../../arm-none-eabi/lib/armv7-m\libg.a(lib_a-findfp.o)
                0x00083a68                __sfp_lock_release
 .text.__libc_fini_array
                0x00083a6c       0x30 c:/users/yu zhe/appdata/local/arduino15/packages/arduino/tools/arm-none-eabi-gcc/4.8.3-2014q1/bin/../lib/gcc/arm-none-eabi/4.8.3/../../../../arm-none-eabi/lib/armv7-m\libg.a(lib_a-fini.o)
                0x00083a6c                __libc_fini_array
 .text._fputwc_r
                0x00083a9c       0xc0 c:/users/yu zhe/appdata/local/arduino15/packages/arduino/tools/arm-none-eabi-gcc/4.8.3-2014q1/bin/../lib/gcc/arm-none-eabi/4.8.3/../../../../arm-none-eabi/lib/armv7-m\libg.a(lib_a-fputwc.o)
                0x00083a9c                _fputwc_r
 .text._malloc_trim_r
                0x00083b5c       0x9c c:/users/yu zhe/appdata/local/arduino15/packages/arduino/tools/arm-none-eabi-gcc/4.8.3-2014q1/bin/../lib/gcc/arm-none-eabi/4.8.3/../../../../arm-none-eabi/lib/armv7-m\libg.a(lib_a-freer.o)
                0x00083b5c                _malloc_trim_r
 .text._free_r  0x00083bf8      0x198 c:/users/yu zhe/appdata/local/arduino15/packages/arduino/tools/arm-none-eabi-gcc/4.8.3-2014q1/bin/../lib/gcc/arm-none-eabi/4.8.3/../../../../arm-none-eabi/lib/armv7-m\libg.a(lib_a-freer.o)
                0x00083bf8                _free_r
 .text.__sfvwrite_r
                0x00083d90      0x314 c:/users/yu zhe/appdata/local/arduino15/packages/arduino/tools/arm-none-eabi-gcc/4.8.3-2014q1/bin/../lib/gcc/arm-none-eabi/4.8.3/../../../../arm-none-eabi/lib/armv7-m\libg.a(lib_a-fvwrite.o)
                0x00083d90                __sfvwrite_r
 .text._fwalk   0x000840a4       0x48 c:/users/yu zhe/appdata/local/arduino15/packages/arduino/tools/arm-none-eabi-gcc/4.8.3-2014q1/bin/../lib/gcc/arm-none-eabi/4.8.3/../../../../arm-none-eabi/lib/armv7-m\libg.a(lib_a-fwalk.o)
                0x000840a4                _fwalk
 .text.__locale_charset
                0x000840ec        0x8 c:/users/yu zhe/appdata/local/arduino15/packages/arduino/tools/arm-none-eabi-gcc/4.8.3-2014q1/bin/../lib/gcc/arm-none-eabi/4.8.3/../../../../arm-none-eabi/lib/armv7-m\libg.a(lib_a-locale.o)
                0x000840ec                __locale_charset
 .text.__locale_mb_cur_max
                0x000840f4        0xc c:/users/yu zhe/appdata/local/arduino15/packages/arduino/tools/arm-none-eabi-gcc/4.8.3-2014q1/bin/../lib/gcc/arm-none-eabi/4.8.3/../../../../arm-none-eabi/lib/armv7-m\libg.a(lib_a-locale.o)
                0x000840f4                __locale_mb_cur_max
 .text.__smakebuf_r
                0x00084100       0xe0 c:/users/yu zhe/appdata/local/arduino15/packages/arduino/tools/arm-none-eabi-gcc/4.8.3-2014q1/bin/../lib/gcc/arm-none-eabi/4.8.3/../../../../arm-none-eabi/lib/armv7-m\libg.a(lib_a-makebuf.o)
                0x00084100                __smakebuf_r
 .text._malloc_r
                0x000841e0      0x538 c:/users/yu zhe/appdata/local/arduino15/packages/arduino/tools/arm-none-eabi-gcc/4.8.3-2014q1/bin/../lib/gcc/arm-none-eabi/4.8.3/../../../../arm-none-eabi/lib/armv7-m\libg.a(lib_a-mallocr.o)
                0x000841e0                _malloc_r
 .text.memchr   0x00084718       0x94 c:/users/yu zhe/appdata/local/arduino15/packages/arduino/tools/arm-none-eabi-gcc/4.8.3-2014q1/bin/../lib/gcc/arm-none-eabi/4.8.3/../../../../arm-none-eabi/lib/armv7-m\libg.a(lib_a-memchr-stub.o)
                0x00084718                memchr
 .text          0x000847ac       0xec c:/users/yu zhe/appdata/local/arduino15/packages/arduino/tools/arm-none-eabi-gcc/4.8.3-2014q1/bin/../lib/gcc/arm-none-eabi/4.8.3/../../../../arm-none-eabi/lib/armv7-m\libg.a(lib_a-memcpy.o)
                0x000847ac                memcpy
 .text.memmove  0x00084898       0xcc c:/users/yu zhe/appdata/local/arduino15/packages/arduino/tools/arm-none-eabi-gcc/4.8.3-2014q1/bin/../lib/gcc/arm-none-eabi/4.8.3/../../../../arm-none-eabi/lib/armv7-m\libg.a(lib_a-memmove.o)
                0x00084898                memmove
 .text.__malloc_lock
                0x00084964        0x4 c:/users/yu zhe/appdata/local/arduino15/packages/arduino/tools/arm-none-eabi-gcc/4.8.3-2014q1/bin/../lib/gcc/arm-none-eabi/4.8.3/../../../../arm-none-eabi/lib/armv7-m\libg.a(lib_a-mlock.o)
                0x00084964                __malloc_lock
 .text.__malloc_unlock
                0x00084968        0x4 c:/users/yu zhe/appdata/local/arduino15/packages/arduino/tools/arm-none-eabi-gcc/4.8.3-2014q1/bin/../lib/gcc/arm-none-eabi/4.8.3/../../../../arm-none-eabi/lib/armv7-m\libg.a(lib_a-mlock.o)
                0x00084968                __malloc_unlock
 .text._realloc_r
                0x0008496c      0x3c0 c:/users/yu zhe/appdata/local/arduino15/packages/arduino/tools/arm-none-eabi-gcc/4.8.3-2014q1/bin/../lib/gcc/arm-none-eabi/4.8.3/../../../../arm-none-eabi/lib/armv7-m\libg.a(lib_a-reallocr.o)
                0x0008496c                _realloc_r
 .text._sbrk_r  0x00084d2c       0x24 c:/users/yu zhe/appdata/local/arduino15/packages/arduino/tools/arm-none-eabi-gcc/4.8.3-2014q1/bin/../lib/gcc/arm-none-eabi/4.8.3/../../../../arm-none-eabi/lib/armv7-m\libg.a(lib_a-sbrkr.o)
                0x00084d2c                _sbrk_r
 .text._kill_r  0x00084d50       0x28 c:/users/yu zhe/appdata/local/arduino15/packages/arduino/tools/arm-none-eabi-gcc/4.8.3-2014q1/bin/../lib/gcc/arm-none-eabi/4.8.3/../../../../arm-none-eabi/lib/armv7-m\libg.a(lib_a-signalr.o)
                0x00084d50                _kill_r
 .text.__sread  0x00084d78       0x24 c:/users/yu zhe/appdata/local/arduino15/packages/arduino/tools/arm-none-eabi-gcc/4.8.3-2014q1/bin/../lib/gcc/arm-none-eabi/4.8.3/../../../../arm-none-eabi/lib/armv7-m\libg.a(lib_a-stdio.o)
                0x00084d78                __sread
 .text.__swrite
                0x00084d9c       0x38 c:/users/yu zhe/appdata/local/arduino15/packages/arduino/tools/arm-none-eabi-gcc/4.8.3-2014q1/bin/../lib/gcc/arm-none-eabi/4.8.3/../../../../arm-none-eabi/lib/armv7-m\libg.a(lib_a-stdio.o)
                0x00084d9c                __swrite
 .text.__sseek  0x00084dd4       0x20 c:/users/yu zhe/appdata/local/arduino15/packages/arduino/tools/arm-none-eabi-gcc/4.8.3-2014q1/bin/../lib/gcc/arm-none-eabi/4.8.3/../../../../arm-none-eabi/lib/armv7-m\libg.a(lib_a-stdio.o)
                0x00084dd4                __sseek
 .text.__sclose
                0x00084df4        0x8 c:/users/yu zhe/appdata/local/arduino15/packages/arduino/tools/arm-none-eabi-gcc/4.8.3-2014q1/bin/../lib/gcc/arm-none-eabi/4.8.3/../../../../arm-none-eabi/lib/armv7-m\libg.a(lib_a-stdio.o)
                0x00084df4                __sclose
 .text.__swbuf_r
                0x00084dfc       0xa8 c:/users/yu zhe/appdata/local/arduino15/packages/arduino/tools/arm-none-eabi-gcc/4.8.3-2014q1/bin/../lib/gcc/arm-none-eabi/4.8.3/../../../../arm-none-eabi/lib/armv7-m\libg.a(lib_a-wbuf.o)
                0x00084dfc                __swbuf_r
 .text._wcrtomb_r
                0x00084ea4       0x50 c:/users/yu zhe/appdata/local/arduino15/packages/arduino/tools/arm-none-eabi-gcc/4.8.3-2014q1/bin/../lib/gcc/arm-none-eabi/4.8.3/../../../../arm-none-eabi/lib/armv7-m\libg.a(lib_a-wcrtomb.o)
                0x00084ea4                _wcrtomb_r
 .text.__ascii_wctomb
                0x00084ef4       0x1c c:/users/yu zhe/appdata/local/arduino15/packages/arduino/tools/arm-none-eabi-gcc/4.8.3-2014q1/bin/../lib/gcc/arm-none-eabi/4.8.3/../../../../arm-none-eabi/lib/armv7-m\libg.a(lib_a-wctomb_r.o)
                0x00084ef4                __ascii_wctomb
 .text._write_r
                0x00084f10       0x28 c:/users/yu zhe/appdata/local/arduino15/packages/arduino/tools/arm-none-eabi-gcc/4.8.3-2014q1/bin/../lib/gcc/arm-none-eabi/4.8.3/../../../../arm-none-eabi/lib/armv7-m\libg.a(lib_a-writer.o)
                0x00084f10                _write_r
 .text.__register_exitproc
                0x00084f38       0xa8 c:/users/yu zhe/appdata/local/arduino15/packages/arduino/tools/arm-none-eabi-gcc/4.8.3-2014q1/bin/../lib/gcc/arm-none-eabi/4.8.3/../../../../arm-none-eabi/lib/armv7-m\libg.a(lib_a-__atexit.o)
                0x00084f38                __register_exitproc
 .text._close_r
                0x00084fe0       0x24 c:/users/yu zhe/appdata/local/arduino15/packages/arduino/tools/arm-none-eabi-gcc/4.8.3-2014q1/bin/../lib/gcc/arm-none-eabi/4.8.3/../../../../arm-none-eabi/lib/armv7-m\libg.a(lib_a-closer.o)
                0x00084fe0                _close_r
 .text._fclose_r
                0x00085004       0x80 c:/users/yu zhe/appdata/local/arduino15/packages/arduino/tools/arm-none-eabi-gcc/4.8.3-2014q1/bin/../lib/gcc/arm-none-eabi/4.8.3/../../../../arm-none-eabi/lib/armv7-m\libg.a(lib_a-fclose.o)
                0x00085004                _fclose_r
 .text.fclose   0x00085084       0x10 c:/users/yu zhe/appdata/local/arduino15/packages/arduino/tools/arm-none-eabi-gcc/4.8.3-2014q1/bin/../lib/gcc/arm-none-eabi/4.8.3/../../../../arm-none-eabi/lib/armv7-m\libg.a(lib_a-fclose.o)
                0x00085084                fclose
 .text._fstat_r
                0x00085094       0x28 c:/users/yu zhe/appdata/local/arduino15/packages/arduino/tools/arm-none-eabi-gcc/4.8.3-2014q1/bin/../lib/gcc/arm-none-eabi/4.8.3/../../../../arm-none-eabi/lib/armv7-m\libg.a(lib_a-fstatr.o)
                0x00085094                _fstat_r
 .text._isatty_r
                0x000850bc       0x24 c:/users/yu zhe/appdata/local/arduino15/packages/arduino/tools/arm-none-eabi-gcc/4.8.3-2014q1/bin/../lib/gcc/arm-none-eabi/4.8.3/../../../../arm-none-eabi/lib/armv7-m\libg.a(lib_a-isattyr.o)
                0x000850bc                _isatty_r
 .text._lseek_r
                0x000850e0       0x28 c:/users/yu zhe/appdata/local/arduino15/packages/arduino/tools/arm-none-eabi-gcc/4.8.3-2014q1/bin/../lib/gcc/arm-none-eabi/4.8.3/../../../../arm-none-eabi/lib/armv7-m\libg.a(lib_a-lseekr.o)
                0x000850e0                _lseek_r
 .text._read_r  0x00085108       0x28 c:/users/yu zhe/appdata/local/arduino15/packages/arduino/tools/arm-none-eabi-gcc/4.8.3-2014q1/bin/../lib/gcc/arm-none-eabi/4.8.3/../../../../arm-none-eabi/lib/armv7-m\libg.a(lib_a-readr.o)
                0x00085108                _read_r
 .text          0x00085130       0x2c c:/users/yu zhe/appdata/local/arduino15/packages/arduino/tools/arm-none-eabi-gcc/4.8.3-2014q1/bin/../lib/gcc/arm-none-eabi/4.8.3/armv7-m\libgcc.a(_aeabi_uldivmod.o)
                0x00085130                __aeabi_uldivmod
 .text          0x0008515c       0x60 c:/users/yu zhe/appdata/local/arduino15/packages/arduino/tools/arm-none-eabi-gcc/4.8.3-2014q1/bin/../lib/gcc/arm-none-eabi/4.8.3/armv7-m\libgcc.a(bpabi.o)
                0x0008515c                __gnu_ldivmod_helper
                0x0008518c                __gnu_uldivmod_helper
 .text          0x000851bc        0x4 c:/users/yu zhe/appdata/local/arduino15/packages/arduino/tools/arm-none-eabi-gcc/4.8.3-2014q1/bin/../lib/gcc/arm-none-eabi/4.8.3/armv7-m\libgcc.a(_dvmd_tls.o)
                0x000851bc                __aeabi_idiv0
                0x000851bc                __aeabi_ldiv0
 .text          0x000851c0      0x2a0 c:/users/yu zhe/appdata/local/arduino15/packages/arduino/tools/arm-none-eabi-gcc/4.8.3-2014q1/bin/../lib/gcc/arm-none-eabi/4.8.3/armv7-m\libgcc.a(_divdi3.o)
                0x000851c0                __divdi3
 .text          0x00085460      0x290 c:/users/yu zhe/appdata/local/arduino15/packages/arduino/tools/arm-none-eabi-gcc/4.8.3-2014q1/bin/../lib/gcc/arm-none-eabi/4.8.3/armv7-m\libgcc.a(_udivdi3.o)
                0x00085460                __udivdi3
 *(.glue_7t)
 .glue_7t       0x00000000        0x0 linker stubs
 *(.glue_7)
 .glue_7        0x00000000        0x0 linker stubs
 *(.rodata .rodata* .gnu.linkonce.r.*)
 .rodata.str1.1
                0x000856f0       0x14 C:\Users\Yu Zhe\AppData\Local\Temp\VMBuilds\arduino\arduino_due_x_dbg\Debug\arduino.cpp.o
 .rodata.str1.1
                0x00085704       0x6a C:\Users\Yu Zhe\AppData\Local\Temp\VMBuilds\arduino\arduino_due_x_dbg\Debug\VM_DBG\VM_DBG.cpp.o
                                 0x6c (size before relaxing)
 *fill*         0x0008576e        0x2 
 .rodata.g_APinDescription
                0x00085770      0xa2c C:\Users\Yu Zhe\AppData\Local\Temp\VMBuilds\arduino\arduino_due_x_dbg\Debug\variant\variant.cpp.o
                0x00085770                g_APinDescription
 .rodata        0x0008619c       0x40 C:\Users\Yu Zhe\AppData\Local\arduino15\packages\arduino\hardware\sam\1.6.11\variants\arduino_due_x/libsam_sam3x8e_gcc_rel.a(adc.o)
 .rodata.str1.1
                0x000861dc       0x19 C:\Users\Yu Zhe\AppData\Local\Temp\VMBuilds\arduino\arduino_due_x_dbg\Debug/core.a(syscalls_sam3.c.o)
 *fill*         0x000861f5        0x3 
 .rodata._ZTV9UARTClass
                0x000861f8       0x30 C:\Users\Yu Zhe\AppData\Local\Temp\VMBuilds\arduino\arduino_due_x_dbg\Debug/core.a(UARTClass.cpp.o)
                0x000861f8                vtable for UARTClass
 .rodata._ZTV10USARTClass
                0x00086228       0x30 C:\Users\Yu Zhe\AppData\Local\Temp\VMBuilds\arduino\arduino_due_x_dbg\Debug/core.a(USARTClass.cpp.o)
                0x00086228                vtable for USARTClass
 .rodata.STRING_PRODUCT
                0x00086258        0xc C:\Users\Yu Zhe\AppData\Local\Temp\VMBuilds\arduino\arduino_due_x_dbg\Debug/core.a(USBCore.cpp.o)
                0x00086258                STRING_PRODUCT
 .rodata.USB_DeviceDescriptor
                0x00086264       0x12 C:\Users\Yu Zhe\AppData\Local\Temp\VMBuilds\arduino\arduino_due_x_dbg\Debug/core.a(USBCore.cpp.o)
                0x00086264                USB_DeviceDescriptor
 .rodata.STRING_LANGUAGE
                0x00086276        0x4 C:\Users\Yu Zhe\AppData\Local\Temp\VMBuilds\arduino\arduino_due_x_dbg\Debug/core.a(USBCore.cpp.o)
                0x00086276                STRING_LANGUAGE
 .rodata._ZL18test_packet_buffer
                0x0008627a       0x35 C:\Users\Yu Zhe\AppData\Local\Temp\VMBuilds\arduino\arduino_due_x_dbg\Debug/core.a(USBCore.cpp.o)
 .rodata.STRING_MANUFACTURER
                0x000862af        0xc C:\Users\Yu Zhe\AppData\Local\Temp\VMBuilds\arduino\arduino_due_x_dbg\Debug/core.a(USBCore.cpp.o)
                0x000862af                STRING_MANUFACTURER
 .rodata.USB_DeviceDescriptorA
                0x000862bb       0x12 C:\Users\Yu Zhe\AppData\Local\Temp\VMBuilds\arduino\arduino_due_x_dbg\Debug/core.a(USBCore.cpp.o)
                0x000862bb                USB_DeviceDescriptorA
 .rodata._ZL19USB_DeviceQualifier
                0x000862cd        0x9 C:\Users\Yu Zhe\AppData\Local\Temp\VMBuilds\arduino\arduino_due_x_dbg\Debug/core.a(USBCore.cpp.o)
 *fill*         0x000862d6        0x2 
 .rodata._ZTV7Serial_
                0x000862d8       0x28 C:\Users\Yu Zhe\AppData\Local\Temp\VMBuilds\arduino\arduino_due_x_dbg\Debug/core.a(CDC.cpp.o)
                0x000862d8                vtable for Serial_
 .rodata._ZL18_cdcOtherInterface
                0x00086300       0x42 C:\Users\Yu Zhe\AppData\Local\Temp\VMBuilds\arduino\arduino_due_x_dbg\Debug/core.a(CDC.cpp.o)
 .rodata._ZL13_cdcInterface
                0x00086342       0x42 C:\Users\Yu Zhe\AppData\Local\Temp\VMBuilds\arduino\arduino_due_x_dbg\Debug/core.a(CDC.cpp.o)
 .rodata.str1.4
                0x00086384        0x2 c:/users/yu zhe/appdata/local/arduino15/packages/arduino/tools/arm-none-eabi-gcc/4.8.3-2014q1/bin/../lib/gcc/arm-none-eabi/4.8.3/../../../../arm-none-eabi/lib/armv7-m\libg.a(lib_a-impure.o)
                                  0x4 (size before relaxing)
 *fill*         0x00086386        0x2 
 .rodata._global_impure_ptr
                0x00086388        0x4 c:/users/yu zhe/appdata/local/arduino15/packages/arduino/tools/arm-none-eabi-gcc/4.8.3-2014q1/bin/../lib/gcc/arm-none-eabi/4.8.3/../../../../arm-none-eabi/lib/armv7-m\libg.a(lib_a-impure.o)
                0x00086388                _global_impure_ptr
 .rodata.blanks.6717
                0x0008638c       0x10 c:/users/yu zhe/appdata/local/arduino15/packages/arduino/tools/arm-none-eabi-gcc/4.8.3-2014q1/bin/../lib/gcc/arm-none-eabi/4.8.3/../../../../arm-none-eabi/lib/armv7-m\libg.a(lib_a-vfiprintf.o)
 .rodata.str1.4
                0x0008639c       0x30 c:/users/yu zhe/appdata/local/arduino15/packages/arduino/tools/arm-none-eabi-gcc/4.8.3-2014q1/bin/../lib/gcc/arm-none-eabi/4.8.3/../../../../arm-none-eabi/lib/armv7-m\libg.a(lib_a-vfiprintf.o)
 .rodata.zeroes.6718
                0x000863cc       0x10 c:/users/yu zhe/appdata/local/arduino15/packages/arduino/tools/arm-none-eabi-gcc/4.8.3-2014q1/bin/../lib/gcc/arm-none-eabi/4.8.3/../../../../arm-none-eabi/lib/armv7-m\libg.a(lib_a-vfiprintf.o)
 *(.ARM.extab* .gnu.linkonce.armextab.*)
                0x000863dc                . = ALIGN (0x4)
 *(.init)
 .init          0x000863dc        0x4 c:/users/yu zhe/appdata/local/arduino15/packages/arduino/tools/arm-none-eabi-gcc/4.8.3-2014q1/bin/../lib/gcc/arm-none-eabi/4.8.3/armv7-m/crti.o
                0x000863dc                _init
 .init          0x000863e0        0x8 c:/users/yu zhe/appdata/local/arduino15/packages/arduino/tools/arm-none-eabi-gcc/4.8.3-2014q1/bin/../lib/gcc/arm-none-eabi/4.8.3/armv7-m/crtn.o
                0x000863e8                . = ALIGN (0x4)
                0x000863e8                __preinit_array_start = .
 *(.preinit_array)
                0x000863e8                __preinit_array_end = .
                0x000863e8                . = ALIGN (0x4)
                0x000863e8                __init_array_start = .
 *(SORT(.init_array.*))
 .init_array.00000
                0x000863e8        0x4 c:/users/yu zhe/appdata/local/arduino15/packages/arduino/tools/arm-none-eabi-gcc/4.8.3-2014q1/bin/../lib/gcc/arm-none-eabi/4.8.3/../../../../arm-none-eabi/lib/armv7-m\libg.a(lib_a-__call_atexit.o)
 *(.init_array)
 .init_array    0x000863ec        0x4 c:/users/yu zhe/appdata/local/arduino15/packages/arduino/tools/arm-none-eabi-gcc/4.8.3-2014q1/bin/../lib/gcc/arm-none-eabi/4.8.3/armv7-m/crtbegin.o
 .init_array    0x000863f0        0x4 C:\Users\Yu Zhe\AppData\Local\Temp\VMBuilds\arduino\arduino_due_x_dbg\Debug\arduino.cpp.o
 .init_array    0x000863f4        0x4 C:\Users\Yu Zhe\AppData\Local\Temp\VMBuilds\arduino\arduino_due_x_dbg\Debug\VM_DBG\VM_DBG.cpp.o
 .init_array    0x000863f8        0x4 C:\Users\Yu Zhe\AppData\Local\Temp\VMBuilds\arduino\arduino_due_x_dbg\Debug\variant\variant.cpp.o
 .init_array    0x000863fc        0x4 C:\Users\Yu Zhe\AppData\Local\Temp\VMBuilds\arduino\arduino_due_x_dbg\Debug/core.a(USBCore.cpp.o)
 .init_array    0x00086400        0x4 C:\Users\Yu Zhe\AppData\Local\Temp\VMBuilds\arduino\arduino_due_x_dbg\Debug/core.a(CDC.cpp.o)
                0x00086404                __init_array_end = .
                0x00086404                . = ALIGN (0x4)
 *crtbegin.o(.ctors)
 *(EXCLUDE_FILE(*crtend.o) .ctors)
 *(SORT(.ctors.*))
 *crtend.o(.ctors)
                0x00086404                . = ALIGN (0x4)
 *(.fini)
 .fini          0x00086404        0x4 c:/users/yu zhe/appdata/local/arduino15/packages/arduino/tools/arm-none-eabi-gcc/4.8.3-2014q1/bin/../lib/gcc/arm-none-eabi/4.8.3/armv7-m/crti.o
                0x00086404                _fini
 .fini          0x00086408        0x8 c:/users/yu zhe/appdata/local/arduino15/packages/arduino/tools/arm-none-eabi-gcc/4.8.3-2014q1/bin/../lib/gcc/arm-none-eabi/4.8.3/armv7-m/crtn.o
                0x00086410                . = ALIGN (0x4)
                0x00086410                __fini_array_start = .
 *(.fini_array)
 .fini_array    0x00086410        0x4 c:/users/yu zhe/appdata/local/arduino15/packages/arduino/tools/arm-none-eabi-gcc/4.8.3-2014q1/bin/../lib/gcc/arm-none-eabi/4.8.3/armv7-m/crtbegin.o
 *(SORT(.fini_array.*))
                0x00086414                __fini_array_end = .
 *crtbegin.o(.dtors)
 *(EXCLUDE_FILE(*crtend.o) .dtors)
 *(SORT(.dtors.*))
 *crtend.o(.dtors)
                0x00086414                . = ALIGN (0x4)
                0x00086414                _efixed = .
                0x00086414                PROVIDE (__exidx_start, .)

.vfp11_veneer   0x00086414        0x0
 .vfp11_veneer  0x00000000        0x0 linker stubs

.v4_bx          0x00086414        0x0
 .v4_bx         0x00000000        0x0 linker stubs

.iplt           0x00086414        0x0
 .iplt          0x00000000        0x0 c:/users/yu zhe/appdata/local/arduino15/packages/arduino/tools/arm-none-eabi-gcc/4.8.3-2014q1/bin/../lib/gcc/arm-none-eabi/4.8.3/armv7-m/crtbegin.o

.ARM.exidx      0x00086414        0x8
 *(.ARM.exidx* .gnu.linkonce.armexidx.*)
 .ARM.exidx     0x00086414        0x8 c:/users/yu zhe/appdata/local/arduino15/packages/arduino/tools/arm-none-eabi-gcc/4.8.3-2014q1/bin/../lib/gcc/arm-none-eabi/4.8.3/armv7-m\libgcc.a(_divdi3.o)
 .ARM.exidx     0x0008641c        0x0 c:/users/yu zhe/appdata/local/arduino15/packages/arduino/tools/arm-none-eabi-gcc/4.8.3-2014q1/bin/../lib/gcc/arm-none-eabi/4.8.3/armv7-m\libgcc.a(_udivdi3.o)
                                  0x8 (size before relaxing)
                0x0008641c                PROVIDE (__exidx_end, .)

.eh_frame       0x0008641c        0x0
 .eh_frame      0x0008641c        0x0 c:/users/yu zhe/appdata/local/arduino15/packages/arduino/tools/arm-none-eabi-gcc/4.8.3-2014q1/bin/../lib/gcc/arm-none-eabi/4.8.3/armv7-m/crtbegin.o

.rel.dyn        0x0008641c        0x0
 .rel.iplt      0x00000000        0x0 c:/users/yu zhe/appdata/local/arduino15/packages/arduino/tools/arm-none-eabi-gcc/4.8.3-2014q1/bin/../lib/gcc/arm-none-eabi/4.8.3/armv7-m/crtbegin.o

.jcr            0x0008641c        0x0
 .jcr           0x0008641c        0x0 c:/users/yu zhe/appdata/local/arduino15/packages/arduino/tools/arm-none-eabi-gcc/4.8.3-2014q1/bin/../lib/gcc/arm-none-eabi/4.8.3/armv7-m/crtbegin.o

.igot.plt       0x0008641c        0x0
 .igot.plt      0x00000000        0x0 c:/users/yu zhe/appdata/local/arduino15/packages/arduino/tools/arm-none-eabi-gcc/4.8.3-2014q1/bin/../lib/gcc/arm-none-eabi/4.8.3/armv7-m/crtbegin.o
                0x0008641c                . = ALIGN (0x4)
                0x0008641c                _etext = .

.relocate       0x20070000      0x8e4 load address 0x0008641c
                0x20070000                . = ALIGN (0x4)
                0x20070000                _srelocate = .
 *(.ramfunc .ramfunc.*)
 .ramfunc       0x20070000       0x2c C:\Users\Yu Zhe\AppData\Local\Temp\VMBuilds\arduino\arduino_due_x_dbg\Debug/core.a(Reset.cpp.o)
                0x20070000                banzai
 *(.data .data.*)
 *fill*         0x2007002c        0x4 
 .data.kp       0x20070030        0x8 C:\Users\Yu Zhe\AppData\Local\Temp\VMBuilds\arduino\arduino_due_x_dbg\Debug\arduino.cpp.o
                0x20070030                kp
 .data.ki       0x20070038        0x8 C:\Users\Yu Zhe\AppData\Local\Temp\VMBuilds\arduino\arduino_due_x_dbg\Debug\arduino.cpp.o
                0x20070038                ki
 .data.SystemCoreClock
                0x20070040        0x4 C:\Users\Yu Zhe\AppData\Local\arduino15\packages\arduino\hardware\sam\1.6.11\variants\arduino_due_x/libsam_sam3x8e_gcc_rel.a(system_sam3xa.o)
                0x20070040                SystemCoreClock
 .data._ZL5ticks
                0x20070044        0x4 C:\Users\Yu Zhe\AppData\Local\Temp\VMBuilds\arduino\arduino_due_x_dbg\Debug/core.a(Reset.cpp.o)
 .data.EndPoints
                0x20070048       0x28 C:\Users\Yu Zhe\AppData\Local\Temp\VMBuilds\arduino\arduino_due_x_dbg\Debug/core.a(USBCore.cpp.o)
                0x20070048                EndPoints
 .data._ZL10breakValue
                0x20070070        0x4 C:\Users\Yu Zhe\AppData\Local\Temp\VMBuilds\arduino\arduino_due_x_dbg\Debug/core.a(CDC.cpp.o)
 .data._ZL12_usbLineInfo
                0x20070074        0x8 C:\Users\Yu Zhe\AppData\Local\Temp\VMBuilds\arduino\arduino_due_x_dbg\Debug/core.a(CDC.cpp.o)
 .data.g_interrupt_enabled
                0x2007007c        0x4 C:\Users\Yu Zhe\AppData\Local\arduino15\packages\arduino\hardware\sam\1.6.11\variants\arduino_due_x/libsam_sam3x8e_gcc_rel.a(interrupt_sam_nvic.o)
                0x2007007c                g_interrupt_enabled
 .data.impure_data
                0x20070080      0x428 c:/users/yu zhe/appdata/local/arduino15/packages/arduino/tools/arm-none-eabi-gcc/4.8.3-2014q1/bin/../lib/gcc/arm-none-eabi/4.8.3/../../../../arm-none-eabi/lib/armv7-m\libg.a(lib_a-impure.o)
 .data._impure_ptr
                0x200704a8        0x4 c:/users/yu zhe/appdata/local/arduino15/packages/arduino/tools/arm-none-eabi-gcc/4.8.3-2014q1/bin/../lib/gcc/arm-none-eabi/4.8.3/../../../../arm-none-eabi/lib/armv7-m\libg.a(lib_a-impure.o)
                0x200704a8                _impure_ptr
 .data.lc_ctype_charset
                0x200704ac       0x20 c:/users/yu zhe/appdata/local/arduino15/packages/arduino/tools/arm-none-eabi-gcc/4.8.3-2014q1/bin/../lib/gcc/arm-none-eabi/4.8.3/../../../../arm-none-eabi/lib/armv7-m\libg.a(lib_a-locale.o)
 .data.__mb_cur_max
                0x200704cc        0x4 c:/users/yu zhe/appdata/local/arduino15/packages/arduino/tools/arm-none-eabi-gcc/4.8.3-2014q1/bin/../lib/gcc/arm-none-eabi/4.8.3/../../../../arm-none-eabi/lib/armv7-m\libg.a(lib_a-locale.o)
                0x200704cc                __mb_cur_max
 .data.__malloc_av_
                0x200704d0      0x408 c:/users/yu zhe/appdata/local/arduino15/packages/arduino/tools/arm-none-eabi-gcc/4.8.3-2014q1/bin/../lib/gcc/arm-none-eabi/4.8.3/../../../../arm-none-eabi/lib/armv7-m\libg.a(lib_a-mallocr.o)
                0x200704d0                __malloc_av_
 .data.__malloc_trim_threshold
                0x200708d8        0x4 c:/users/yu zhe/appdata/local/arduino15/packages/arduino/tools/arm-none-eabi-gcc/4.8.3-2014q1/bin/../lib/gcc/arm-none-eabi/4.8.3/../../../../arm-none-eabi/lib/armv7-m\libg.a(lib_a-mallocr.o)
                0x200708d8                __malloc_trim_threshold
 .data.__malloc_sbrk_base
                0x200708dc        0x4 c:/users/yu zhe/appdata/local/arduino15/packages/arduino/tools/arm-none-eabi-gcc/4.8.3-2014q1/bin/../lib/gcc/arm-none-eabi/4.8.3/../../../../arm-none-eabi/lib/armv7-m\libg.a(lib_a-mallocr.o)
                0x200708dc                __malloc_sbrk_base
 .data.__wctomb
                0x200708e0        0x4 c:/users/yu zhe/appdata/local/arduino15/packages/arduino/tools/arm-none-eabi-gcc/4.8.3-2014q1/bin/../lib/gcc/arm-none-eabi/4.8.3/../../../../arm-none-eabi/lib/armv7-m\libg.a(lib_a-wctomb_r.o)
                0x200708e0                __wctomb
                0x200708e4                . = ALIGN (0x4)
                0x200708e4                _erelocate = .

.bss            0x200708e4      0xb14 load address 0x00086d00
                0x200708e4                . = ALIGN (0x4)
                0x200708e4                _sbss = .
                0x200708e4                _szero = .
 *(.bss .bss.*)
 .bss           0x200708e4       0x1c c:/users/yu zhe/appdata/local/arduino15/packages/arduino/tools/arm-none-eabi-gcc/4.8.3-2014q1/bin/../lib/gcc/arm-none-eabi/4.8.3/armv7-m/crtbegin.o
 .bss.ST        0x20070900        0x8 C:\Users\Yu Zhe\AppData\Local\Temp\VMBuilds\arduino\arduino_due_x_dbg\Debug\arduino.cpp.o
                0x20070900                ST
 .bss.Output    0x20070908        0x8 C:\Users\Yu Zhe\AppData\Local\Temp\VMBuilds\arduino\arduino_due_x_dbg\Debug\arduino.cpp.o
                0x20070908                Output
 .bss.Input     0x20070910        0x8 C:\Users\Yu Zhe\AppData\Local\Temp\VMBuilds\arduino\arduino_due_x_dbg\Debug\arduino.cpp.o
                0x20070910                Input
 .bss.kd        0x20070918        0x8 C:\Users\Yu Zhe\AppData\Local\Temp\VMBuilds\arduino\arduino_due_x_dbg\Debug\arduino.cpp.o
                0x20070918                kd
 .bss.Setpoint  0x20070920        0x8 C:\Users\Yu Zhe\AppData\Local\Temp\VMBuilds\arduino\arduino_due_x_dbg\Debug\arduino.cpp.o
                0x20070920                Setpoint
 .bss.myPID     0x20070928       0x78 C:\Users\Yu Zhe\AppData\Local\Temp\VMBuilds\arduino\arduino_due_x_dbg\Debug\arduino.cpp.o
                0x20070928                myPID
 .bss.MicroDebug
                0x200709a0       0x4c C:\Users\Yu Zhe\AppData\Local\Temp\VMBuilds\arduino\arduino_due_x_dbg\Debug\VM_DBG\VM_DBG.cpp.o
                0x200709a0                MicroDebug
 .bss.tx_buffer2
                0x200709ec       0x88 C:\Users\Yu Zhe\AppData\Local\Temp\VMBuilds\arduino\arduino_due_x_dbg\Debug\variant\variant.cpp.o
                0x200709ec                tx_buffer2
 .bss.tx_buffer1
                0x20070a74       0x88 C:\Users\Yu Zhe\AppData\Local\Temp\VMBuilds\arduino\arduino_due_x_dbg\Debug\variant\variant.cpp.o
                0x20070a74                tx_buffer1
 .bss.Serial    0x20070afc       0x24 C:\Users\Yu Zhe\AppData\Local\Temp\VMBuilds\arduino\arduino_due_x_dbg\Debug\variant\variant.cpp.o
                0x20070afc                Serial
 .bss.rx_buffer1
                0x20070b20       0x88 C:\Users\Yu Zhe\AppData\Local\Temp\VMBuilds\arduino\arduino_due_x_dbg\Debug\variant\variant.cpp.o
                0x20070b20                rx_buffer1
 .bss.Serial1   0x20070ba8       0x28 C:\Users\Yu Zhe\AppData\Local\Temp\VMBuilds\arduino\arduino_due_x_dbg\Debug\variant\variant.cpp.o
                0x20070ba8                Serial1
 .bss.Serial2   0x20070bd0       0x28 C:\Users\Yu Zhe\AppData\Local\Temp\VMBuilds\arduino\arduino_due_x_dbg\Debug\variant\variant.cpp.o
                0x20070bd0                Serial2
 .bss.Serial3   0x20070bf8       0x28 C:\Users\Yu Zhe\AppData\Local\Temp\VMBuilds\arduino\arduino_due_x_dbg\Debug\variant\variant.cpp.o
                0x20070bf8                Serial3
 .bss.tx_buffer3
                0x20070c20       0x88 C:\Users\Yu Zhe\AppData\Local\Temp\VMBuilds\arduino\arduino_due_x_dbg\Debug\variant\variant.cpp.o
                0x20070c20                tx_buffer3
 .bss.tx_buffer4
                0x20070ca8       0x88 C:\Users\Yu Zhe\AppData\Local\Temp\VMBuilds\arduino\arduino_due_x_dbg\Debug\variant\variant.cpp.o
                0x20070ca8                tx_buffer4
 .bss.g_pinStatus
                0x20070d30       0x4f C:\Users\Yu Zhe\AppData\Local\Temp\VMBuilds\arduino\arduino_due_x_dbg\Debug\variant\variant.cpp.o
                0x20070d30                g_pinStatus
 *fill*         0x20070d7f        0x1 
 .bss.rx_buffer2
                0x20070d80       0x88 C:\Users\Yu Zhe\AppData\Local\Temp\VMBuilds\arduino\arduino_due_x_dbg\Debug\variant\variant.cpp.o
                0x20070d80                rx_buffer2
 .bss.rx_buffer3
                0x20070e08       0x88 C:\Users\Yu Zhe\AppData\Local\Temp\VMBuilds\arduino\arduino_due_x_dbg\Debug\variant\variant.cpp.o
                0x20070e08                rx_buffer3
 .bss.rx_buffer4
                0x20070e90       0x88 C:\Users\Yu Zhe\AppData\Local\Temp\VMBuilds\arduino\arduino_due_x_dbg\Debug\variant\variant.cpp.o
                0x20070e90                rx_buffer4
 .bss.gpf_isr   0x20070f18        0x4 C:\Users\Yu Zhe\AppData\Local\arduino15\packages\arduino\hardware\sam\1.6.11\variants\arduino_due_x/libsam_sam3x8e_gcc_rel.a(uotghs.o)
                0x20070f18                gpf_isr
 .bss.heap.6420
                0x20070f1c        0x4 C:\Users\Yu Zhe\AppData\Local\Temp\VMBuilds\arduino\arduino_due_x_dbg\Debug/core.a(syscalls_sam3.c.o)
 .bss.callbacksPioA
                0x20070f20       0x80 C:\Users\Yu Zhe\AppData\Local\Temp\VMBuilds\arduino\arduino_due_x_dbg\Debug/core.a(WInterrupts.c.o)
 .bss.callbacksPioB
                0x20070fa0       0x80 C:\Users\Yu Zhe\AppData\Local\Temp\VMBuilds\arduino\arduino_due_x_dbg\Debug/core.a(WInterrupts.c.o)
 .bss.callbacksPioC
                0x20071020       0x80 C:\Users\Yu Zhe\AppData\Local\Temp\VMBuilds\arduino\arduino_due_x_dbg\Debug/core.a(WInterrupts.c.o)
 .bss.callbacksPioD
                0x200710a0       0x80 C:\Users\Yu Zhe\AppData\Local\Temp\VMBuilds\arduino\arduino_due_x_dbg\Debug/core.a(WInterrupts.c.o)
 .bss._cmark    0x20071120        0x2 C:\Users\Yu Zhe\AppData\Local\Temp\VMBuilds\arduino\arduino_due_x_dbg\Debug/core.a(USBCore.cpp.o)
                0x20071120                _cmark
 .bss._ZL14isEndpointHalt
                0x20071122        0x1 C:\Users\Yu Zhe\AppData\Local\Temp\VMBuilds\arduino\arduino_due_x_dbg\Debug/core.a(USBCore.cpp.o)
 *fill*         0x20071123        0x1 
 .bss._cdcComposite
                0x20071124        0x4 C:\Users\Yu Zhe\AppData\Local\Temp\VMBuilds\arduino\arduino_due_x_dbg\Debug/core.a(USBCore.cpp.o)
                0x20071124                _cdcComposite
 .bss._ZL21isRemoteWakeUpEnabled
                0x20071128        0x1 C:\Users\Yu Zhe\AppData\Local\Temp\VMBuilds\arduino\arduino_due_x_dbg\Debug/core.a(USBCore.cpp.o)
 *fill*         0x20071129        0x3 
 .bss._usbInitialized
                0x2007112c        0x4 C:\Users\Yu Zhe\AppData\Local\Temp\VMBuilds\arduino\arduino_due_x_dbg\Debug/core.a(USBCore.cpp.o)
                0x2007112c                _usbInitialized
 .bss.USBDevice
                0x20071130        0x1 C:\Users\Yu Zhe\AppData\Local\Temp\VMBuilds\arduino\arduino_due_x_dbg\Debug/core.a(USBCore.cpp.o)
                0x20071130                USBDevice
 *fill*         0x20071131        0x3 
 .bss._usbSetInterface
                0x20071134        0x4 C:\Users\Yu Zhe\AppData\Local\Temp\VMBuilds\arduino\arduino_due_x_dbg\Debug/core.a(USBCore.cpp.o)
                0x20071134                _usbSetInterface
 .bss._cend     0x20071138        0x2 C:\Users\Yu Zhe\AppData\Local\Temp\VMBuilds\arduino\arduino_due_x_dbg\Debug/core.a(USBCore.cpp.o)
                0x20071138                _cend
 *fill*         0x2007113a        0x2 
 .bss._usbConfiguration
                0x2007113c        0x4 C:\Users\Yu Zhe\AppData\Local\Temp\VMBuilds\arduino\arduino_due_x_dbg\Debug/core.a(USBCore.cpp.o)
                0x2007113c                _usbConfiguration
 .bss.cdc_rx_buffer
                0x20071140      0x208 C:\Users\Yu Zhe\AppData\Local\Temp\VMBuilds\arduino\arduino_due_x_dbg\Debug/core.a(CDC.cpp.o)
                0x20071140                cdc_rx_buffer
 .bss._ZZN7Serial_6acceptEvE5guard
                0x20071348        0x4 C:\Users\Yu Zhe\AppData\Local\Temp\VMBuilds\arduino\arduino_due_x_dbg\Debug/core.a(CDC.cpp.o)
 .bss.SerialUSB
                0x2007134c       0x14 C:\Users\Yu Zhe\AppData\Local\Temp\VMBuilds\arduino\arduino_due_x_dbg\Debug/core.a(CDC.cpp.o)
                0x2007134c                SerialUSB
 .bss._ZZ12PluggableUSBvE3obj
                0x20071360        0x8 C:\Users\Yu Zhe\AppData\Local\Temp\VMBuilds\arduino\arduino_due_x_dbg\Debug/core.a(PluggableUSB.cpp.o)
 .bss._ZGVZ12PluggableUSBvE3obj
                0x20071368        0x4 C:\Users\Yu Zhe\AppData\Local\Temp\VMBuilds\arduino\arduino_due_x_dbg\Debug/core.a(PluggableUSB.cpp.o)
 .bss._dwTickCount
                0x2007136c        0x4 C:\Users\Yu Zhe\AppData\Local\arduino15\packages\arduino\hardware\sam\1.6.11\variants\arduino_due_x/libsam_sam3x8e_gcc_rel.a(timetick.o)
 .bss.ul_recv_fifo_ptr
                0x20071370       0x28 C:\Users\Yu Zhe\AppData\Local\arduino15\packages\arduino\hardware\sam\1.6.11\variants\arduino_due_x/libsam_sam3x8e_gcc_rel.a(uotghs_device.o)
 .bss.ul_send_fifo_ptr
                0x20071398       0x28 C:\Users\Yu Zhe\AppData\Local\arduino15\packages\arduino\hardware\sam\1.6.11\variants\arduino_due_x/libsam_sam3x8e_gcc_rel.a(uotghs_device.o)
 .bss.__malloc_max_total_mem
                0x200713c0        0x4 c:/users/yu zhe/appdata/local/arduino15/packages/arduino/tools/arm-none-eabi-gcc/4.8.3-2014q1/bin/../lib/gcc/arm-none-eabi/4.8.3/../../../../arm-none-eabi/lib/armv7-m\libg.a(lib_a-mallocr.o)
                0x200713c0                __malloc_max_total_mem
 .bss.__malloc_max_sbrked_mem
                0x200713c4        0x4 c:/users/yu zhe/appdata/local/arduino15/packages/arduino/tools/arm-none-eabi-gcc/4.8.3-2014q1/bin/../lib/gcc/arm-none-eabi/4.8.3/../../../../arm-none-eabi/lib/armv7-m\libg.a(lib_a-mallocr.o)
                0x200713c4                __malloc_max_sbrked_mem
 .bss.__malloc_top_pad
                0x200713c8        0x4 c:/users/yu zhe/appdata/local/arduino15/packages/arduino/tools/arm-none-eabi-gcc/4.8.3-2014q1/bin/../lib/gcc/arm-none-eabi/4.8.3/../../../../arm-none-eabi/lib/armv7-m\libg.a(lib_a-mallocr.o)
                0x200713c8                __malloc_top_pad
 .bss.__malloc_current_mallinfo
                0x200713cc       0x28 c:/users/yu zhe/appdata/local/arduino15/packages/arduino/tools/arm-none-eabi-gcc/4.8.3-2014q1/bin/../lib/gcc/arm-none-eabi/4.8.3/../../../../arm-none-eabi/lib/armv7-m\libg.a(lib_a-mallocr.o)
                0x200713cc                __malloc_current_mallinfo
 *(COMMON)
 COMMON         0x200713f4        0x4 c:/users/yu zhe/appdata/local/arduino15/packages/arduino/tools/arm-none-eabi-gcc/4.8.3-2014q1/bin/../lib/gcc/arm-none-eabi/4.8.3/../../../../arm-none-eabi/lib/armv7-m\libg.a(lib_a-reent.o)
                0x200713f4                errno
                0x200713f8                . = ALIGN (0x4)
                0x200713f8                _ebss = .
                0x200713f8                _ezero = .
                0x200713f8                . = ALIGN (0x4)
                0x200713f8                _end = .

.stack_dummy    0x200713f8        0x0
 *(.stack*)
                0x20088000                __StackTop = (ORIGIN (ram) + 0x18000)
                0x20088000                __StackLimit = (__StackTop - SIZEOF (.stack_dummy))
                0x20088000                PROVIDE (_sstack, __StackLimit)
                0x20088000                PROVIDE (_estack, __StackTop)
OUTPUT(C:\Users\Yu Zhe\AppData\Local\Temp\VMBuilds\arduino\arduino_due_x_dbg\Debug/arduino.ino.elf elf32-littlearm)

.ARM.attributes
                0x00000000       0x29
 .ARM.attributes
                0x00000000       0x1d c:/users/yu zhe/appdata/local/arduino15/packages/arduino/tools/arm-none-eabi-gcc/4.8.3-2014q1/bin/../lib/gcc/arm-none-eabi/4.8.3/armv7-m/crti.o
 .ARM.attributes
                0x0000001d       0x2d c:/users/yu zhe/appdata/local/arduino15/packages/arduino/tools/arm-none-eabi-gcc/4.8.3-2014q1/bin/../lib/gcc/arm-none-eabi/4.8.3/armv7-m/crtbegin.o
 .ARM.attributes
                0x0000004a       0x33 C:\Users\Yu Zhe\AppData\Local\Temp\VMBuilds\arduino\arduino_due_x_dbg\Debug\arduino.cpp.o
 .ARM.attributes
                0x0000007d       0x33 C:\Users\Yu Zhe\AppData\Local\Temp\VMBuilds\arduino\arduino_due_x_dbg\Debug\Arduino-PID-Library-master\PID_v1.cpp.o
 .ARM.attributes
                0x000000b0       0x33 C:\Users\Yu Zhe\AppData\Local\Temp\VMBuilds\arduino\arduino_due_x_dbg\Debug\Sabertooth\Sabertooth.cpp.o
 .ARM.attributes
                0x000000e3       0x33 C:\Users\Yu Zhe\AppData\Local\Temp\VMBuilds\arduino\arduino_due_x_dbg\Debug\VM_DBG\VM_DBG.cpp.o
 .ARM.attributes
                0x00000116       0x33 C:\Users\Yu Zhe\AppData\Local\Temp\VMBuilds\arduino\arduino_due_x_dbg\Debug\variant\variant.cpp.o
 .ARM.attributes
                0x00000149       0x33 C:\Users\Yu Zhe\AppData\Local\arduino15\packages\arduino\hardware\sam\1.6.11\variants\arduino_due_x/libsam_sam3x8e_gcc_rel.a(pio.o)
 .ARM.attributes
                0x0000017c       0x33 C:\Users\Yu Zhe\AppData\Local\arduino15\packages\arduino\hardware\sam\1.6.11\variants\arduino_due_x/libsam_sam3x8e_gcc_rel.a(pmc.o)
 .ARM.attributes
                0x000001af       0x33 C:\Users\Yu Zhe\AppData\Local\arduino15\packages\arduino\hardware\sam\1.6.11\variants\arduino_due_x/libsam_sam3x8e_gcc_rel.a(system_sam3xa.o)
 .ARM.attributes
                0x000001e2       0x33 C:\Users\Yu Zhe\AppData\Local\arduino15\packages\arduino\hardware\sam\1.6.11\variants\arduino_due_x/libsam_sam3x8e_gcc_rel.a(startup_sam3xa.o)
 .ARM.attributes
                0x00000215       0x33 C:\Users\Yu Zhe\AppData\Local\arduino15\packages\arduino\hardware\sam\1.6.11\variants\arduino_due_x/libsam_sam3x8e_gcc_rel.a(adc.o)
 .ARM.attributes
                0x00000248       0x33 C:\Users\Yu Zhe\AppData\Local\arduino15\packages\arduino\hardware\sam\1.6.11\variants\arduino_due_x/libsam_sam3x8e_gcc_rel.a(uotghs.o)
 .ARM.attributes
                0x0000027b       0x33 C:\Users\Yu Zhe\AppData\Local\Temp\VMBuilds\arduino\arduino_due_x_dbg\Debug/core.a(cortex_handlers.c.o)
 .ARM.attributes
                0x000002ae       0x33 C:\Users\Yu Zhe\AppData\Local\Temp\VMBuilds\arduino\arduino_due_x_dbg\Debug/core.a(hooks.c.o)
 .ARM.attributes
                0x000002e1       0x33 C:\Users\Yu Zhe\AppData\Local\Temp\VMBuilds\arduino\arduino_due_x_dbg\Debug/core.a(syscalls_sam3.c.o)
 .ARM.attributes
                0x00000314       0x33 C:\Users\Yu Zhe\AppData\Local\Temp\VMBuilds\arduino\arduino_due_x_dbg\Debug/core.a(WInterrupts.c.o)
 .ARM.attributes
                0x00000347       0x33 C:\Users\Yu Zhe\AppData\Local\Temp\VMBuilds\arduino\arduino_due_x_dbg\Debug/core.a(wiring.c.o)
 .ARM.attributes
                0x0000037a       0x33 C:\Users\Yu Zhe\AppData\Local\Temp\VMBuilds\arduino\arduino_due_x_dbg\Debug/core.a(wiring_analog.c.o)
 .ARM.attributes
                0x000003ad       0x33 C:\Users\Yu Zhe\AppData\Local\Temp\VMBuilds\arduino\arduino_due_x_dbg\Debug/core.a(wiring_digital.c.o)
 .ARM.attributes
                0x000003e0       0x33 C:\Users\Yu Zhe\AppData\Local\Temp\VMBuilds\arduino\arduino_due_x_dbg\Debug/core.a(main.cpp.o)
 .ARM.attributes
                0x00000413       0x33 C:\Users\Yu Zhe\AppData\Local\Temp\VMBuilds\arduino\arduino_due_x_dbg\Debug/core.a(Print.cpp.o)
 .ARM.attributes
                0x00000446       0x33 C:\Users\Yu Zhe\AppData\Local\Temp\VMBuilds\arduino\arduino_due_x_dbg\Debug/core.a(Reset.cpp.o)
 .ARM.attributes
                0x00000479       0x33 C:\Users\Yu Zhe\AppData\Local\Temp\VMBuilds\arduino\arduino_due_x_dbg\Debug/core.a(RingBuffer.cpp.o)
 .ARM.attributes
                0x000004ac       0x33 C:\Users\Yu Zhe\AppData\Local\Temp\VMBuilds\arduino\arduino_due_x_dbg\Debug/core.a(UARTClass.cpp.o)
 .ARM.attributes