Archive member included because of file (symbol)

C:\Users\Yu Zhe\AppData\Local\arduino15\packages\arduino\hardware\sam\1.6.11\variants\arduino_due_x/libsam_sam3x8e_gcc_rel.a(pio.o)
                              C:\Users\Yu Zhe\AppData\Local\Temp\VMBuilds\PID1\arduino_due_x_dbg\Debug\variant\variant.cpp.o (PIO_Configure)
C:\Users\Yu Zhe\AppData\Local\arduino15\packages\arduino\hardware\sam\1.6.11\variants\arduino_due_x/libsam_sam3x8e_gcc_rel.a(pmc.o)
                              C:\Users\Yu Zhe\AppData\Local\Temp\VMBuilds\PID1\arduino_due_x_dbg\Debug\variant\variant.cpp.o (pmc_enable_periph_clk)
C:\Users\Yu Zhe\AppData\Local\arduino15\packages\arduino\hardware\sam\1.6.11\variants\arduino_due_x/libsam_sam3x8e_gcc_rel.a(system_sam3xa.o)
                              C:\Users\Yu Zhe\AppData\Local\Temp\VMBuilds\PID1\arduino_due_x_dbg\Debug\variant\variant.cpp.o (SystemInit)
C:\Users\Yu Zhe\AppData\Local\arduino15\packages\arduino\hardware\sam\1.6.11\variants\arduino_due_x/libsam_sam3x8e_gcc_rel.a(startup_sam3xa.o)
                              (Reset_Handler)
C:\Users\Yu Zhe\AppData\Local\arduino15\packages\arduino\hardware\sam\1.6.11\variants\arduino_due_x/libsam_sam3x8e_gcc_rel.a(adc.o)
                              C:\Users\Yu Zhe\AppData\Local\Temp\VMBuilds\PID1\arduino_due_x_dbg\Debug\variant\variant.cpp.o (adc_init)
C:\Users\Yu Zhe\AppData\Local\arduino15\packages\arduino\hardware\sam\1.6.11\variants\arduino_due_x/libsam_sam3x8e_gcc_rel.a(uotghs.o)
                              C:\Users\Yu Zhe\AppData\Local\arduino15\packages\arduino\hardware\sam\1.6.11\variants\arduino_due_x/libsam_sam3x8e_gcc_rel.a(startup_sam3xa.o) (UOTGHS_Handler)
C:\Users\Yu Zhe\AppData\Local\Temp\VMBuilds\PID1\arduino_due_x_dbg\Debug/core.a(cortex_handlers.c.o)
                              C:\Users\Yu Zhe\AppData\Local\arduino15\packages\arduino\hardware\sam\1.6.11\variants\arduino_due_x/libsam_sam3x8e_gcc_rel.a(startup_sam3xa.o) (NMI_Handler)
C:\Users\Yu Zhe\AppData\Local\Temp\VMBuilds\PID1\arduino_due_x_dbg\Debug/core.a(hooks.c.o)
                              C:\Users\Yu Zhe\AppData\Local\Temp\VMBuilds\PID1\arduino_due_x_dbg\Debug/core.a(cortex_handlers.c.o) (sysTickHook)
C:\Users\Yu Zhe\AppData\Local\Temp\VMBuilds\PID1\arduino_due_x_dbg\Debug/core.a(syscalls_sam3.c.o)
                              (_sbrk)
C:\Users\Yu Zhe\AppData\Local\Temp\VMBuilds\PID1\arduino_due_x_dbg\Debug/core.a(WInterrupts.c.o)
                              C:\Users\Yu Zhe\AppData\Local\Temp\VMBuilds\PID1\arduino_due_x_dbg\Debug\PID1.cpp.o (attachInterrupt)
C:\Users\Yu Zhe\AppData\Local\Temp\VMBuilds\PID1\arduino_due_x_dbg\Debug/core.a(wiring.c.o)
                              C:\Users\Yu Zhe\AppData\Local\Temp\VMBuilds\PID1\arduino_due_x_dbg\Debug\Timer.cpp.o (millis)
C:\Users\Yu Zhe\AppData\Local\Temp\VMBuilds\PID1\arduino_due_x_dbg\Debug/core.a(wiring_analog.c.o)
                              C:\Users\Yu Zhe\AppData\Local\Temp\VMBuilds\PID1\arduino_due_x_dbg\Debug\variant\variant.cpp.o (analogOutputInit)
C:\Users\Yu Zhe\AppData\Local\Temp\VMBuilds\PID1\arduino_due_x_dbg\Debug/core.a(wiring_digital.c.o)
                              C:\Users\Yu Zhe\AppData\Local\Temp\VMBuilds\PID1\arduino_due_x_dbg\Debug\PID1.cpp.o (pinMode)
C:\Users\Yu Zhe\AppData\Local\Temp\VMBuilds\PID1\arduino_due_x_dbg\Debug/core.a(main.cpp.o)
                              c:/users/yu zhe/appdata/local/arduino15/packages/arduino/tools/arm-none-eabi-gcc/4.8.3-2014q1/bin/../lib/gcc/arm-none-eabi/4.8.3/../../../../arm-none-eabi/lib/armv7-m/crt0.o (main)
C:\Users\Yu Zhe\AppData\Local\Temp\VMBuilds\PID1\arduino_due_x_dbg\Debug/core.a(Print.cpp.o)
                              C:\Users\Yu Zhe\AppData\Local\Temp\VMBuilds\PID1\arduino_due_x_dbg\Debug\PID1.cpp.o (Print::print(char const*))
C:\Users\Yu Zhe\AppData\Local\Temp\VMBuilds\PID1\arduino_due_x_dbg\Debug/core.a(Reset.cpp.o)
                              C:\Users\Yu Zhe\AppData\Local\Temp\VMBuilds\PID1\arduino_due_x_dbg\Debug/core.a(cortex_handlers.c.o) (tickReset)
C:\Users\Yu Zhe\AppData\Local\Temp\VMBuilds\PID1\arduino_due_x_dbg\Debug/core.a(RingBuffer.cpp.o)
                              C:\Users\Yu Zhe\AppData\Local\Temp\VMBuilds\PID1\arduino_due_x_dbg\Debug\variant\variant.cpp.o (RingBuffer::RingBuffer())
C:\Users\Yu Zhe\AppData\Local\Temp\VMBuilds\PID1\arduino_due_x_dbg\Debug/core.a(UARTClass.cpp.o)
                              C:\Users\Yu Zhe\AppData\Local\Temp\VMBuilds\PID1\arduino_due_x_dbg\Debug\variant\variant.cpp.o (UARTClass::available())
C:\Users\Yu Zhe\AppData\Local\Temp\VMBuilds\PID1\arduino_due_x_dbg\Debug/core.a(USARTClass.cpp.o)
                              C:\Users\Yu Zhe\AppData\Local\Temp\VMBuilds\PID1\arduino_due_x_dbg\Debug\PID1.cpp.o (USARTClass::begin(unsigned long))
C:\Users\Yu Zhe\AppData\Local\Temp\VMBuilds\PID1\arduino_due_x_dbg\Debug/core.a(watchdog.cpp.o)
[...]
Memory Configuration

Name             Origin             Length             Attributes
rom              0x00080000         0x00080000         xr
sram0            0x20000000         0x00010000         xrw
sram1            0x20080000         0x00008000         xrw
ram              0x20070000         0x00018000         xrw
*default*        0x00000000         0xffffffff

Linker script and memory map

LOAD c:/users/yu zhe/appdata/local/arduino15/packages/arduino/tools/arm-none-eabi-gcc/4.8.3-2014q1/bin/../lib/gcc/arm-none-eabi/4.8.3/armv7-m/crti.o
LOAD c:/users/yu zhe/appdata/local/arduino15/packages/arduino/tools/arm-none-eabi-gcc/4.8.3-2014q1/bin/../lib/gcc/arm-none-eabi/4.8.3/armv7-m/crtbegin.o
LOAD c:/users/yu zhe/appdata/local/arduino15/packages/arduino/tools/arm-none-eabi-gcc/4.8.3-2014q1/bin/../lib/gcc/arm-none-eabi/4.8.3/../../../../arm-none-eabi/lib/armv7-m/crt0.o
START GROUP
LOAD C:\Users\Yu Zhe\AppData\Local\Temp\VMBuilds\PID1\arduino_due_x_dbg\Debug\PID1.cpp.o
LOAD C:\Users\Yu Zhe\AppData\Local\Temp\VMBuilds\PID1\arduino_due_x_dbg\Debug\PID.cpp.o
LOAD C:\Users\Yu Zhe\AppData\Local\Temp\VMBuilds\PID1\arduino_due_x_dbg\Debug\Timer.cpp.o
LOAD C:\Users\Yu Zhe\AppData\Local\Temp\VMBuilds\PID1\arduino_due_x_dbg\Debug\Sabertooth\Sabertooth.cpp.o
LOAD C:\Users\Yu Zhe\AppData\Local\Temp\VMBuilds\PID1\arduino_due_x_dbg\Debug\VM_DBG\VM_DBG.cpp.o
LOAD C:\Users\Yu Zhe\AppData\Local\Temp\VMBuilds\PID1\arduino_due_x_dbg\Debug\VM_DBG\VM_mem_check_sam.cpp.o
LOAD C:\Users\Yu Zhe\AppData\Local\Temp\VMBuilds\PID1\arduino_due_x_dbg\Debug\variant\variant.cpp.o
LOAD C:\Users\Yu Zhe\AppData\Local\arduino15\packages\arduino\hardware\sam\1.6.11\variants\arduino_due_x/libsam_sam3x8e_gcc_rel.a
LOAD C:\Users\Yu Zhe\AppData\Local\Temp\VMBuilds\PID1\arduino_due_x_dbg\Debug/core.a
END GROUP
LOAD c:/users/yu zhe/appdata/local/arduino15/packages/arduino/tools/arm-none-eabi-gcc/4.8.3-2014q1/bin/../lib/gcc/arm-none-eabi/4.8.3/../../../../arm-none-eabi/lib/armv7-m\libm.a
START GROUP
LOAD c:/users/yu zhe/appdata/local/arduino15/packages/arduino/tools/arm-none-eabi-gcc/4.8.3-2014q1/bin/../lib/gcc/arm-none-eabi/4.8.3/armv7-m\libgcc.a
LOAD c:/users/yu zhe/appdata/local/arduino15/packages/arduino/tools/arm-none-eabi-gcc/4.8.3-2014q1/bin/../lib/gcc/arm-none-eabi/4.8.3/../../../../arm-none-eabi/lib/armv7-m\libg.a
LOAD c:/users/yu zhe/appdata/local/arduino15/packages/arduino/tools/arm-none-eabi-gcc/4.8.3-2014q1/bin/../lib/gcc/arm-none-eabi/4.8.3/../../../../arm-none-eabi/lib/armv7-m\libc.a
END GROUP
LOAD c:/users/yu zhe/appdata/local/arduino15/packages/arduino/tools/arm-none-eabi-gcc/4.8.3-2014q1/bin/../lib/gcc/arm-none-eabi/4.8.3/armv7-m/crtend.o
LOAD c:/users/yu zhe/appdata/local/arduino15/packages/arduino/tools/arm-none-eabi-gcc/4.8.3-2014q1/bin/../lib/gcc/arm-none-eabi/4.8.3/armv7-m/crtn.o

.text           0x00080000     0x6a84
                0x00080000                . = ALIGN (0x4)
                0x00080000                _sfixed = .
 *(.vectors .vectors.*)
 .vectors       0x00080000       0xf4 C:\Users\Yu Zhe\AppData\Local\arduino15\packages\arduino\hardware\sam\1.6.11\variants\arduino_due_x/libsam_sam3x8e_gcc_rel.a(startup_sam3xa.o)
                0x00080000                exception_table
 *(.text .text.* .gnu.linkonce.t.*)
 .text          0x000800f4       0x54 c:/users/yu zhe/appdata/local/arduino15/packages/arduino/tools/arm-none-eabi-gcc/4.8.3-2014q1/bin/../lib/gcc/arm-none-eabi/4.8.3/armv7-m/crtbegin.o
 .text._Z8speedchgv
                0x00080148       0x18 C:\Users\Yu Zhe\AppData\Local\Temp\VMBuilds\PID1\arduino_due_x_dbg\Debug\PID1.cpp.o
                0x00080148                speedchg()
 .text._Z5countv
                0x00080160       0x24 C:\Users\Yu Zhe\AppData\Local\Temp\VMBuilds\PID1\arduino_due_x_dbg\Debug\PID1.cpp.o
                0x00080160                count()
 .text.loop     0x00080184       0x24 C:\Users\Yu Zhe\AppData\Local\Temp\VMBuilds\PID1\arduino_due_x_dbg\Debug\PID1.cpp.o
                0x00080184                loop
 .text.startup._GLOBAL__sub_I_A
                0x000801a8       0x1c C:\Users\Yu Zhe\AppData\Local\Temp\VMBuilds\PID1\arduino_due_x_dbg\Debug\PID1.cpp.o
 .text.setup    0x000801c4       0xc8 C:\Users\Yu Zhe\AppData\Local\Temp\VMBuilds\PID1\arduino_due_x_dbg\Debug\PID1.cpp.o
                0x000801c4                setup
 .text._ZN8PIDClass8getPowerERi
                0x0008028c       0xb4 C:\Users\Yu Zhe\AppData\Local\Temp\VMBuilds\PID1\arduino_due_x_dbg\Debug\PID.cpp.o
                0x0008028c                PIDClass::getPower(int&)
 .text._ZN8PIDClass12setTargetValEi
                0x00080340        0x4 C:\Users\Yu Zhe\AppData\Local\Temp\VMBuilds\PID1\arduino_due_x_dbg\Debug\PID.cpp.o
                0x00080340                PIDClass::setTargetVal(int)
 .text._ZN8PIDClassC2Ev
                0x00080344       0x34 C:\Users\Yu Zhe\AppData\Local\Temp\VMBuilds\PID1\arduino_due_x_dbg\Debug\PID.cpp.o
                0x00080344                PIDClass::PIDClass()
                0x00080344                PIDClass::PIDClass()
 .text.startup._GLOBAL__sub_I__ZN8PIDClass4initEfffii
                0x00080378        0xc C:\Users\Yu Zhe\AppData\Local\Temp\VMBuilds\PID1\arduino_due_x_dbg\Debug\PID.cpp.o
 .text._ZN10TimerClass4initEv
                0x00080384        0xc C:\Users\Yu Zhe\AppData\Local\Temp\VMBuilds\PID1\arduino_due_x_dbg\Debug\Timer.cpp.o
                0x00080384                TimerClass::init()
 .text._ZN10TimerClassC2Ev
                0x00080390        0xc C:\Users\Yu Zhe\AppData\Local\Temp\VMBuilds\PID1\arduino_due_x_dbg\Debug\Timer.cpp.o
                0x00080390                TimerClass::TimerClass()
                0x00080390                TimerClass::TimerClass()
 .text._ZN10TimerClass5resetEv
                0x0008039c        0xc C:\Users\Yu Zhe\AppData\Local\Temp\VMBuilds\PID1\arduino_due_x_dbg\Debug\Timer.cpp.o
                0x0008039c                TimerClass::reset()
 .text._ZN10TimerClass7getTimeEv
                0x000803a8        0xe C:\Users\Yu Zhe\AppData\Local\Temp\VMBuilds\PID1\arduino_due_x_dbg\Debug\Timer.cpp.o
                0x000803a8                TimerClass::getTime()
 *fill*         0x000803b6        0x2 
 .text.startup._GLOBAL__sub_I__ZN10TimerClassC2Ev
                0x000803b8        0xc C:\Users\Yu Zhe\AppData\Local\Temp\VMBuilds\PID1\arduino_due_x_dbg\Debug\Timer.cpp.o
 .text._ZN10SabertoothC2Eh
                0x000803c4        0xc C:\Users\Yu Zhe\AppData\Local\Temp\VMBuilds\PID1\arduino_due_x_dbg\Debug\Sabertooth\Sabertooth.cpp.o
                0x000803c4                Sabertooth::Sabertooth(unsigned char)
                0x000803c4                Sabertooth::Sabertooth(unsigned char)
 .text._ZN10Sabertooth8autobaudER6Streamb
                0x000803d0       0x32 C:\Users\Yu Zhe\AppData\Local\Temp\VMBuilds\PID1\arduino_due_x_dbg\Debug\Sabertooth\Sabertooth.cpp.o
                0x000803d0                Sabertooth::autobaud(Stream&, bool)
 .text._ZNK10Sabertooth8autobaudEb
                0x00080402        0x6 C:\Users\Yu Zhe\AppData\Local\Temp\VMBuilds\PID1\arduino_due_x_dbg\Debug\Sabertooth\Sabertooth.cpp.o
                0x00080402                Sabertooth::autobaud(bool) const
 .text._ZNK10Sabertooth7commandEhh
                0x00080408       0x3a C:\Users\Yu Zhe\AppData\Local\Temp\VMBuilds\PID1\arduino_due_x_dbg\Debug\Sabertooth\Sabertooth.cpp.o
                0x00080408                Sabertooth::command(unsigned char, unsigned char) const
 .text._ZNK10Sabertooth15throttleCommandEhi
                0x00080442       0x1c C:\Users\Yu Zhe\AppData\Local\Temp\VMBuilds\PID1\arduino_due_x_dbg\Debug\Sabertooth\Sabertooth.cpp.o
                0x00080442                Sabertooth::throttleCommand(unsigned char, int) const
 .text._ZNK10Sabertooth5motorEhi
                0x0008045e       0x1e C:\Users\Yu Zhe\AppData\Local\Temp\VMBuilds\PID1\arduino_due_x_dbg\Debug\Sabertooth\Sabertooth.cpp.o
                0x0008045e                Sabertooth::motor(unsigned char, int) const
 .text._ZN16VisualMicroDebug16DBG_YieldAndWaitEmb
                0x0008047c       0x1a C:\Users\Yu Zhe\AppData\Local\Temp\VMBuilds\PID1\arduino_due_x_dbg\Debug\VM_DBG\VM_DBG.cpp.o
                0x0008047c                VisualMicroDebug::DBG_YieldAndWait(unsigned long, bool)
 .text._ZN16VisualMicroDebug16DBG_YieldAndWaitEm
                0x00080496        0x6 C:\Users\Yu Zhe\AppData\Local\Temp\VMBuilds\PID1\arduino_due_x_dbg\Debug\VM_DBG\VM_DBG.cpp.o
                0x00080496                VisualMicroDebug::DBG_YieldAndWait(unsigned long)
 .text._ZN16VisualMicroDebug14outPacketStartEb
                0x0008049c       0x28 C:\Users\Yu Zhe\AppData\Local\Temp\VMBuilds\PID1\arduino_due_x_dbg\Debug\VM_DBG\VM_DBG.cpp.o
                0x0008049c                VisualMicroDebug::outPacketStart(bool)
 .text._ZN16VisualMicroDebug12outPacketEndEv
                0x000804c4        0x2 C:\Users\Yu Zhe\AppData\Local\Temp\VMBuilds\PID1\arduino_due_x_dbg\Debug\VM_DBG\VM_DBG.cpp.o
                0x000804c4                VisualMicroDebug::outPacketEnd()
 .text._ZN16VisualMicroDebug4initEm
                0x000804c6        0xe C:\Users\Yu Zhe\AppData\Local\Temp\VMBuilds\PID1\arduino_due_x_dbg\Debug\VM_DBG\VM_DBG.cpp.o
                0x000804c6                VisualMicroDebug::init(unsigned long)
 .text._ZN16VisualMicroDebug5beginEP9UARTClassm
                0x000804d4       0x10 C:\Users\Yu Zhe\AppData\Local\Temp\VMBuilds\PID1\arduino_due_x_dbg\Debug\VM_DBG\VM_DBG.cpp.o
                0x000804d4                VisualMicroDebug::begin(UARTClass*, unsigned long)
 .text._ZN16VisualMicroDebug4readEv
                0x000804e4        0xe C:\Users\Yu Zhe\AppData\Local\Temp\VMBuilds\PID1\arduino_due_x_dbg\Debug\VM_DBG\VM_DBG.cpp.o
                0x000804e4                VisualMicroDebug::read()
 .text._ZN16VisualMicroDebug9availableEv
                0x000804f2        0xe C:\Users\Yu Zhe\AppData\Local\Temp\VMBuilds\PID1\arduino_due_x_dbg\Debug\VM_DBG\VM_DBG.cpp.o
                0x000804f2                VisualMicroDebug::available()
 .text._ZN16VisualMicroDebug16sendContinuedACKEh
                0x00080500       0x3c C:\Users\Yu Zhe\AppData\Local\Temp\VMBuilds\PID1\arduino_due_x_dbg\Debug\VM_DBG\VM_DBG.cpp.o
                0x00080500                VisualMicroDebug::sendContinuedACK(unsigned char)
 .text._ZN16VisualMicroDebug9breakWaitEh
                0x0008053c       0x54 C:\Users\Yu Zhe\AppData\Local\Temp\VMBuilds\PID1\arduino_due_x_dbg\Debug\VM_DBG\VM_DBG.cpp.o
                0x0008053c                VisualMicroDebug::breakWait(unsigned char)
 .text._ZN16VisualMicroDebug5startEbb
                0x00080590       0x26 C:\Users\Yu Zhe\AppData\Local\Temp\VMBuilds\PID1\arduino_due_x_dbg\Debug\VM_DBG\VM_DBG.cpp.o
                0x00080590                VisualMicroDebug::start(bool, bool)
 *fill*         0x000805b6        0x2 
 .text.startup._GLOBAL__sub_I__ZN16VisualMicroDebug16DBG_YieldAndWaitEm
                0x000805b8       0x14 C:\Users\Yu Zhe\AppData\Local\Temp\VMBuilds\PID1\arduino_due_x_dbg\Debug\VM_DBG\VM_DBG.cpp.o
 .text._Z11serialEventv
                0x000805cc        0x2 C:\Users\Yu Zhe\AppData\Local\Temp\VMBuilds\PID1\arduino_due_x_dbg\Debug\variant\variant.cpp.o
                0x000805cc                serialEvent()
 *fill*         0x000805ce        0x2 
 .text.UART_Handler
                0x000805d0        0xc C:\Users\Yu Zhe\AppData\Local\Temp\VMBuilds\PID1\arduino_due_x_dbg\Debug\variant\variant.cpp.o
                0x000805d0                UART_Handler
 .text._Z12serialEvent1v
                0x000805dc        0x2 C:\Users\Yu Zhe\AppData\Local\Temp\VMBuilds\PID1\arduino_due_x_dbg\Debug\variant\variant.cpp.o
                0x000805dc                serialEvent1()
 .text._Z12serialEvent2v
                0x000805de        0x2 C:\Users\Yu Zhe\AppData\Local\Temp\VMBuilds\PID1\arduino_due_x_dbg\Debug\variant\variant.cpp.o
                0x000805de                serialEvent2()
 .text._Z12serialEvent3v
                0x000805e0        0x2 C:\Users\Yu Zhe\AppData\Local\Temp\VMBuilds\PID1\arduino_due_x_dbg\Debug\variant\variant.cpp.o
                0x000805e0                serialEvent3()
 *fill*         0x000805e2        0x2 
 .text.USART0_Handler
                0x000805e4        0xc C:\Users\Yu Zhe\AppData\Local\Temp\VMBuilds\PID1\arduino_due_x_dbg\Debug\variant\variant.cpp.o
                0x000805e4                USART0_Handler
 .text.USART1_Handler
                0x000805f0        0xc C:\Users\Yu Zhe\AppData\Local\Temp\VMBuilds\PID1\arduino_due_x_dbg\Debug\variant\variant.cpp.o
                0x000805f0                USART1_Handler
 .text.USART3_Handler
                0x000805fc        0xc C:\Users\Yu Zhe\AppData\Local\Temp\VMBuilds\PID1\arduino_due_x_dbg\Debug\variant\variant.cpp.o
                0x000805fc                USART3_Handler
 .text.init     0x00080608      0x128 C:\Users\Yu Zhe\AppData\Local\Temp\VMBuilds\PID1\arduino_due_x_dbg\Debug\variant\variant.cpp.o
                0x00080608                init
 .text.startup._GLOBAL__sub_I_g_APinDescription
                0x00080730       0xd4 C:\Users\Yu Zhe\AppData\Local\Temp\VMBuilds\PID1\arduino_due_x_dbg\Debug\variant\variant.cpp.o
 .text._Z14serialEventRunv
                0x00080804       0x44 C:\Users\Yu Zhe\AppData\Local\Temp\VMBuilds\PID1\arduino_due_x_dbg\Debug\variant\variant.cpp.o
                0x00080804                serialEventRun()
 .text.PIO_PullUp
                0x00080848        0xa C:\Users\Yu Zhe\AppData\Local\arduino15\packages\arduino\hardware\sam\1.6.11\variants\arduino_due_x/libsam_sam3x8e_gcc_rel.a(pio.o)
                0x00080848                PIO_PullUp
 .text.PIO_Get  0x00080852       0x14 C:\Users\Yu Zhe\AppData\Local\arduino15\packages\arduino\hardware\sam\1.6.11\variants\arduino_due_x/libsam_sam3x8e_gcc_rel.a(pio.o)
                0x00080852                PIO_Get
 .text.PIO_SetPeripheral
                0x00080866       0x26 C:\Users\Yu Zhe\AppData\Local\arduino15\packages\arduino\hardware\sam\1.6.11\variants\arduino_due_x/libsam_sam3x8e_gcc_rel.a(pio.o)
                0x00080866                PIO_SetPeripheral
 .text.PIO_SetInput
                0x0008088c       0x26 C:\Users\Yu Zhe\AppData\Local\arduino15\packages\arduino\hardware\sam\1.6.11\variants\arduino_due_x/libsam_sam3x8e_gcc_rel.a(pio.o)
                0x0008088c                PIO_SetInput
 .text.PIO_SetOutput
                0x000808b2       0x24 C:\Users\Yu Zhe\AppData\Local\arduino15\packages\arduino\hardware\sam\1.6.11\variants\arduino_due_x/libsam_sam3x8e_gcc_rel.a(pio.o)
                0x000808b2                PIO_SetOutput
 *fill*         0x000808d6        0x2 
 .text.PIO_Configure
                0x000808d8       0x64 C:\Users\Yu Zhe\AppData\Local\arduino15\packages\arduino\hardware\sam\1.6.11\variants\arduino_due_x/libsam_sam3x8e_gcc_rel.a(pio.o)
                0x000808d8                PIO_Configure
 .text.PIO_GetOutputDataStatus
                0x0008093c       0x14 C:\Users\Yu Zhe\AppData\Local\arduino15\packages\arduino\hardware\sam\1.6.11\variants\arduino_due_x/libsam_sam3x8e_gcc_rel.a(pio.o)
                0x0008093c                PIO_GetOutputDataStatus
 .text.pmc_enable_upll_clock
                0x00080950       0x14 C:\Users\Yu Zhe\AppData\Local\arduino15\packages\arduino\hardware\sam\1.6.11\variants\arduino_due_x/libsam_sam3x8e_gcc_rel.a(pmc.o)
                0x00080950                pmc_enable_upll_clock
 .text.pmc_enable_periph_clk
                0x00080964       0x44 C:\Users\Yu Zhe\AppData\Local\arduino15\packages\arduino\hardware\sam\1.6.11\variants\arduino_due_x/libsam_sam3x8e_gcc_rel.a(pmc.o)
                0x00080964                pmc_enable_periph_clk
 .text.pmc_disable_periph_clk
                0x000809a8       0x40 C:\Users\Yu Zhe\AppData\Local\arduino15\packages\arduino\hardware\sam\1.6.11\variants\arduino_due_x/libsam_sam3x8e_gcc_rel.a(pmc.o)
                0x000809a8                pmc_disable_periph_clk
 .text.pmc_switch_udpck_to_upllck
                0x000809e8       0x14 C:\Users\Yu Zhe\AppData\Local\arduino15\packages\arduino\hardware\sam\1.6.11\variants\arduino_due_x/libsam_sam3x8e_gcc_rel.a(pmc.o)
                0x000809e8                pmc_switch_udpck_to_upllck
 .text.pmc_enable_udpck
                0x000809fc        0xc C:\Users\Yu Zhe\AppData\Local\arduino15\packages\arduino\hardware\sam\1.6.11\variants\arduino_due_x/libsam_sam3x8e_gcc_rel.a(pmc.o)
                0x000809fc                pmc_enable_udpck
 .text.SystemInit
                0x00080a08       0x88 C:\Users\Yu Zhe\AppData\Local\arduino15\packages\arduino\hardware\sam\1.6.11\variants\arduino_due_x/libsam_sam3x8e_gcc_rel.a(system_sam3xa.o)
                0x00080a08                SystemInit
 .text.Reset_Handler
                0x00080a90       0x78 C:\Users\Yu Zhe\AppData\Local\arduino15\packages\arduino\hardware\sam\1.6.11\variants\arduino_due_x/libsam_sam3x8e_gcc_rel.a(startup_sam3xa.o)
                0x00080a90                Reset_Handler
 .text.adc_init
                0x00080b08       0x98 C:\Users\Yu Zhe\AppData\Local\arduino15\packages\arduino\hardware\sam\1.6.11\variants\arduino_due_x/libsam_sam3x8e_gcc_rel.a(adc.o)
                0x00080b08                adc_init
 .text.adc_configure_trigger
                0x00080ba0        0xe C:\Users\Yu Zhe\AppData\Local\arduino15\packages\arduino\hardware\sam\1.6.11\variants\arduino_due_x/libsam_sam3x8e_gcc_rel.a(adc.o)
                0x00080ba0                adc_configure_trigger
 .text.adc_configure_timing
                0x00080bae       0x1a C:\Users\Yu Zhe\AppData\Local\arduino15\packages\arduino\hardware\sam\1.6.11\variants\arduino_due_x/libsam_sam3x8e_gcc_rel.a(adc.o)
                0x00080bae                adc_configure_timing
 .text.adc_disable_channel
                0x00080bc8        0xa C:\Users\Yu Zhe\AppData\Local\arduino15\packages\arduino\hardware\sam\1.6.11\variants\arduino_due_x/libsam_sam3x8e_gcc_rel.a(adc.o)
                0x00080bc8                adc_disable_channel
 .text.adc_disable_all_channel
                0x00080bd2        0x8 C:\Users\Yu Zhe\AppData\Local\arduino15\packages\arduino\hardware\sam\1.6.11\variants\arduino_due_x/libsam_sam3x8e_gcc_rel.a(adc.o)
                0x00080bd2                adc_disable_all_channel
 .text.adc_disable_interrupt
                0x00080bda        0x4 C:\Users\Yu Zhe\AppData\Local\arduino15\packages\arduino\hardware\sam\1.6.11\variants\arduino_due_x/libsam_sam3x8e_gcc_rel.a(adc.o)
                0x00080bda                adc_disable_interrupt
 *fill*         0x00080bde        0x2 
 .text.UOTGHS_Handler
                0x00080be0       0x10 C:\Users\Yu Zhe\AppData\Local\arduino15\packages\arduino\hardware\sam\1.6.11\variants\arduino_due_x/libsam_sam3x8e_gcc_rel.a(uotghs.o)
                0x00080be0                UOTGHS_Handler
 .text.__halt   0x00080bf0        0x2 C:\Users\Yu Zhe\AppData\Local\Temp\VMBuilds\PID1\arduino_due_x_dbg\Debug/core.a(cortex_handlers.c.o)
                0x00080bf0                DACC_Handler
                0x00080bf0                DebugMon_Handler
                0x00080bf0                DMAC_Handler
                0x00080bf0                TRNG_Handler
                0x00080bf0                HardFault_Handler
                0x00080bf0                TC2_Handler
                0x00080bf0                TWI1_Handler
                0x00080bf0                NMI_Handler
                0x00080bf0                TC7_Handler
                0x00080bf0                ADC_Handler
                0x00080bf0                SMC_Handler
                0x00080bf0                RTT_Handler
                0x00080bf0                EFC1_Handler
                0x00080bf0                RTC_Handler
                0x00080bf0                UsageFault_Handler
                0x00080bf0                TC6_Handler
                0x00080bf0                WDT_Handler
                0x00080bf0                CAN0_Handler
                0x00080bf0                TC4_Handler
                0x00080bf0                TC1_Handler
                0x00080bf0                HSMCI_Handler
                0x00080bf0                TC3_Handler
                0x00080bf0                TWI0_Handler
                0x00080bf0                SSC_Handler
                0x00080bf0                EFC0_Handler
                0x00080bf0                PMC_Handler
                0x00080bf0                PWM_Handler
                0x00080bf0                CAN1_Handler
                0x00080bf0                MemManage_Handler
                0x00080bf0                SUPC_Handler
                0x00080bf0                TC8_Handler
                0x00080bf0                USART2_Handler
                0x00080bf0                EMAC_Handler
                0x00080bf0                BusFault_Handler
                0x00080bf0                RSTC_Handler
                0x00080bf0                TC0_Handler
                0x00080bf0                TC5_Handler
                0x00080bf0                SPI0_Handler
 .text.SVC_Handler
                0x00080bf2        0x4 C:\Users\Yu Zhe\AppData\Local\Temp\VMBuilds\PID1\arduino_due_x_dbg\Debug/core.a(cortex_handlers.c.o)
                0x00080bf2                SVC_Handler
 .text.PendSV_Handler
                0x00080bf6        0x4 C:\Users\Yu Zhe\AppData\Local\Temp\VMBuilds\PID1\arduino_due_x_dbg\Debug/core.a(cortex_handlers.c.o)
                0x00080bf6                PendSV_Handler
 .text.SysTick_Handler
                0x00080bfa       0x16 C:\Users\Yu Zhe\AppData\Local\Temp\VMBuilds\PID1\arduino_due_x_dbg\Debug/core.a(cortex_handlers.c.o)
                0x00080bfa                SysTick_Handler
 .text.__empty  0x00080c10        0x2 C:\Users\Yu Zhe\AppData\Local\Temp\VMBuilds\PID1\arduino_due_x_dbg\Debug/core.a(hooks.c.o)
                0x00080c10                yield
 .text.__false  0x00080c12        0x4 C:\Users\Yu Zhe\AppData\Local\Temp\VMBuilds\PID1\arduino_due_x_dbg\Debug/core.a(hooks.c.o)
                0x00080c12                sysTickHook
 .text.__halt   0x00080c16        0x2 C:\Users\Yu Zhe\AppData\Local\Temp\VMBuilds\PID1\arduino_due_x_dbg\Debug/core.a(hooks.c.o)
                0x00080c16                svcHook
                0x00080c16                pendSVHook
 .text._sbrk    0x00080c18       0x1c C:\Users\Yu Zhe\AppData\Local\Temp\VMBuilds\PID1\arduino_due_x_dbg\Debug/core.a(syscalls_sam3.c.o)
                0x00080c18                _sbrk
 .text.link     0x00080c34        0x6 C:\Users\Yu Zhe\AppData\Local\Temp\VMBuilds\PID1\arduino_due_x_dbg\Debug/core.a(syscalls_sam3.c.o)
                0x00080c34                link
 .text._close   0x00080c3a        0x6 C:\Users\Yu Zhe\AppData\Local\Temp\VMBuilds\PID1\arduino_due_x_dbg\Debug/core.a(syscalls_sam3.c.o)
                0x00080c3a                _close
 .text._fstat   0x00080c40        0xa C:\Users\Yu Zhe\AppData\Local\Temp\VMBuilds\PID1\arduino_due_x_dbg\Debug/core.a(syscalls_sam3.c.o)
                0x00080c40                _fstat
 .text._isatty  0x00080c4a        0x4 C:\Users\Yu Zhe\AppData\Local\Temp\VMBuilds\PID1\arduino_due_x_dbg\Debug/core.a(syscalls_sam3.c.o)
                0x00080c4a                _isatty
 .text._lseek   0x00080c4e        0x4 C:\Users\Yu Zhe\AppData\Local\Temp\VMBuilds\PID1\arduino_due_x_dbg\Debug/core.a(syscalls_sam3.c.o)
                0x00080c4e                _lseek
 .text._read    0x00080c52        0x4 C:\Users\Yu Zhe\AppData\Local\Temp\VMBuilds\PID1\arduino_due_x_dbg\Debug/core.a(syscalls_sam3.c.o)
                0x00080c52                _read
 *fill*         0x00080c56        0x2 
 .text._write   0x00080c58       0x24 C:\Users\Yu Zhe\AppData\Local\Temp\VMBuilds\PID1\arduino_due_x_dbg\Debug/core.a(syscalls_sam3.c.o)
                0x00080c58                _write
 .text._exit    0x00080c7c       0x10 C:\Users\Yu Zhe\AppData\Local\Temp\VMBuilds\PID1\arduino_due_x_dbg\Debug/core.a(syscalls_sam3.c.o)
                0x00080c7c                _exit
 .text._kill    0x00080c8c        0x2 C:\Users\Yu Zhe\AppData\Local\Temp\VMBuilds\PID1\arduino_due_x_dbg\Debug/core.a(syscalls_sam3.c.o)
                0x00080c8c                _kill
 .text._getpid  0x00080c8e        0x6 C:\Users\Yu Zhe\AppData\Local\Temp\VMBuilds\PID1\arduino_due_x_dbg\Debug/core.a(syscalls_sam3.c.o)
                0x00080c8e                _getpid
 .text.attachInterrupt
                0x00080c94      0x148 C:\Users\Yu Zhe\AppData\Local\Temp\VMBuilds\PID1\arduino_due_x_dbg\Debug/core.a(WInterrupts.c.o)
                0x00080c94                attachInterrupt
 .text.PIOA_Handler
                0x00080ddc       0x38 C:\Users\Yu Zhe\AppData\Local\Temp\VMBuilds\PID1\arduino_due_x_dbg\Debug/core.a(WInterrupts.c.o)
                0x00080ddc                PIOA_Handler
 .text.PIOB_Handler
                0x00080e14       0x38 C:\Users\Yu Zhe\AppData\Local\Temp\VMBuilds\PID1\arduino_due_x_dbg\Debug/core.a(WInterrupts.c.o)
                0x00080e14                PIOB_Handler
 .text.PIOC_Handler
                0x00080e4c       0x38 C:\Users\Yu Zhe\AppData\Local\Temp\VMBuilds\PID1\arduino_due_x_dbg\Debug/core.a(WInterrupts.c.o)
                0x00080e4c                PIOC_Handler
 .text.PIOD_Handler
                0x00080e84       0x38 C:\Users\Yu Zhe\AppData\Local\Temp\VMBuilds\PID1\arduino_due_x_dbg\Debug/core.a(WInterrupts.c.o)
                0x00080e84                PIOD_Handler
 .text.millis   0x00080ebc        0x4 C:\Users\Yu Zhe\AppData\Local\Temp\VMBuilds\PID1\arduino_due_x_dbg\Debug/core.a(wiring.c.o)
                0x00080ebc                millis
 .text.delay    0x00080ec0       0x1c C:\Users\Yu Zhe\AppData\Local\Temp\VMBuilds\PID1\arduino_due_x_dbg\Debug/core.a(wiring.c.o)
                0x00080ec0                delay
 .text.analogOutputInit
                0x00080edc        0x2 C:\Users\Yu Zhe\AppData\Local\Temp\VMBuilds\PID1\arduino_due_x_dbg\Debug/core.a(wiring_analog.c.o)
                0x00080edc                analogOutputInit
 *fill*         0x00080ede        0x2 
 .text.pinMode  0x00080ee0      0x108 C:\Users\Yu Zhe\AppData\Local\Temp\VMBuilds\PID1\arduino_due_x_dbg\Debug/core.a(wiring_digital.c.o)
                0x00080ee0                pinMode
 .text.digitalWrite
                0x00080fe8       0x70 C:\Users\Yu Zhe\AppData\Local\Temp\VMBuilds\PID1\arduino_due_x_dbg\Debug/core.a(wiring_digital.c.o)
                0x00080fe8                digitalWrite
 .text.digitalRead
                0x00081058       0x44 C:\Users\Yu Zhe\AppData\Local\Temp\VMBuilds\PID1\arduino_due_x_dbg\Debug/core.a(wiring_digital.c.o)
                0x00081058                digitalRead
 .text.initVariant
                0x0008109c        0x2 C:\Users\Yu Zhe\AppData\Local\Temp\VMBuilds\PID1\arduino_due_x_dbg\Debug/core.a(main.cpp.o)
                0x0008109c                initVariant
 *fill*         0x0008109e        0x2 
 .text.startup.main
                0x000810a0       0x38 C:\Users\Yu Zhe\AppData\Local\Temp\VMBuilds\PID1\arduino_due_x_dbg\Debug/core.a(main.cpp.o)
                0x000810a0                main
 .text._ZN5Print5writeEPKhj
                0x000810d8       0x22 C:\Users\Yu Zhe\AppData\Local\Temp\VMBuilds\PID1\arduino_due_x_dbg\Debug/core.a(Print.cpp.o)
                0x000810d8                Print::write(unsigned char const*, unsigned int)
 .text._ZN5Print5printEmi.part.3
                0x000810fa        0xc C:\Users\Yu Zhe\AppData\Local\Temp\VMBuilds\PID1\arduino_due_x_dbg\Debug/core.a(Print.cpp.o)
 .text._ZN5Print5writeEPKc
                0x00081106       0x1e C:\Users\Yu Zhe\AppData\Local\Temp\VMBuilds\PID1\arduino_due_x_dbg\Debug/core.a(Print.cpp.o)
                0x00081106                Print::write(char const*)
 .text._ZN5Print5printEPKc
                0x00081124        0x8 C:\Users\Yu Zhe\AppData\Local\Temp\VMBuilds\PID1\arduino_due_x_dbg\Debug/core.a(Print.cpp.o)
                0x00081124                Print::print(char const*)
 .text._ZN5Print11printNumberEmh
                0x0008112c       0x3e C:\Users\Yu Zhe\AppData\Local\Temp\VMBuilds\PID1\arduino_due_x_dbg\Debug/core.a(Print.cpp.o)
                0x0008112c                Print::printNumber(unsigned long, unsigned char)
 .text._ZN5Print5printEmi
                0x0008116a        0xc C:\Users\Yu Zhe\AppData\Local\Temp\VMBuilds\PID1\arduino_due_x_dbg\Debug/core.a(Print.cpp.o)
                0x0008116a                Print::print(unsigned long, int)
 .text._ZN5Print5printEhi
                0x00081176        0x4 C:\Users\Yu Zhe\AppData\Local\Temp\VMBuilds\PID1\arduino_due_x_dbg\Debug/core.a(Print.cpp.o)
                0x00081176                Print::print(unsigned char, int)
 *fill*         0x0008117a        0x2 
 .text.initiateReset
                0x0008117c        0xc C:\Users\Yu Zhe\AppData\Local\Temp\VMBuilds\PID1\arduino_due_x_dbg\Debug/core.a(Reset.cpp.o)
                0x0008117c                initiateReset
 .text.cancelReset
                0x00081188       0x10 C:\Users\Yu Zhe\AppData\Local\Temp\VMBuilds\PID1\arduino_due_x_dbg\Debug/core.a(Reset.cpp.o)
                0x00081188                cancelReset
 .text.tickReset
                0x00081198       0x20 C:\Users\Yu Zhe\AppData\Local\Temp\VMBuilds\PID1\arduino_due_x_dbg\Debug/core.a(Reset.cpp.o)
                0x00081198                tickReset
 .text._ZN10RingBufferC2Ev
                0x000811b8       0x1a C:\Users\Yu Zhe\AppData\Local\Temp\VMBuilds\PID1\arduino_due_x_dbg\Debug/core.a(RingBuffer.cpp.o)
                0x000811b8                RingBuffer::RingBuffer()
                0x000811b8                RingBuffer::RingBuffer()
 .text._ZN10RingBuffer10store_charEh
                0x000811d2       0x1e C:\Users\Yu Zhe\AppData\Local\Temp\VMBuilds\PID1\arduino_due_x_dbg\Debug/core.a(RingBuffer.cpp.o)
                0x000811d2                RingBuffer::store_char(unsigned char)
 .text._ZN9UARTClasscvbEv
                0x000811f0        0x4 C:\Users\Yu Zhe\AppData\Local\Temp\VMBuilds\PID1\arduino_due_x_dbg\Debug/core.a(UARTClass.cpp.o)
                0x000811f0                UARTClass::operator bool()
 .text._ZN9UARTClass9availableEv
                0x000811f4       0x12 C:\Users\Yu Zhe\AppData\Local\Temp\VMBuilds\PID1\arduino_due_x_dbg\Debug/core.a(UARTClass.cpp.o)
                0x000811f4                UARTClass::available()
 .text._ZN9UARTClass4peekEv
                0x00081206       0x1c C:\Users\Yu Zhe\AppData\Local\Temp\VMBuilds\PID1\arduino_due_x_dbg\Debug/core.a(UARTClass.cpp.o)
                0x00081206                UARTClass::peek()
 .text._ZN9UARTClass4readEv
                0x00081222       0x2a C:\Users\Yu Zhe\AppData\Local\Temp\VMBuilds\PID1\arduino_due_x_dbg\Debug/core.a(UARTClass.cpp.o)
                0x00081222                UARTClass::read()
 .text._ZN9UARTClass5flushEv
                0x0008124c       0x18 C:\Users\Yu Zhe\AppData\Local\Temp\VMBuilds\PID1\arduino_due_x_dbg\Debug/core.a(UARTClass.cpp.o)
                0x0008124c                UARTClass::flush()
 .text._ZN9UARTClass5writeEh
                0x00081264       0x54 C:\Users\Yu Zhe\AppData\Local\Temp\VMBuilds\PID1\arduino_due_x_dbg\Debug/core.a(UARTClass.cpp.o)
                0x00081264                UARTClass::write(unsigned char)
 .text._ZN9UARTClass3endEv
                0x000812b8       0x3c C:\Users\Yu Zhe\AppData\Local\Temp\VMBuilds\PID1\arduino_due_x_dbg\Debug/core.a(UARTClass.cpp.o)
                0x000812b8                UARTClass::end()
 .text._ZN9UARTClassC2EP4Uart4IRQnmP10RingBufferS4_
                0x000812f4       0x24 C:\Users\Yu Zhe\AppData\Local\Temp\VMBuilds\PID1\arduino_due_x_dbg\Debug/core.a(UARTClass.cpp.o)
                0x000812f4                UARTClass::UARTClass(Uart*, IRQn, unsigned long, RingBuffer*, RingBuffer*)
                0x000812f4                UARTClass::UARTClass(Uart*, IRQn, unsigned long, RingBuffer*, RingBuffer*)
 .text._ZN9UARTClass4initEmm
                0x00081318       0x70 C:\Users\Yu Zhe\AppData\Local\Temp\VMBuilds\PID1\arduino_due_x_dbg\Debug/core.a(UARTClass.cpp.o)
                0x00081318                UARTClass::init(unsigned long, unsigned long)
 .text._ZN9UARTClass5beginEm
                0x00081388        0x8 C:\Users\Yu Zhe\AppData\Local\Temp\VMBuilds\PID1\arduino_due_x_dbg\Debug/core.a(UARTClass.cpp.o)
                0x00081388                UARTClass::begin(unsigned long)
 .text._ZN9UARTClass10IrqHandlerEv
                0x00081390       0x5a C:\Users\Yu Zhe\AppData\Local\Temp\VMBuilds\PID1\arduino_due_x_dbg\Debug/core.a(UARTClass.cpp.o)
                0x00081390                UARTClass::IrqHandler()
 .text._ZN10USARTClass5beginEm
                0x000813ea        0x8 C:\Users\Yu Zhe\AppData\Local\Temp\VMBuilds\PID1\arduino_due_x_dbg\Debug/core.a(USARTClass.cpp.o)
                0x000813ea                USARTClass::begin(unsigned long)
 *fill*         0x000813f2        0x2 
 .text._ZN10USARTClassC2EP5Usart4IRQnmP10RingBufferS4_
                0x000813f4       0x24 C:\Users\Yu Zhe\AppData\Local\Temp\VMBuilds\PID1\arduino_due_x_dbg\Debug/core.a(USARTClass.cpp.o)
                0x000813f4                USARTClass::USARTClass(Usart*, IRQn, unsigned long, RingBuffer*, RingBuffer*)
                0x000813f4                USARTClass::USARTClass(Usart*, IRQn, unsigned long, RingBuffer*, RingBuffer*)
 .text._watchdogDefaultSetup
                0x00081418        0xc C:\Users\Yu Zhe\AppData\Local\Temp\VMBuilds\PID1\arduino_due_x_dbg\Debug/core.a(watchdog.cpp.o)
                0x00081418                _watchdogDefaultSetup
                0x00081418                watchdogSetup()
 .text._ZN7Serial_9availableEv
                0x00081424       0x18 C:\Users\Yu Zhe\AppData\Local\Temp\VMBuilds\PID1\arduino_due_x_dbg\Debug/core.a(CDC.cpp.o)
                0x00081424                Serial_::available()
 .text._ZN7Serial_17availableForWriteEv
                0x0008143c        0x6 C:\Users\Yu Zhe\AppData\Local\Temp\VMBuilds\PID1\arduino_due_x_dbg\Debug/core.a(CDC.cpp.o)
                0x0008143c                Serial_::availableForWrite()
 *fill*         0x00081442        0x2 
 .text._ZN7Serial_4peekEv
                0x00081444       0x20 C:\Users\Yu Zhe\AppData\Local\Temp\VMBuilds\PID1\arduino_due_x_dbg\Debug/core.a(CDC.cpp.o)
                0x00081444                Serial_::peek()
 .text._ZN7Serial_5writeEh
                0x00081464       0x16 C:\Users\Yu Zhe\AppData\Local\Temp\VMBuilds\PID1\arduino_due_x_dbg\Debug/core.a(CDC.cpp.o)
                0x00081464                Serial_::write(unsigned char)
 *fill*         0x0008147a        0x2 
 .text._ZN7Serial_4readEv
                0x0008147c       0x44 C:\Users\Yu Zhe\AppData\Local\Temp\VMBuilds\PID1\arduino_due_x_dbg\Debug/core.a(CDC.cpp.o)
                0x0008147c                Serial_::read()
 .text._ZN7Serial_5flushEv
                0x000814c0        0x6 C:\Users\Yu Zhe\AppData\Local\Temp\VMBuilds\PID1\arduino_due_x_dbg\Debug/core.a(CDC.cpp.o)
                0x000814c0                Serial_::flush()
 *fill*         0x000814c6        0x2 
 .text._ZN7Serial_6acceptEv
                0x000814c8       0x70 C:\Users\Yu Zhe\AppData\Local\Temp\VMBuilds\PID1\arduino_due_x_dbg\Debug/core.a(CDC.cpp.o)
                0x000814c8                Serial_::accept()
 .text._ZN7Serial_5writeEPKhj
                0x00081538       0x2c C:\Users\Yu Zhe\AppData\Local\Temp\VMBuilds\PID1\arduino_due_x_dbg\Debug/core.a(CDC.cpp.o)
                0x00081538                Serial_::write(unsigned char const*, unsigned int)
 .text._Z16CDC_GetInterfacePh
                0x00081564       0x14 C:\Users\Yu Zhe\AppData\Local\Temp\VMBuilds\PID1\arduino_due_x_dbg\Debug/core.a(CDC.cpp.o)
                0x00081564                CDC_GetInterface(unsigned char*)
 .text._Z21CDC_GetOtherInterfacePh
                0x00081578       0x14 C:\Users\Yu Zhe\AppData\Local\Temp\VMBuilds\PID1\arduino_due_x_dbg\Debug/core.a(CDC.cpp.o)
                0x00081578                CDC_GetOtherInterface(unsigned char*)
 .text._Z9CDC_SetupR8USBSetup
                0x0008158c       0x78 C:\Users\Yu Zhe\AppData\Local\Temp\VMBuilds\PID1\arduino_due_x_dbg\Debug/core.a(CDC.cpp.o)
                0x0008158c                CDC_Setup(USBSetup&)
 .text.startup._GLOBAL__sub_I_cdc_rx_buffer
                0x00081604       0x1c C:\Users\Yu Zhe\AppData\Local\Temp\VMBuilds\PID1\arduino_due_x_dbg\Debug/core.a(CDC.cpp.o)
 .text.unlikely._ZL11USB_SendZlpv
                0x00081620       0x20 C:\Users\Yu Zhe\AppData\Local\Temp\VMBuilds\PID1\arduino_due_x_dbg\Debug/core.a(USBCore.cpp.o)
 .text._Z14USBD_Availablem
                0x00081640       0x2c C:\Users\Yu Zhe\AppData\Local\Temp\VMBuilds\PID1\arduino_due_x_dbg\Debug/core.a(USBCore.cpp.o)
                0x00081640                USBD_Available(unsigned long)
 .text._Z9USBD_RecvmPvm
                0x0008166c       0x7c C:\Users\Yu Zhe\AppData\Local\Temp\VMBuilds\PID1\arduino_due_x_dbg\Debug/core.a(USBCore.cpp.o)
                0x0008166c                USBD_Recv(unsigned long, void*, unsigned long)
 .text._Z9USBD_Recvm
                0x000816e8       0x22 C:\Users\Yu Zhe\AppData\Local\Temp\VMBuilds\PID1\arduino_due_x_dbg\Debug/core.a(USBCore.cpp.o)
                0x000816e8                USBD_Recv(unsigned long)
 *fill*         0x0008170a        0x2 
 .text._Z9USBD_SendmPKvm
                0x0008170c       0x4c C:\Users\Yu Zhe\AppData\Local\Temp\VMBuilds\PID1\arduino_due_x_dbg\Debug/core.a(USBCore.cpp.o)
                0x0008170c                USBD_Send(unsigned long, void const*, unsigned long)
 .text._Z16USBD_SendControlhPKvm
                0x00081758       0x40 C:\Users\Yu Zhe\AppData\Local\Temp\VMBuilds\PID1\arduino_due_x_dbg\Debug/core.a(USBCore.cpp.o)
                0x00081758                USBD_SendControl(unsigned char, void const*, unsigned long)
 .text.unlikely._ZL24USB_SendStringDescriptorPKhi
                0x00081798       0x64 C:\Users\Yu Zhe\AppData\Local\Temp\VMBuilds\PID1\arduino_due_x_dbg\Debug/core.a(USBCore.cpp.o)
 .text._Z16USBD_RecvControlPvm
                0x000817fc       0x1c C:\Users\Yu Zhe\AppData\Local\Temp\VMBuilds\PID1\arduino_due_x_dbg\Debug/core.a(USBCore.cpp.o)
                0x000817fc                USBD_RecvControl(void*, unsigned long)
 .text._Z26USBD_ClassInterfaceRequestR8USBSetup
                0x00081818       0x1e C:\Users\Yu Zhe\AppData\Local\Temp\VMBuilds\PID1\arduino_due_x_dbg\Debug/core.a(USBCore.cpp.o)
                0x00081818                USBD_ClassInterfaceRequest(USBSetup&)
 .text._Z19USBD_SendInterfacesv
                0x00081836       0x22 C:\Users\Yu Zhe\AppData\Local\Temp\VMBuilds\PID1\arduino_due_x_dbg\Debug/core.a(USBCore.cpp.o)
                0x00081836                USBD_SendInterfaces()
 .text._Z24USBD_SendOtherInterfacesv
                0x00081858       0x22 C:\Users\Yu Zhe\AppData\Local\Temp\VMBuilds\PID1\arduino_due_x_dbg\Debug/core.a(USBCore.cpp.o)
                0x00081858                USBD_SendOtherInterfaces()
 .text._Z10USBD_Flushm
                0x0008187a       0x16 C:\Users\Yu Zhe\AppData\Local\Temp\VMBuilds\PID1\arduino_due_x_dbg\Debug/core.a(USBCore.cpp.o)
                0x0008187a                USBD_Flush(unsigned long)
 .text._ZN10USBDevice_C2Ev
                0x00081890       0x24 C:\Users\Yu Zhe\AppData\Local\Temp\VMBuilds\PID1\arduino_due_x_dbg\Debug/core.a(USBCore.cpp.o)
                0x00081890                USBDevice_::USBDevice_()
                0x00081890                USBDevice_::USBDevice_()
 .text._ZN10USBDevice_6attachEv
                0x000818b4       0x20 C:\Users\Yu Zhe\AppData\Local\Temp\VMBuilds\PID1\arduino_due_x_dbg\Debug/core.a(USBCore.cpp.o)
                0x000818b4                USBDevice_::attach()
 .text.startup._GLOBAL__sub_I_EndPoints
                0x000818d4        0xc C:\Users\Yu Zhe\AppData\Local\Temp\VMBuilds\PID1\arduino_due_x_dbg\Debug/core.a(USBCore.cpp.o)
 .text._ZL7USB_ISRv
                0x000818e0      0x454 C:\Users\Yu Zhe\AppData\Local\Temp\VMBuilds\PID1\arduino_due_x_dbg\Debug/core.a(USBCore.cpp.o)
 .text._ZN13PluggableUSB_12getInterfaceEPh
                0x00081d34       0x28 C:\Users\Yu Zhe\AppData\Local\Temp\VMBuilds\PID1\arduino_due_x_dbg\Debug/core.a(PluggableUSB.cpp.o)
                0x00081d34                PluggableUSB_::getInterface(unsigned char*)
 .text._ZN13PluggableUSB_13getDescriptorER8USBSetup
                0x00081d5c       0x1c C:\Users\Yu Zhe\AppData\Local\Temp\VMBuilds\PID1\arduino_due_x_dbg\Debug/core.a(PluggableUSB.cpp.o)
                0x00081d5c                PluggableUSB_::getDescriptor(USBSetup&)
 .text._ZN13PluggableUSB_12getShortNameEPc
                0x00081d78       0x1c C:\Users\Yu Zhe\AppData\Local\Temp\VMBuilds\PID1\arduino_due_x_dbg\Debug/core.a(PluggableUSB.cpp.o)
                0x00081d78                PluggableUSB_::getShortName(char*)
 .text._ZN13PluggableUSB_5setupER8USBSetup
                0x00081d94       0x20 C:\Users\Yu Zhe\AppData\Local\Temp\VMBuilds\PID1\arduino_due_x_dbg\Debug/core.a(PluggableUSB.cpp.o)
                0x00081d94                PluggableUSB_::setup(USBSetup&)
 .text._Z12PluggableUSBv
                0x00081db4       0x28 C:\Users\Yu Zhe\AppData\Local\Temp\VMBuilds\PID1\arduino_due_x_dbg\Debug/core.a(PluggableUSB.cpp.o)
                0x00081db4                PluggableUSB()
 .text.TimeTick_Increment
                0x00081ddc       0x10 C:\Users\Yu Zhe\AppData\Local\arduino15\packages\arduino\hardware\sam\1.6.11\variants\arduino_due_x/libsam_sam3x8e_gcc_rel.a(timetick.o)
                0x00081ddc                TimeTick_Increment
 .text.GetTickCount
                0x00081dec        0xc C:\Users\Yu Zhe\AppData\Local\arduino15\packages\arduino\hardware\sam\1.6.11\variants\arduino_due_x/libsam_sam3x8e_gcc_rel.a(timetick.o)
                0x00081dec                GetTickCount
 .text.WDT_Disable
                0x00081df8        0x8 C:\Users\Yu Zhe\AppData\Local\arduino15\packages\arduino\hardware\sam\1.6.11\variants\arduino_due_x/libsam_sam3x8e_gcc_rel.a(wdt.o)
                0x00081df8                WDT_Disable
 .text.UDD_SetStack
                0x00081e00        0xc C:\Users\Yu Zhe\AppData\Local\arduino15\packages\arduino\hardware\sam\1.6.11\variants\arduino_due_x/libsam_sam3x8e_gcc_rel.a(uotghs_device.o)
                0x00081e00                UDD_SetStack
 .text.UDD_Init
                0x00081e0c       0xd0 C:\Users\Yu Zhe\AppData\Local\arduino15\packages\arduino\hardware\sam\1.6.11\variants\arduino_due_x/libsam_sam3x8e_gcc_rel.a(uotghs_device.o)
                0x00081e0c                UDD_Init
 .text.UDD_Attach
                0x00081edc       0x50 C:\Users\Yu Zhe\AppData\Local\arduino15\packages\arduino\hardware\sam\1.6.11\variants\arduino_due_x/libsam_sam3x8e_gcc_rel.a(uotghs_device.o)
                0x00081edc                UDD_Attach
 .text.UDD_InitEP
                0x00081f2c       0x2c C:\Users\Yu Zhe\AppData\Local\arduino15\packages\arduino\hardware\sam\1.6.11\variants\arduino_due_x/libsam_sam3x8e_gcc_rel.a(uotghs_device.o)
                0x00081f2c                UDD_InitEP
 .text.UDD_InitEndpoints
                0x00081f58       0x3c C:\Users\Yu Zhe\AppData\Local\arduino15\packages\arduino\hardware\sam\1.6.11\variants\arduino_due_x/libsam_sam3x8e_gcc_rel.a(uotghs_device.o)
                0x00081f58                UDD_InitEndpoints
 .text.UDD_WaitIN
                0x00081f94       0x10 C:\Users\Yu Zhe\AppData\Local\arduino15\packages\arduino\hardware\sam\1.6.11\variants\arduino_due_x/libsam_sam3x8e_gcc_rel.a(uotghs_device.o)
                0x00081f94                UDD_WaitIN
 .text.UDD_WaitOUT
                0x00081fa4       0x10 C:\Users\Yu Zhe\AppData\Local\arduino15\packages\arduino\hardware\sam\1.6.11\variants\arduino_due_x/libsam_sam3x8e_gcc_rel.a(uotghs_device.o)
                0x00081fa4                UDD_WaitOUT
 .text.UDD_ClearIN
                0x00081fb4       0x18 C:\Users\Yu Zhe\AppData\Local\arduino15\packages\arduino\hardware\sam\1.6.11\variants\arduino_due_x/libsam_sam3x8e_gcc_rel.a(uotghs_device.o)
                0x00081fb4                UDD_ClearIN
 .text.UDD_ClearOUT
                0x00081fcc       0x18 C:\Users\Yu Zhe\AppData\Local\arduino15\packages\arduino\hardware\sam\1.6.11\variants\arduino_due_x/libsam_sam3x8e_gcc_rel.a(uotghs_device.o)
                0x00081fcc                UDD_ClearOUT
 .text.UDD_ReceivedSetupInt
                0x00081fe4       0x10 C:\Users\Yu Zhe\AppData\Local\arduino15\packages\arduino\hardware\sam\1.6.11\variants\arduino_due_x/libsam_sam3x8e_gcc_rel.a(uotghs_device.o)
                0x00081fe4                UDD_ReceivedSetupInt
 .text.UDD_ClearSetupInt
                0x00081ff4       0x10 C:\Users\Yu Zhe\AppData\Local\arduino15\packages\arduino\hardware\sam\1.6.11\variants\arduino_due_x/libsam_sam3x8e_gcc_rel.a(uotghs_device.o)
                0x00081ff4                UDD_ClearSetupInt
 .text.UDD_Send
                0x00082004       0x88 C:\Users\Yu Zhe\AppData\Local\arduino15\packages\arduino\hardware\sam\1.6.11\variants\arduino_due_x/libsam_sam3x8e_gcc_rel.a(uotghs_device.o)
                0x00082004                UDD_Send
 .text.UDD_Send8
                0x0008208c       0x24 C:\Users\Yu Zhe\AppData\Local\arduino15\packages\arduino\hardware\sam\1.6.11\variants\arduino_due_x/libsam_sam3x8e_gcc_rel.a(uotghs_device.o)
                0x0008208c                UDD_Send8
 .text.UDD_Recv8
                0x000820b0       0x28 C:\Users\Yu Zhe\AppData\Local\arduino15\packages\arduino\hardware\sam\1.6.11\variants\arduino_due_x/libsam_sam3x8e_gcc_rel.a(uotghs_device.o)
                0x000820b0                UDD_Recv8
 .text.UDD_Recv
                0x000820d8       0x34 C:\Users\Yu Zhe\AppData\Local\arduino15\packages\arduino\hardware\sam\1.6.11\variants\arduino_due_x/libsam_sam3x8e_gcc_rel.a(uotghs_device.o)
                0x000820d8                UDD_Recv
 .text.UDD_Stall
                0x0008210c       0x14 C:\Users\Yu Zhe\AppData\Local\arduino15\packages\arduino\hardware\sam\1.6.11\variants\arduino_due_x/libsam_sam3x8e_gcc_rel.a(uotghs_device.o)
                0x0008210c                UDD_Stall
 .text.UDD_FifoByteCount
                0x00082120       0x14 C:\Users\Yu Zhe\AppData\Local\arduino15\packages\arduino\hardware\sam\1.6.11\variants\arduino_due_x/libsam_sam3x8e_gcc_rel.a(uotghs_device.o)
                0x00082120                UDD_FifoByteCount
 .text.UDD_ReleaseRX
                0x00082134       0x28 C:\Users\Yu Zhe\AppData\Local\arduino15\packages\arduino\hardware\sam\1.6.11\variants\arduino_due_x/libsam_sam3x8e_gcc_rel.a(uotghs_device.o)
                0x00082134                UDD_ReleaseRX
 .text.UDD_ReleaseTX
                0x0008215c       0x28 C:\Users\Yu Zhe\AppData\Local\arduino15\packages\arduino\hardware\sam\1.6.11\variants\arduino_due_x/libsam_sam3x8e_gcc_rel.a(uotghs_device.o)
                0x0008215c                UDD_ReleaseTX
 .text.UDD_SetAddress
                0x00082184       0x20 C:\Users\Yu Zhe\AppData\Local\arduino15\packages\arduino\hardware\sam\1.6.11\variants\arduino_due_x/libsam_sam3x8e_gcc_rel.a(uotghs_device.o)
                0x00082184                UDD_SetAddress
 .text          0x000821a4      0x370 c:/users/yu zhe/appdata/local/arduino15/packages/arduino/tools/arm-none-eabi-gcc/4.8.3-2014q1/bin/../lib/gcc/arm-none-eabi/4.8.3/armv7-m\libgcc.a(_arm_addsubdf3.o)
                0x000821a4                __aeabi_drsub
                0x000821ac                __aeabi_dsub
                0x000821ac                __subdf3
                0x000821b0                __aeabi_dadd
                0x000821b0                __adddf3
                0x00082428                __floatunsidf
                0x00082428                __aeabi_ui2d
                0x00082448                __floatsidf
                0x00082448                __aeabi_i2d
                0x0008246c                __aeabi_f2d
                0x0008246c                __extendsfdf2
                0x000824a8                __floatundidf
                0x000824a8                __aeabi_ul2d
                0x000824b8                __floatdidf
                0x000824b8                __aeabi_l2d
 .text          0x00082514      0x424 c:/users/yu zhe/appdata/local/arduino15/packages/arduino/tools/arm-none-eabi-gcc/4.8.3-2014q1/bin/../lib/gcc/arm-none-eabi/4.8.3/armv7-m\libgcc.a(_arm_muldivdf3.o)
                0x00082514                __aeabi_dmul
                0x00082514                __muldf3
                0x00082768                __divdf3
                0x00082768                __aeabi_ddiv
 .text          0x00082938       0x50 c:/users/yu zhe/appdata/local/arduino15/packages/arduino/tools/arm-none-eabi-gcc/4.8.3-2014q1/bin/../lib/gcc/arm-none-eabi/4.8.3/armv7-m\libgcc.a(_arm_fixdfsi.o)
                0x00082938                __aeabi_d2iz
                0x00082938                __fixdfsi
 .text          0x00082988      0x21c c:/users/yu zhe/appdata/local/arduino15/packages/arduino/tools/arm-none-eabi-gcc/4.8.3-2014q1/bin/../lib/gcc/arm-none-eabi/4.8.3/armv7-m\libgcc.a(_arm_addsubsf3.o)
                0x00082988                __aeabi_frsub
                0x00082990                __subsf3
                0x00082990                __aeabi_fsub
                0x00082994                __aeabi_fadd
                0x00082994                __addsf3
                0x00082af4                __aeabi_ui2f
                0x00082af4                __floatunsisf
                0x00082afc                __aeabi_i2f
                0x00082afc                __floatsisf
                0x00082b18                __aeabi_ul2f
                0x00082b18                __floatundisf
                0x00082b28                __aeabi_l2f
                0x00082b28                __floatdisf
 .text          0x00082ba4      0x2a0 c:/users/yu zhe/appdata/local/arduino15/packages/arduino/tools/arm-none-eabi-gcc/4.8.3-2014q1/bin/../lib/gcc/arm-none-eabi/4.8.3/armv7-m\libgcc.a(_arm_muldivsf3.o)
                0x00082ba4                __mulsf3
                0x00082ba4                __aeabi_fmul
                0x00082d0c                __aeabi_fdiv
                0x00082d0c                __divsf3
 .text          0x00082e44       0x4c c:/users/yu zhe/appdata/local/arduino15/packages/arduino/tools/arm-none-eabi-gcc/4.8.3-2014q1/bin/../lib/gcc/arm-none-eabi/4.8.3/armv7-m\libgcc.a(_arm_fixsfsi.o)
                0x00082e44                __aeabi_f2iz
                0x00082e44                __fixsfsi
 .text.__libc_init_array
                0x00082e90       0x50 c:/users/yu zhe/appdata/local/arduino15/packages/arduino/tools/arm-none-eabi-gcc/4.8.3-2014q1/bin/../lib/gcc/arm-none-eabi/4.8.3/../../../../arm-none-eabi/lib/armv7-m\libg.a(lib_a-init.o)
                0x00082e90                __libc_init_array
 .text.iprintf  0x00082ee0       0x28 c:/users/yu zhe/appdata/local/arduino15/packages/arduino/tools/arm-none-eabi-gcc/4.8.3-2014q1/bin/../lib/gcc/arm-none-eabi/4.8.3/../../../../arm-none-eabi/lib/armv7-m\libg.a(lib_a-iprintf.o)
                0x00082ee0                iprintf
 .text.malloc   0x00082f08       0x10 c:/users/yu zhe/appdata/local/arduino15/packages/arduino/tools/arm-none-eabi-gcc/4.8.3-2014q1/bin/../lib/gcc/arm-none-eabi/4.8.3/../../../../arm-none-eabi/lib/armv7-m\libg.a(lib_a-malloc.o)
                0x00082f08                malloc
 .text._malloc_r
                0x00082f18      0x538 c:/users/yu zhe/appdata/local/arduino15/packages/arduino/tools/arm-none-eabi-gcc/4.8.3-2014q1/bin/../lib/gcc/arm-none-eabi/4.8.3/../../../../arm-none-eabi/lib/armv7-m\libg.a(lib_a-mallocr.o)
                0x00082f18                _malloc_r
 .text          0x00083450       0xec c:/users/yu zhe/appdata/local/arduino15/packages/arduino/tools/arm-none-eabi-gcc/4.8.3-2014q1/bin/../lib/gcc/arm-none-eabi/4.8.3/../../../../arm-none-eabi/lib/armv7-m\libg.a(lib_a-memcpy.o)
                0x00083450                memcpy
 .text.memmove  0x0008353c       0xcc c:/users/yu zhe/appdata/local/arduino15/packages/arduino/tools/arm-none-eabi-gcc/4.8.3-2014q1/bin/../lib/gcc/arm-none-eabi/4.8.3/../../../../arm-none-eabi/lib/armv7-m\libg.a(lib_a-memmove.o)
                0x0008353c                memmove
 .text.memset   0x00083608       0x94 c:/users/yu zhe/appdata/local/arduino15/packages/arduino/tools/arm-none-eabi-gcc/4.8.3-2014q1/bin/../lib/gcc/arm-none-eabi/4.8.3/../../../../arm-none-eabi/lib/armv7-m\libg.a(lib_a-memset.o)
                0x00083608                memset
 .text.__malloc_lock
                0x0008369c        0x4 c:/users/yu zhe/appdata/local/arduino15/packages/arduino/tools/arm-none-eabi-gcc/4.8.3-2014q1/bin/../lib/gcc/arm-none-eabi/4.8.3/../../../../arm-none-eabi/lib/armv7-m\libg.a(lib_a-mlock.o)
                0x0008369c                __malloc_lock
 .text.__malloc_unlock
                0x000836a0        0x4 c:/users/yu zhe/appdata/local/arduino15/packages/arduino/tools/arm-none-eabi-gcc/4.8.3-2014q1/bin/../lib/gcc/arm-none-eabi/4.8.3/../../../../arm-none-eabi/lib/armv7-m\libg.a(lib_a-mlock.o)
                0x000836a0                __malloc_unlock
 .text._realloc_r
                0x000836a4      0x3c0 c:/users/yu zhe/appdata/local/arduino15/packages/arduino/tools/arm-none-eabi-gcc/4.8.3-2014q1/bin/../lib/gcc/arm-none-eabi/4.8.3/../../../../arm-none-eabi/lib/armv7-m\libg.a(lib_a-reallocr.o)
                0x000836a4                _realloc_r
 .text._sbrk_r  0x00083a64       0x24 c:/users/yu zhe/appdata/local/arduino15/packages/arduino/tools/arm-none-eabi-gcc/4.8.3-2014q1/bin/../lib/gcc/arm-none-eabi/4.8.3/../../../../arm-none-eabi/lib/armv7-m\libg.a(lib_a-sbrkr.o)
                0x00083a64                _sbrk_r
 .text.strlen   0x00083a88       0x60 c:/users/yu zhe/appdata/local/arduino15/packages/arduino/tools/arm-none-eabi-gcc/4.8.3-2014q1/bin/../lib/gcc/arm-none-eabi/4.8.3/../../../../arm-none-eabi/lib/armv7-m\libg.a(lib_a-strlen.o)
                0x00083a88                strlen
 .text.kill     0x00083ae8       0x10 c:/users/yu zhe/appdata/local/arduino15/packages/arduino/tools/arm-none-eabi-gcc/4.8.3-2014q1/bin/../lib/gcc/arm-none-eabi/4.8.3/../../../../arm-none-eabi/lib/armv7-m\libg.a(lib_a-syskill.o)
                0x00083ae8                kill
 .text.__sprint_r.part.0
                0x00083af8       0x78 c:/users/yu zhe/appdata/local/arduino15/packages/arduino/tools/arm-none-eabi-gcc/4.8.3-2014q1/bin/../lib/gcc/arm-none-eabi/4.8.3/../../../../arm-none-eabi/lib/armv7-m\libg.a(lib_a-vfiprintf.o)
 .text._vfiprintf_r
                0x00083b70      0xc54 c:/users/yu zhe/appdata/local/arduino15/packages/arduino/tools/arm-none-eabi-gcc/4.8.3-2014q1/bin/../lib/gcc/arm-none-eabi/4.8.3/../../../../arm-none-eabi/lib/armv7-m\libg.a(lib_a-vfiprintf.o)
                0x00083b70                _vfiprintf_r
 .text.__sbprintf
                0x000847c4       0x7c c:/users/yu zhe/appdata/local/arduino15/packages/arduino/tools/arm-none-eabi-gcc/4.8.3-2014q1/bin/../lib/gcc/arm-none-eabi/4.8.3/../../../../arm-none-eabi/lib/armv7-m\libg.a(lib_a-vfiprintf.o)
 .text.__swsetup_r
                0x00084840       0xc4 c:/users/yu zhe/appdata/local/arduino15/packages/arduino/tools/arm-none-eabi-gcc/4.8.3-2014q1/bin/../lib/gcc/arm-none-eabi/4.8.3/../../../../arm-none-eabi/lib/armv7-m\libg.a(lib_a-wsetup.o)
                0x00084840                __swsetup_r
 .text.startup.register_fini
                0x00084904       0x14 c:/users/yu zhe/appdata/local/arduino15/packages/arduino/tools/arm-none-eabi-gcc/4.8.3-2014q1/bin/../lib/gcc/arm-none-eabi/4.8.3/../../../../arm-none-eabi/lib/armv7-m\libg.a(lib_a-__call_atexit.o)
 .text.atexit   0x00084918        0xc c:/users/yu zhe/appdata/local/arduino15/packages/arduino/tools/arm-none-eabi-gcc/4.8.3-2014q1/bin/../lib/gcc/arm-none-eabi/4.8.3/../../../../arm-none-eabi/lib/armv7-m\libg.a(lib_a-atexit.o)
                0x00084918                atexit
 .text.__sflush_r
                0x00084924      0x148 c:/users/yu zhe/appdata/local/arduino15/packages/arduino/tools/arm-none-eabi-gcc/4.8.3-2014q1/bin/../lib/gcc/arm-none-eabi/4.8.3/../../../../arm-none-eabi/lib/armv7-m\libg.a(lib_a-fflush.o)
                0x00084924                __sflush_r
 .text._fflush_r
                0x00084a6c       0x2c c:/users/yu zhe/appdata/local/arduino15/packages/arduino/tools/arm-none-eabi-gcc/4.8.3-2014q1/bin/../lib/gcc/arm-none-eabi/4.8.3/../../../../arm-none-eabi/lib/armv7-m\libg.a(lib_a-fflush.o)
                0x00084a6c                _fflush_r
 .text._cleanup_r
                0x00084a98        0xc c:/users/yu zhe/appdata/local/arduino15/packages/arduino/tools/arm-none-eabi-gcc/4.8.3-2014q1/bin/../lib/gcc/arm-none-eabi/4.8.3/../../../../arm-none-eabi/lib/armv7-m\libg.a(lib_a-findfp.o)
                0x00084a98                _cleanup_r
 .text.__sinit  0x00084aa4       0xf4 c:/users/yu zhe/appdata/local/arduino15/packages/arduino/tools/arm-none-eabi-gcc/4.8.3-2014q1/bin/../lib/gcc/arm-none-eabi/4.8.3/../../../../arm-none-eabi/lib/armv7-m\libg.a(lib_a-findfp.o)
                0x00084aa4                __sinit
 .text.__sfp_lock_acquire
                0x00084b98        0x4 c:/users/yu zhe/appdata/local/arduino15/packages/arduino/tools/arm-none-eabi-gcc/4.8.3-2014q1/bin/../lib/gcc/arm-none-eabi/4.8.3/../../../../arm-none-eabi/lib/armv7-m\libg.a(lib_a-findfp.o)
                0x00084b98                __sfp_lock_acquire
 .text.__sfp_lock_release
                0x00084b9c        0x4 c:/users/yu zhe/appdata/local/arduino15/packages/arduino/tools/arm-none-eabi-gcc/4.8.3-2014q1/bin/../lib/gcc/arm-none-eabi/4.8.3/../../../../arm-none-eabi/lib/armv7-m\libg.a(lib_a-findfp.o)
                0x00084b9c                __sfp_lock_release
 .text.__libc_fini_array
                0x00084ba0       0x30 c:/users/yu zhe/appdata/local/arduino15/packages/arduino/tools/arm-none-eabi-gcc/4.8.3-2014q1/bin/../lib/gcc/arm-none-eabi/4.8.3/../../../../arm-none-eabi/lib/armv7-m\libg.a(lib_a-fini.o)
                0x00084ba0                __libc_fini_array
 .text._fputwc_r
                0x00084bd0       0xc0 c:/users/yu zhe/appdata/local/arduino15/packages/arduino/tools/arm-none-eabi-gcc/4.8.3-2014q1/bin/../lib/gcc/arm-none-eabi/4.8.3/../../../../arm-none-eabi/lib/armv7-m\libg.a(lib_a-fputwc.o)
                0x00084bd0                _fputwc_r
 .text._malloc_trim_r
                0x00084c90       0x9c c:/users/yu zhe/appdata/local/arduino15/packages/arduino/tools/arm-none-eabi-gcc/4.8.3-2014q1/bin/../lib/gcc/arm-none-eabi/4.8.3/../../../../arm-none-eabi/lib/armv7-m\libg.a(lib_a-freer.o)
                0x00084c90                _malloc_trim_r
 .text._free_r  0x00084d2c      0x198 c:/users/yu zhe/appdata/local/arduino15/packages/arduino/tools/arm-none-eabi-gcc/4.8.3-2014q1/bin/../lib/gcc/arm-none-eabi/4.8.3/../../../../arm-none-eabi/lib/armv7-m\libg.a(lib_a-freer.o)
                0x00084d2c                _free_r
 .text.__sfvwrite_r
                0x00084ec4      0x314 c:/users/yu zhe/appdata/local/arduino15/packages/arduino/tools/arm-none-eabi-gcc/4.8.3-2014q1/bin/../lib/gcc/arm-none-eabi/4.8.3/../../../../arm-none-eabi/lib/armv7-m\libg.a(lib_a-fvwrite.o)
                0x00084ec4                __sfvwrite_r
 .text._fwalk   0x000851d8       0x48 c:/users/yu zhe/appdata/local/arduino15/packages/arduino/tools/arm-none-eabi-gcc/4.8.3-2014q1/bin/../lib/gcc/arm-none-eabi/4.8.3/../../../../arm-none-eabi/lib/armv7-m\libg.a(lib_a-fwalk.o)
                0x000851d8                _fwalk
 .text.__locale_charset
                0x00085220        0x8 c:/users/yu zhe/appdata/local/arduino15/packages/arduino/tools/arm-none-eabi-gcc/4.8.3-2014q1/bin/../lib/gcc/arm-none-eabi/4.8.3/../../../../arm-none-eabi/lib/armv7-m\libg.a(lib_a-locale.o)
                0x00085220                __locale_charset
 .text.__locale_mb_cur_max
                0x00085228        0xc c:/users/yu zhe/appdata/local/arduino15/packages/arduino/tools/arm-none-eabi-gcc/4.8.3-2014q1/bin/../lib/gcc/arm-none-eabi/4.8.3/../../../../arm-none-eabi/lib/armv7-m\libg.a(lib_a-locale.o)
                0x00085228                __locale_mb_cur_max
 .text.__smakebuf_r
                0x00085234       0xe0 c:/users/yu zhe/appdata/local/arduino15/packages/arduino/tools/arm-none-eabi-gcc/4.8.3-2014q1/bin/../lib/gcc/arm-none-eabi/4.8.3/../../../../arm-none-eabi/lib/armv7-m\libg.a(lib_a-makebuf.o)
                0x00085234                __smakebuf_r
 .text.memchr   0x00085314       0x94 c:/users/yu zhe/appdata/local/arduino15/packages/arduino/tools/arm-none-eabi-gcc/4.8.3-2014q1/bin/../lib/gcc/arm-none-eabi/4.8.3/../../../../arm-none-eabi/lib/armv7-m\libg.a(lib_a-memchr-stub.o)
                0x00085314                memchr
 .text._kill_r  0x000853a8       0x28 c:/users/yu zhe/appdata/local/arduino15/packages/arduino/tools/arm-none-eabi-gcc/4.8.3-2014q1/bin/../lib/gcc/arm-none-eabi/4.8.3/../../../../arm-none-eabi/lib/armv7-m\libg.a(lib_a-signalr.o)
                0x000853a8                _kill_r
 .text.__sread  0x000853d0       0x24 c:/users/yu zhe/appdata/local/arduino15/packages/arduino/tools/arm-none-eabi-gcc/4.8.3-2014q1/bin/../lib/gcc/arm-none-eabi/4.8.3/../../../../arm-none-eabi/lib/armv7-m\libg.a(lib_a-stdio.o)
                0x000853d0                __sread
 .text.__swrite
                0x000853f4       0x38 c:/users/yu zhe/appdata/local/arduino15/packages/arduino/tools/arm-none-eabi-gcc/4.8.3-2014q1/bin/../lib/gcc/arm-none-eabi/4.8.3/../../../../arm-none-eabi/lib/armv7-m\libg.a(lib_a-stdio.o)
                0x000853f4                __swrite
 .text.__sseek  0x0008542c       0x20 c:/users/yu zhe/appdata/local/arduino15/packages/arduino/tools/arm-none-eabi-gcc/4.8.3-2014q1/bin/../lib/gcc/arm-none-eabi/4.8.3/../../../../arm-none-eabi/lib/armv7-m\libg.a(lib_a-stdio.o)
                0x0008542c                __sseek
 .text.__sclose
                0x0008544c        0x8 c:/users/yu zhe/appdata/local/arduino15/packages/arduino/tools/arm-none-eabi-gcc/4.8.3-2014q1/bin/../lib/gcc/arm-none-eabi/4.8.3/../../../../arm-none-eabi/lib/armv7-m\libg.a(lib_a-stdio.o)
                0x0008544c                __sclose
 .text.__swbuf_r
                0x00085454       0xa8 c:/users/yu zhe/appdata/local/arduino15/packages/arduino/tools/arm-none-eabi-gcc/4.8.3-2014q1/bin/../lib/gcc/arm-none-eabi/4.8.3/../../../../arm-none-eabi/lib/armv7-m\libg.a(lib_a-wbuf.o)
                0x00085454                __swbuf_r
 .text._wcrtomb_r
                0x000854fc       0x50 c:/users/yu zhe/appdata/local/arduino15/packages/arduino/tools/arm-none-eabi-gcc/4.8.3-2014q1/bin/../lib/gcc/arm-none-eabi/4.8.3/../../../../arm-none-eabi/lib/armv7-m\libg.a(lib_a-wcrtomb.o)
                0x000854fc                _wcrtomb_r
 .text.__ascii_wctomb
                0x0008554c       0x1c c:/users/yu zhe/appdata/local/arduino15/packages/arduino/tools/arm-none-eabi-gcc/4.8.3-2014q1/bin/../lib/gcc/arm-none-eabi/4.8.3/../../../../arm-none-eabi/lib/armv7-m\libg.a(lib_a-wctomb_r.o)
                0x0008554c                __ascii_wctomb
 .text._write_r
                0x00085568       0x28 c:/users/yu zhe/appdata/local/arduino15/packages/arduino/tools/arm-none-eabi-gcc/4.8.3-2014q1/bin/../lib/gcc/arm-none-eabi/4.8.3/../../../../arm-none-eabi/lib/armv7-m\libg.a(lib_a-writer.o)
                0x00085568                _write_r
 .text.__register_exitproc
                0x00085590       0xa8 c:/users/yu zhe/appdata/local/arduino15/packages/arduino/tools/arm-none-eabi-gcc/4.8.3-2014q1/bin/../lib/gcc/arm-none-eabi/4.8.3/../../../../arm-none-eabi/lib/armv7-m\libg.a(lib_a-__atexit.o)
                0x00085590                __register_exitproc
 .text._close_r
                0x00085638       0x24 c:/users/yu zhe/appdata/local/arduino15/packages/arduino/tools/arm-none-eabi-gcc/4.8.3-2014q1/bin/../lib/gcc/arm-none-eabi/4.8.3/../../../../arm-none-eabi/lib/armv7-m\libg.a(lib_a-closer.o)
                0x00085638                _close_r
 .text._fclose_r
                0x0008565c       0x80 c:/users/yu zhe/appdata/local/arduino15/packages/arduino/tools/arm-none-eabi-gcc/4.8.3-2014q1/bin/../lib/gcc/arm-none-eabi/4.8.3/../../../../arm-none-eabi/lib/armv7-m\libg.a(lib_a-fclose.o)
                0x0008565c                _fclose_r
 .text.fclose   0x000856dc       0x10 c:/users/yu zhe/appdata/local/arduino15/packages/arduino/tools/arm-none-eabi-gcc/4.8.3-2014q1/bin/../lib/gcc/arm-none-eabi/4.8.3/../../../../arm-none-eabi/lib/armv7-m\libg.a(lib_a-fclose.o)
                0x000856dc                fclose
 .text._fstat_r
                0x000856ec       0x28 c:/users/yu zhe/appdata/local/arduino15/packages/arduino/tools/arm-none-eabi-gcc/4.8.3-2014q1/bin/../lib/gcc/arm-none-eabi/4.8.3/../../../../arm-none-eabi/lib/armv7-m\libg.a(lib_a-fstatr.o)
                0x000856ec                _fstat_r
 .text._isatty_r
                0x00085714       0x24 c:/users/yu zhe/appdata/local/arduino15/packages/arduino/tools/arm-none-eabi-gcc/4.8.3-2014q1/bin/../lib/gcc/arm-none-eabi/4.8.3/../../../../arm-none-eabi/lib/armv7-m\libg.a(lib_a-isattyr.o)
                0x00085714                _isatty_r
 .text._lseek_r
                0x00085738       0x28 c:/users/yu zhe/appdata/local/arduino15/packages/arduino/tools/arm-none-eabi-gcc/4.8.3-2014q1/bin/../lib/gcc/arm-none-eabi/4.8.3/../../../../arm-none-eabi/lib/armv7-m\libg.a(lib_a-lseekr.o)
                0x00085738                _lseek_r
 .text._read_r  0x00085760       0x28 c:/users/yu zhe/appdata/local/arduino15/packages/arduino/tools/arm-none-eabi-gcc/4.8.3-2014q1/bin/../lib/gcc/arm-none-eabi/4.8.3/../../../../arm-none-eabi/lib/armv7-m\libg.a(lib_a-readr.o)
                0x00085760                _read_r
 .text          0x00085788       0x2c c:/users/yu zhe/appdata/local/arduino15/packages/arduino/tools/arm-none-eabi-gcc/4.8.3-2014q1/bin/../lib/gcc/arm-none-eabi/4.8.3/armv7-m\libgcc.a(_aeabi_uldivmod.o)
                0x00085788                __aeabi_uldivmod
 .text          0x000857b4       0x60 c:/users/yu zhe/appdata/local/arduino15/packages/arduino/tools/arm-none-eabi-gcc/4.8.3-2014q1/bin/../lib/gcc/arm-none-eabi/4.8.3/armv7-m\libgcc.a(bpabi.o)
                0x000857b4                __gnu_ldivmod_helper
                0x000857e4                __gnu_uldivmod_helper
 .text          0x00085814        0x4 c:/users/yu zhe/appdata/local/arduino15/packages/arduino/tools/arm-none-eabi-gcc/4.8.3-2014q1/bin/../lib/gcc/arm-none-eabi/4.8.3/armv7-m\libgcc.a(_dvmd_tls.o)
                0x00085814                __aeabi_idiv0
                0x00085814                __aeabi_ldiv0
 .text          0x00085818      0x2a0 c:/users/yu zhe/appdata/local/arduino15/packages/arduino/tools/arm-none-eabi-gcc/4.8.3-2014q1/bin/../lib/gcc/arm-none-eabi/4.8.3/armv7-m\libgcc.a(_divdi3.o)
                0x00085818                __divdi3
 .text          0x00085ab8      0x290 c:/users/yu zhe/appdata/local/arduino15/packages/arduino/tools/arm-none-eabi-gcc/4.8.3-2014q1/bin/../lib/gcc/arm-none-eabi/4.8.3/armv7-m\libgcc.a(_udivdi3.o)
                0x00085ab8                __udivdi3
 *(.glue_7t)
 .glue_7t       0x00000000        0x0 linker stubs
 *(.glue_7)
 .glue_7        0x00000000        0x0 linker stubs
 *(.rodata .rodata* .gnu.linkonce.r.*)
 .rodata.str1.1
                0x00085d48       0x21 C:\Users\Yu Zhe\AppData\Local\Temp\VMBuilds\PID1\arduino_due_x_dbg\Debug\PID1.cpp.o
 .rodata.str1.1
                0x00085d69       0x6a C:\Users\Yu Zhe\AppData\Local\Temp\VMBuilds\PID1\arduino_due_x_dbg\Debug\VM_DBG\VM_DBG.cpp.o
                                 0x6c (size before relaxing)
 *fill*         0x00085dd3        0x1 
 .rodata.g_APinDescription
                0x00085dd4      0xa2c C:\Users\Yu Zhe\AppData\Local\Temp\VMBuilds\PID1\arduino_due_x_dbg\Debug\variant\variant.cpp.o
                0x00085dd4                g_APinDescription
 .rodata        0x00086800       0x40 C:\Users\Yu Zhe\AppData\Local\arduino15\packages\arduino\hardware\sam\1.6.11\variants\arduino_due_x/libsam_sam3x8e_gcc_rel.a(adc.o)
 .rodata.str1.1
                0x00086840       0x19 C:\Users\Yu Zhe\AppData\Local\Temp\VMBuilds\PID1\arduino_due_x_dbg\Debug/core.a(syscalls_sam3.c.o)
 *fill*         0x00086859        0x7 
 .rodata._ZTV9UARTClass
                0x00086860       0x30 C:\Users\Yu Zhe\AppData\Local\Temp\VMBuilds\PID1\arduino_due_x_dbg\Debug/core.a(UARTClass.cpp.o)
                0x00086860                vtable for UARTClass
 .rodata._ZTV10USARTClass
                0x00086890       0x30 C:\Users\Yu Zhe\AppData\Local\Temp\VMBuilds\PID1\arduino_due_x_dbg\Debug/core.a(USARTClass.cpp.o)
                0x00086890                vtable for USARTClass
 .rodata._ZTV7Serial_
                0x000868c0       0x28 C:\Users\Yu Zhe\AppData\Local\Temp\VMBuilds\PID1\arduino_due_x_dbg\Debug/core.a(CDC.cpp.o)
                0x000868c0                vtable for Serial_
 .rodata._ZL18_cdcOtherInterface
                0x000868e8       0x42 C:\Users\Yu Zhe\AppData\Local\Temp\VMBuilds\PID1\arduino_due_x_dbg\Debug/core.a(CDC.cpp.o)
 .rodata._ZL13_cdcInterface
                0x0008692a       0x42 C:\Users\Yu Zhe\AppData\Local\Temp\VMBuilds\PID1\arduino_due_x_dbg\Debug/core.a(CDC.cpp.o)
 .rodata.STRING_PRODUCT
                0x0008696c        0xc C:\Users\Yu Zhe\AppData\Local\Temp\VMBuilds\PID1\arduino_due_x_dbg\Debug/core.a(USBCore.cpp.o)
                0x0008696c                STRING_PRODUCT
 .rodata.USB_DeviceDescriptor
                0x00086978       0x12 C:\Users\Yu Zhe\AppData\Local\Temp\VMBuilds\PID1\arduino_due_x_dbg\Debug/core.a(USBCore.cpp.o)
                0x00086978                USB_DeviceDescriptor
 .rodata.STRING_LANGUAGE
                0x0008698a        0x4 C:\Users\Yu Zhe\AppData\Local\Temp\VMBuilds\PID1\arduino_due_x_dbg\Debug/core.a(USBCore.cpp.o)
                0x0008698a                STRING_LANGUAGE
 .rodata._ZL18test_packet_buffer
                0x0008698e       0x35 C:\Users\Yu Zhe\AppData\Local\Temp\VMBuilds\PID1\arduino_due_x_dbg\Debug/core.a(USBCore.cpp.o)
 .rodata.STRING_MANUFACTURER
                0x000869c3        0xc C:\Users\Yu Zhe\AppData\Local\Temp\VMBuilds\PID1\arduino_due_x_dbg\Debug/core.a(USBCore.cpp.o)
                0x000869c3                STRING_MANUFACTURER
 .rodata.USB_DeviceDescriptorA
                0x000869cf       0x12 C:\Users\Yu Zhe\AppData\Local\Temp\VMBuilds\PID1\arduino_due_x_dbg\Debug/core.a(USBCore.cpp.o)
                0x000869cf                USB_DeviceDescriptorA
 .rodata._ZL19USB_DeviceQualifier
                0x000869e1        0x9 C:\Users\Yu Zhe\AppData\Local\Temp\VMBuilds\PID1\arduino_due_x_dbg\Debug/core.a(USBCore.cpp.o)
 *fill*         0x000869ea        0x2 
 .rodata.str1.4
                0x000869ec        0x2 c:/users/yu zhe/appdata/local/arduino15/packages/arduino/tools/arm-none-eabi-gcc/4.8.3-2014q1/bin/../lib/gcc/arm-none-eabi/4.8.3/../../../../arm-none-eabi/lib/armv7-m\libg.a(lib_a-impure.o)
                                  0x4 (size before relaxing)
 *fill*         0x000869ee        0x2 
 .rodata._global_impure_ptr
                0x000869f0        0x4 c:/users/yu zhe/appdata/local/arduino15/packages/arduino/tools/arm-none-eabi-gcc/4.8.3-2014q1/bin/../lib/gcc/arm-none-eabi/4.8.3/../../../../arm-none-eabi/lib/armv7-m\libg.a(lib_a-impure.o)
                0x000869f0                _global_impure_ptr
 .rodata.blanks.6717
                0x000869f4       0x10 c:/users/yu zhe/appdata/local/arduino15/packages/arduino/tools/arm-none-eabi-gcc/4.8.3-2014q1/bin/../lib/gcc/arm-none-eabi/4.8.3/../../../../arm-none-eabi/lib/armv7-m\libg.a(lib_a-vfiprintf.o)
 .rodata.str1.4
                0x00086a04       0x30 c:/users/yu zhe/appdata/local/arduino15/packages/arduino/tools/arm-none-eabi-gcc/4.8.3-2014q1/bin/../lib/gcc/arm-none-eabi/4.8.3/../../../../arm-none-eabi/lib/armv7-m\libg.a(lib_a-vfiprintf.o)
 .rodata.zeroes.6718
                0x00086a34       0x10 c:/users/yu zhe/appdata/local/arduino15/packages/arduino/tools/arm-none-eabi-gcc/4.8.3-2014q1/bin/../lib/gcc/arm-none-eabi/4.8.3/../../../../arm-none-eabi/lib/armv7-m\libg.a(lib_a-vfiprintf.o)
 *(.ARM.extab* .gnu.linkonce.armextab.*)
                0x00086a44                . = ALIGN (0x4)
 *(.init)
 .init          0x00086a44        0x4 c:/users/yu zhe/appdata/local/arduino15/packages/arduino/tools/arm-none-eabi-gcc/4.8.3-2014q1/bin/../lib/gcc/arm-none-eabi/4.8.3/armv7-m/crti.o
                0x00086a44                _init
 .init          0x00086a48        0x8 c:/users/yu zhe/appdata/local/arduino15/packages/arduino/tools/arm-none-eabi-gcc/4.8.3-2014q1/bin/../lib/gcc/arm-none-eabi/4.8.3/armv7-m/crtn.o
                0x00086a50                . = ALIGN (0x4)
                0x00086a50                __preinit_array_start = .
 *(.preinit_array)
                0x00086a50                __preinit_array_end = .
                0x00086a50                . = ALIGN (0x4)
                0x00086a50                __init_array_start = .
 *(SORT(.init_array.*))
 .init_array.00000
                0x00086a50        0x4 c:/users/yu zhe/appdata/local/arduino15/packages/arduino/tools/arm-none-eabi-gcc/4.8.3-2014q1/bin/../lib/gcc/arm-none-eabi/4.8.3/../../../../arm-none-eabi/lib/armv7-m\libg.a(lib_a-__call_atexit.o)
 *(.init_array)
 .init_array    0x00086a54        0x4 c:/users/yu zhe/appdata/local/arduino15/packages/arduino/tools/arm-none-eabi-gcc/4.8.3-2014q1/bin/../lib/gcc/arm-none-eabi/4.8.3/armv7-m/crtbegin.o
 .init_array    0x00086a58        0x4 C:\Users\Yu Zhe\AppData\Local\Temp\VMBuilds\PID1\arduino_due_x_dbg\Debug\PID1.cpp.o
 .init_array    0x00086a5c        0x4 C:\Users\Yu Zhe\AppData\Local\Temp\VMBuilds\PID1\arduino_due_x_dbg\Debug\PID.cpp.o
 .init_array    0x00086a60        0x4 C:\Users\Yu Zhe\AppData\Local\Temp\VMBuilds\PID1\arduino_due_x_dbg\Debug\Timer.cpp.o
 .init_array    0x00086a64        0x4 C:\Users\Yu Zhe\AppData\Local\Temp\VMBuilds\PID1\arduino_due_x_dbg\Debug\VM_DBG\VM_DBG.cpp.o
 .init_array    0x00086a68        0x4 C:\Users\Yu Zhe\AppData\Local\Temp\VMBuilds\PID1\arduino_due_x_dbg\Debug\variant\variant.cpp.o
 .init_array    0x00086a6c        0x4 C:\Users\Yu Zhe\AppData\Local\Temp\VMBuilds\PID1\arduino_due_x_dbg\Debug/core.a(CDC.cpp.o)
 .init_array    0x00086a70        0x4 C:\Users\Yu Zhe\AppData\Local\Temp\VMBuilds\PID1\arduino_due_x_dbg\Debug/core.a(USBCore.cpp.o)
                0x00086a74                __init_array_end = .
                0x00086a74                . = ALIGN (0x4)
 *crtbegin.o(.ctors)
 *(EXCLUDE_FILE(*crtend.o) .ctors)
 *(SORT(.ctors.*))
 *crtend.o(.ctors)
                0x00086a74                . = ALIGN (0x4)
 *(.fini)
 .fini          0x00086a74        0x4 c:/users/yu zhe/appdata/local/arduino15/packages/arduino/tools/arm-none-eabi-gcc/4.8.3-2014q1/bin/../lib/gcc/arm-none-eabi/4.8.3/armv7-m/crti.o
                0x00086a74                _fini
 .fini          0x00086a78        0x8 c:/users/yu zhe/appdata/local/arduino15/packages/arduino/tools/arm-none-eabi-gcc/4.8.3-2014q1/bin/../lib/gcc/arm-none-eabi/4.8.3/armv7-m/crtn.o
                0x00086a80                . = ALIGN (0x4)
                0x00086a80                __fini_array_start = .
 *(.fini_array)
 .fini_array    0x00086a80        0x4 c:/users/yu zhe/appdata/local/arduino15/packages/arduino/tools/arm-none-eabi-gcc/4.8.3-2014q1/bin/../lib/gcc/arm-none-eabi/4.8.3/armv7-m/crtbegin.o
 *(SORT(.fini_array.*))
                0x00086a84                __fini_array_end = .
 *crtbegin.o(.dtors)
 *(EXCLUDE_FILE(*crtend.o) .dtors)
 *(SORT(.dtors.*))
 *crtend.o(.dtors)
                0x00086a84                . = ALIGN (0x4)
                0x00086a84                _efixed = .
                0x00086a84                PROVIDE (__exidx_start, .)

.vfp11_veneer   0x00086a84        0x0
 .vfp11_veneer  0x00000000        0x0 linker stubs

.v4_bx          0x00086a84        0x0
 .v4_bx         0x00000000        0x0 linker stubs

.iplt           0x00086a84        0x0
 .iplt          0x00000000        0x0 c:/users/yu zhe/appdata/local/arduino15/packages/arduino/tools/arm-none-eabi-gcc/4.8.3-2014q1/bin/../lib/gcc/arm-none-eabi/4.8.3/armv7-m/crtbegin.o

.ARM.exidx      0x00086a84        0x8
 *(.ARM.exidx* .gnu.linkonce.armexidx.*)
 .ARM.exidx     0x00086a84        0x8 c:/users/yu zhe/appdata/local/arduino15/packages/arduino/tools/arm-none-eabi-gcc/4.8.3-2014q1/bin/../lib/gcc/arm-none-eabi/4.8.3/armv7-m\libgcc.a(_divdi3.o)
 .ARM.exidx     0x00086a8c        0x0 c:/users/yu zhe/appdata/local/arduino15/packages/arduino/tools/arm-none-eabi-gcc/4.8.3-2014q1/bin/../lib/gcc/arm-none-eabi/4.8.3/armv7-m\libgcc.a(_udivdi3.o)
                                  0x8 (size before relaxing)
                0x00086a8c                PROVIDE (__exidx_end, .)

.eh_frame       0x00086a8c        0x0
 .eh_frame      0x00086a8c        0x0 c:/users/yu zhe/appdata/local/arduino15/packages/arduino/tools/arm-none-eabi-gcc/4.8.3-2014q1/bin/../lib/gcc/arm-none-eabi/4.8.3/armv7-m/crtbegin.o

.rel.dyn        0x00086a8c        0x0
 .rel.iplt      0x00000000        0x0 c:/users/yu zhe/appdata/local/arduino15/packages/arduino/tools/arm-none-eabi-gcc/4.8.3-2014q1/bin/../lib/gcc/arm-none-eabi/4.8.3/armv7-m/crtbegin.o

.jcr            0x00086a8c        0x0
 .jcr           0x00086a8c        0x0 c:/users/yu zhe/appdata/local/arduino15/packages/arduino/tools/arm-none-eabi-gcc/4.8.3-2014q1/bin/../lib/gcc/arm-none-eabi/4.8.3/armv7-m/crtbegin.o

.igot.plt       0x00086a8c        0x0
 .igot.plt      0x00000000        0x0 c:/users/yu zhe/appdata/local/arduino15/packages/arduino/tools/arm-none-eabi-gcc/4.8.3-2014q1/bin/../lib/gcc/arm-none-eabi/4.8.3/armv7-m/crtbegin.o
                0x00086a8c                . = ALIGN (0x4)
                0x00086a8c                _etext = .

.relocate       0x20070000      0x8dc load address 0x00086a8c
                0x20070000                . = ALIGN (0x4)
                0x20070000                _srelocate = .
 *(.ramfunc .ramfunc.*)
 .ramfunc       0x20070000       0x2c C:\Users\Yu Zhe\AppData\Local\Temp\VMBuilds\PID1\arduino_due_x_dbg\Debug/core.a(Reset.cpp.o)
                0x20070000                banzai
 *(.data .data.*)
 .data.A        0x2007002c        0x4 C:\Users\Yu Zhe\AppData\Local\Temp\VMBuilds\PID1\arduino_due_x_dbg\Debug\PID1.cpp.o
                0x2007002c                A
 .data.B        0x20070030        0x4 C:\Users\Yu Zhe\AppData\Local\Temp\VMBuilds\PID1\arduino_due_x_dbg\Debug\PID1.cpp.o
                0x20070030                B
 .data.button   0x20070034        0x4 C:\Users\Yu Zhe\AppData\Local\Temp\VMBuilds\PID1\arduino_due_x_dbg\Debug\PID1.cpp.o
                0x20070034                button
 .data.SystemCoreClock
                0x20070038        0x4 C:\Users\Yu Zhe\AppData\Local\arduino15\packages\arduino\hardware\sam\1.6.11\variants\arduino_due_x/libsam_sam3x8e_gcc_rel.a(system_sam3xa.o)
                0x20070038                SystemCoreClock
 .data._ZL5ticks
                0x2007003c        0x4 C:\Users\Yu Zhe\AppData\Local\Temp\VMBuilds\PID1\arduino_due_x_dbg\Debug/core.a(Reset.cpp.o)
 .data._ZL10breakValue
                0x20070040        0x4 C:\Users\Yu Zhe\AppData\Local\Temp\VMBuilds\PID1\arduino_due_x_dbg\Debug/core.a(CDC.cpp.o)
 .data._ZL12_usbLineInfo
                0x20070044        0x8 C:\Users\Yu Zhe\AppData\Local\Temp\VMBuilds\PID1\arduino_due_x_dbg\Debug/core.a(CDC.cpp.o)
 .data.EndPoints
                0x2007004c       0x28 C:\Users\Yu Zhe\AppData\Local\Temp\VMBuilds\PID1\arduino_due_x_dbg\Debug/core.a(USBCore.cpp.o)
                0x2007004c                EndPoints
 .data.g_interrupt_enabled
                0x20070074        0x4 C:\Users\Yu Zhe\AppData\Local\arduino15\packages\arduino\hardware\sam\1.6.11\variants\arduino_due_x/libsam_sam3x8e_gcc_rel.a(interrupt_sam_nvic.o)
                0x20070074                g_interrupt_enabled
 .data.impure_data
                0x20070078      0x428 c:/users/yu zhe/appdata/local/arduino15/packages/arduino/tools/arm-none-eabi-gcc/4.8.3-2014q1/bin/../lib/gcc/arm-none-eabi/4.8.3/../../../../arm-none-eabi/lib/armv7-m\libg.a(lib_a-impure.o)
 .data._impure_ptr
                0x200704a0        0x4 c:/users/yu zhe/appdata/local/arduino15/packages/arduino/tools/arm-none-eabi-gcc/4.8.3-2014q1/bin/../lib/gcc/arm-none-eabi/4.8.3/../../../../arm-none-eabi/lib/armv7-m\libg.a(lib_a-impure.o)
                0x200704a0                _impure_ptr
 .data.__malloc_av_
                0x200704a4      0x408 c:/users/yu zhe/appdata/local/arduino15/packages/arduino/tools/arm-none-eabi-gcc/4.8.3-2014q1/bin/../lib/gcc/arm-none-eabi/4.8.3/../../../../arm-none-eabi/lib/armv7-m\libg.a(lib_a-mallocr.o)
                0x200704a4                __malloc_av_
 .data.__malloc_trim_threshold
                0x200708ac        0x4 c:/users/yu zhe/appdata/local/arduino15/packages/arduino/tools/arm-none-eabi-gcc/4.8.3-2014q1/bin/../lib/gcc/arm-none-eabi/4.8.3/../../../../arm-none-eabi/lib/armv7-m\libg.a(lib_a-mallocr.o)
                0x200708ac                __malloc_trim_threshold
 .data.__malloc_sbrk_base
                0x200708b0        0x4 c:/users/yu zhe/appdata/local/arduino15/packages/arduino/tools/arm-none-eabi-gcc/4.8.3-2014q1/bin/../lib/gcc/arm-none-eabi/4.8.3/../../../../arm-none-eabi/lib/armv7-m\libg.a(lib_a-mallocr.o)
                0x200708b0                __malloc_sbrk_base
 .data.lc_ctype_charset
                0x200708b4       0x20 c:/users/yu zhe/appdata/local/arduino15/packages/arduino/tools/arm-none-eabi-gcc/4.8.3-2014q1/bin/../lib/gcc/arm-none-eabi/4.8.3/../../../../arm-none-eabi/lib/armv7-m\libg.a(lib_a-locale.o)
 .data.__mb_cur_max
                0x200708d4        0x4 c:/users/yu zhe/appdata/local/arduino15/packages/arduino/tools/arm-none-eabi-gcc/4.8.3-2014q1/bin/../lib/gcc/arm-none-eabi/4.8.3/../../../../arm-none-eabi/lib/armv7-m\libg.a(lib_a-locale.o)
                0x200708d4                __mb_cur_max
 .data.__wctomb
                0x200708d8        0x4 c:/users/yu zhe/appdata/local/arduino15/packages/arduino/tools/arm-none-eabi-gcc/4.8.3-2014q1/bin/../lib/gcc/arm-none-eabi/4.8.3/../../../../arm-none-eabi/lib/armv7-m\libg.a(lib_a-wctomb_r.o)
                0x200708d8                __wctomb
                0x200708dc                . = ALIGN (0x4)
                0x200708dc                _erelocate = .

.bss            0x200708dc      0xad0 load address 0x00087368
                0x200708dc                . = ALIGN (0x4)
                0x200708dc                _sbss = .
                0x200708dc                _szero = .
 *(.bss .bss.*)
 .bss           0x200708dc       0x1c c:/users/yu zhe/appdata/local/arduino15/packages/arduino/tools/arm-none-eabi-gcc/4.8.3-2014q1/bin/../lib/gcc/arm-none-eabi/4.8.3/armv7-m/crtbegin.o
 .bss.ST        0x200708f8        0x8 C:\Users\Yu Zhe\AppData\Local\Temp\VMBuilds\PID1\arduino_due_x_dbg\Debug\PID1.cpp.o
                0x200708f8                ST
 .bss.pid       0x20070900       0x24 C:\Users\Yu Zhe\AppData\Local\Temp\VMBuilds\PID1\arduino_due_x_dbg\Debug\PID1.cpp.o
                0x20070900                pid
 .bss.enCounter
                0x20070924        0x4 C:\Users\Yu Zhe\AppData\Local\Temp\VMBuilds\PID1\arduino_due_x_dbg\Debug\PID1.cpp.o
                0x20070924                enCounter
 .bss.PID       0x20070928       0x24 C:\Users\Yu Zhe\AppData\Local\Temp\VMBuilds\PID1\arduino_due_x_dbg\Debug\PID.cpp.o
                0x20070928                PID
 .bss.Timer     0x2007094c        0x4 C:\Users\Yu Zhe\AppData\Local\Temp\VMBuilds\PID1\arduino_due_x_dbg\Debug\Timer.cpp.o
                0x2007094c                Timer
 .bss.MicroDebug
                0x20070950       0x4c C:\Users\Yu Zhe\AppData\Local\Temp\VMBuilds\PID1\arduino_due_x_dbg\Debug\VM_DBG\VM_DBG.cpp.o
                0x20070950                MicroDebug
 .bss.tx_buffer2
                0x2007099c       0x88 C:\Users\Yu Zhe\AppData\Local\Temp\VMBuilds\PID1\arduino_due_x_dbg\Debug\variant\variant.cpp.o
                0x2007099c                tx_buffer2
 .bss.tx_buffer1
                0x20070a24       0x88 C:\Users\Yu Zhe\AppData\Local\Temp\VMBuilds\PID1\arduino_due_x_dbg\Debug\variant\variant.cpp.o
                0x20070a24                tx_buffer1
 .bss.Serial    0x20070aac       0x24 C:\Users\Yu Zhe\AppData\Local\Temp\VMBuilds\PID1\arduino_due_x_dbg\Debug\variant\variant.cpp.o
                0x20070aac                Serial
 .bss.rx_buffer1
                0x20070ad0       0x88 C:\Users\Yu Zhe\AppData\Local\Temp\VMBuilds\PID1\arduino_due_x_dbg\Debug\variant\variant.cpp.o
                0x20070ad0                rx_buffer1
 .bss.Serial1   0x20070b58       0x28 C:\Users\Yu Zhe\AppData\Local\Temp\VMBuilds\PID1\arduino_due_x_dbg\Debug\variant\variant.cpp.o
                0x20070b58                Serial1
 .bss.Serial2   0x20070b80       0x28 C:\Users\Yu Zhe\AppData\Local\Temp\VMBuilds\PID1\arduino_due_x_dbg\Debug\variant\variant.cpp.o
                0x20070b80                Serial2
 .bss.Serial3   0x20070ba8       0x28 C:\Users\Yu Zhe\AppData\Local\Temp\VMBuilds\PID1\arduino_due_x_dbg\Debug\variant\variant.cpp.o
                0x20070ba8                Serial3
 .bss.tx_buffer3
                0x20070bd0       0x88 C:\Users\Yu Zhe\AppData\Local\Temp\VMBuilds\PID1\arduino_due_x_dbg\Debug\variant\variant.cpp.o
                0x20070bd0                tx_buffer3
 .bss.tx_buffer4
                0x20070c58       0x88 C:\Users\Yu Zhe\AppData\Local\Temp\VMBuilds\PID1\arduino_due_x_dbg\Debug\variant\variant.cpp.o
                0x20070c58                tx_buffer4
 .bss.g_pinStatus
                0x20070ce0       0x4f C:\Users\Yu Zhe\AppData\Local\Temp\VMBuilds\PID1\arduino_due_x_dbg\Debug\variant\variant.cpp.o
                0x20070ce0                g_pinStatus
 *fill*         0x20070d2f        0x1 
 .bss.rx_buffer2
                0x20070d30       0x88 C:\Users\Yu Zhe\AppData\Local\Temp\VMBuilds\PID1\arduino_due_x_dbg\Debug\variant\variant.cpp.o
                0x20070d30                rx_buffer2
 .bss.rx_buffer3
                0x20070db8       0x88 C:\Users\Yu Zhe\AppData\Local\Temp\VMBuilds\PID1\arduino_due_x_dbg\Debug\variant\variant.cpp.o
                0x20070db8                rx_buffer3
 .bss.rx_buffer4
                0x20070e40       0x88 C:\Users\Yu Zhe\AppData\Local\Temp\VMBuilds\PID1\arduino_due_x_dbg\Debug\variant\variant.cpp.o
                0x20070e40                rx_buffer4
 .bss.gpf_isr   0x20070ec8        0x4 C:\Users\Yu Zhe\AppData\Local\arduino15\packages\arduino\hardware\sam\1.6.11\variants\arduino_due_x/libsam_sam3x8e_gcc_rel.a(uotghs.o)
                0x20070ec8                gpf_isr
 .bss.heap.6420
                0x20070ecc        0x4 C:\Users\Yu Zhe\AppData\Local\Temp\VMBuilds\PID1\arduino_due_x_dbg\Debug/core.a(syscalls_sam3.c.o)
 .bss.enabled.9380
                0x20070ed0        0x4 C:\Users\Yu Zhe\AppData\Local\Temp\VMBuilds\PID1\arduino_due_x_dbg\Debug/core.a(WInterrupts.c.o)
 .bss.callbacksPioA
                0x20070ed4       0x80 C:\Users\Yu Zhe\AppData\Local\Temp\VMBuilds\PID1\arduino_due_x_dbg\Debug/core.a(WInterrupts.c.o)
 .bss.callbacksPioB
                0x20070f54       0x80 C:\Users\Yu Zhe\AppData\Local\Temp\VMBuilds\PID1\arduino_due_x_dbg\Debug/core.a(WInterrupts.c.o)
 .bss.callbacksPioC
                0x20070fd4       0x80 C:\Users\Yu Zhe\AppData\Local\Temp\VMBuilds\PID1\arduino_due_x_dbg\Debug/core.a(WInterrupts.c.o)
 .bss.callbacksPioD
                0x20071054       0x80 C:\Users\Yu Zhe\AppData\Local\Temp\VMBuilds\PID1\arduino_due_x_dbg\Debug/core.a(WInterrupts.c.o)
 .bss.cdc_rx_buffer
                0x200710d4      0x208 C:\Users\Yu Zhe\AppData\Local\Temp\VMBuilds\PID1\arduino_due_x_dbg\Debug/core.a(CDC.cpp.o)
                0x200710d4                cdc_rx_buffer
 .bss._ZZN7Serial_6acceptEvE5guard
                0x200712dc        0x4 C:\Users\Yu Zhe\AppData\Local\Temp\VMBuilds\PID1\arduino_due_x_dbg\Debug/core.a(CDC.cpp.o)
 .bss.SerialUSB
                0x200712e0       0x14 C:\Users\Yu Zhe\AppData\Local\Temp\VMBuilds\PID1\arduino_due_x_dbg\Debug/core.a(CDC.cpp.o)
                0x200712e0                SerialUSB
 .bss._cmark    0x200712f4        0x2 C:\Users\Yu Zhe\AppData\Local\Temp\VMBuilds\PID1\arduino_due_x_dbg\Debug/core.a(USBCore.cpp.o)
                0x200712f4                _cmark
 .bss._ZL14isEndpointHalt
                0x200712f6        0x1 C:\Users\Yu Zhe\AppData\Local\Temp\VMBuilds\PID1\arduino_due_x_dbg\Debug/core.a(USBCore.cpp.o)
 *fill*         0x200712f7        0x1 
 .bss._cdcComposite
                0x200712f8        0x4 C:\Users\Yu Zhe\AppData\Local\Temp\VMBuilds\PID1\arduino_due_x_dbg\Debug/core.a(USBCore.cpp.o)
                0x200712f8                _cdcComposite
 .bss._ZL21isRemoteWakeUpEnabled
                0x200712fc        0x1 C:\Users\Yu Zhe\AppData\Local\Temp\VMBuilds\PID1\arduino_due_x_dbg\Debug/core.a(USBCore.cpp.o)
 *fill*         0x200712fd        0x3 
 .bss._usbInitialized
                0x20071300        0x4 C:\Users\Yu Zhe\AppData\Local\Temp\VMBuilds\PID1\arduino_due_x_dbg\Debug/core.a(USBCore.cpp.o)
                0x20071300                _usbInitialized
 .bss.USBDevice
                0x20071304        0x1 C:\Users\Yu Zhe\AppData\Local\Temp\VMBuilds\PID1\arduino_due_x_dbg\Debug/core.a(USBCore.cpp.o)
                0x20071304                USBDevice
 *fill*         0x20071305        0x3 
 .bss._usbSetInterface
                0x20071308        0x4 C:\Users\Yu Zhe\AppData\Local\Temp\VMBuilds\PID1\arduino_due_x_dbg\Debug/core.a(USBCore.cpp.o)
                0x20071308                _usbSetInterface
 .bss._cend     0x2007130c        0x2 C:\Users\Yu Zhe\AppData\Local\Temp\VMBuilds\PID1\arduino_due_x_dbg\Debug/core.a(USBCore.cpp.o)
                0x2007130c                _cend
 *fill*         0x2007130e        0x2 
 .bss._usbConfiguration
                0x20071310        0x4 C:\Users\Yu Zhe\AppData\Local\Temp\VMBuilds\PID1\arduino_due_x_dbg\Debug/core.a(USBCore.cpp.o)
                0x20071310                _usbConfiguration
 .bss._ZZ12PluggableUSBvE3obj
                0x20071314        0x8 C:\Users\Yu Zhe\AppData\Local\Temp\VMBuilds\PID1\arduino_due_x_dbg\Debug/core.a(PluggableUSB.cpp.o)
 .bss._ZGVZ12PluggableUSBvE3obj
                0x2007131c        0x4 C:\Users\Yu Zhe\AppData\Local\Temp\VMBuilds\PID1\arduino_due_x_dbg\Debug/core.a(PluggableUSB.cpp.o)
 .bss._dwTickCount
                0x20071320        0x4 C:\Users\Yu Zhe\AppData\Local\arduino15\packages\arduino\hardware\sam\1.6.11\variants\arduino_due_x/libsam_sam3x8e_gcc_rel.a(timetick.o)
 .bss.ul_recv_fifo_ptr
                0x20071324       0x28 C:\Users\Yu Zhe\AppData\Local\arduino15\packages\arduino\hardware\sam\1.6.11\variants\arduino_due_x/libsam_sam3x8e_gcc_rel.a(uotghs_device.o)
 .bss.ul_send_fifo_ptr
                0x2007134c       0x28 C:\Users\Yu Zhe\AppData\Local\arduino15\packages\arduino\hardware\sam\1.6.11\variants\arduino_due_x/libsam_sam3x8e_gcc_rel.a(uotghs_device.o)
 .bss.__malloc_max_total_mem
                0x20071374        0x4 c:/users/yu zhe/appdata/local/arduino15/packages/arduino/tools/arm-none-eabi-gcc/4.8.3-2014q1/bin/../lib/gcc/arm-none-eabi/4.8.3/../../../../arm-none-eabi/lib/armv7-m\libg.a(lib_a-mallocr.o)
                0x20071374                __malloc_max_total_mem
 .bss.__malloc_max_sbrked_mem
                0x20071378        0x4 c:/users/yu zhe/appdata/local/arduino15/packages/arduino/tools/arm-none-eabi-gcc/4.8.3-2014q1/bin/../lib/gcc/arm-none-eabi/4.8.3/../../../../arm-none-eabi/lib/armv7-m\libg.a(lib_a-mallocr.o)
                0x20071378                __malloc_max_sbrked_mem
 .bss.__malloc_top_pad
                0x2007137c        0x4 c:/users/yu zhe/appdata/local/arduino15/packages/arduino/tools/arm-none-eabi-gcc/4.8.3-2014q1/bin/../lib/gcc/arm-none-eabi/4.8.3/../../../../arm-none-eabi/lib/armv7-m\libg.a(lib_a-mallocr.o)
                0x2007137c                __malloc_top_pad
 .bss.__malloc_current_mallinfo
                0x20071380       0x28 c:/users/yu zhe/appdata/local/arduino15/packages/arduino/tools/arm-none-eabi-gcc/4.8.3-2014q1/bin/../lib/gcc/arm-none-eabi/4.8.3/../../../../arm-none-eabi/lib/armv7-m\libg.a(lib_a-mallocr.o)
                0x20071380                __malloc_current_mallinfo
 *(COMMON)
 COMMON         0x200713a8        0x4 c:/users/yu zhe/appdata/local/arduino15/packages/arduino/tools/arm-none-eabi-gcc/4.8.3-2014q1/bin/../lib/gcc/arm-none-eabi/4.8.3/../../../../arm-none-eabi/lib/armv7-m\libg.a(lib_a-reent.o)
                0x200713a8                errno
                0x200713ac                . = ALIGN (0x4)
                0x200713ac                _ebss = .
                0x200713ac                _ezero = .
                0x200713ac                . = ALIGN (0x4)
                0x200713ac                _end = .

.stack_dummy    0x200713ac        0x0
 *(.stack*)
                0x20088000                __StackTop = (ORIGIN (ram) + 0x18000)
                0x20088000                __StackLimit = (__StackTop - SIZEOF (.stack_dummy))
                0x20088000                PROVIDE (_sstack, __StackLimit)
                0x20088000                PROVIDE (_estack, __StackTop)
OUTPUT(C:\Users\Yu Zhe\AppData\Local\Temp\VMBuilds\PID1\arduino_due_x_dbg\Debug/PID1.ino.elf elf32-littlearm)

.ARM.attributes
                0x00000000       0x29
 .ARM.attributes
                0x00000000       0x1d c:/users/yu zhe/appdata/local/arduino15/packages/arduino/tools/arm-none-eabi-gcc/4.8.3-2014q1/bin/../lib/gcc/arm-none-eabi/4.8.3/armv7-m/crti.o
 .ARM.attributes
                0x0000001d       0x2d c:/users/yu zhe/appdata/local/arduino15/packages/arduino/tools/arm-none-eabi-gcc/4.8.3-2014q1/bin/../lib/gcc/arm-none-eabi/4.8.3/armv7-m/crtbegin.o
 .ARM.attributes